Archive member included to satisfy reference by file (symbol)

C:/Users/sean/.pico-sdk/toolchain/14_2_Rel1/bin/../lib/gcc/arm-none-eabi/14.2.1/thumb/v6-m/nofp\libstdc++.a(class_type_info.o)
                              CMakeFiles/Bg_Reader.dir/quadrature_encoder.cpp.obj (vtable for __cxxabiv1::__class_type_info)
C:/Users/sean/.pico-sdk/toolchain/14_2_Rel1/bin/../lib/gcc/arm-none-eabi/14.2.1/thumb/v6-m/nofp\libstdc++.a(del_ops.o)
                              C:/Users/sean/.pico-sdk/toolchain/14_2_Rel1/bin/../lib/gcc/arm-none-eabi/14.2.1/thumb/v6-m/nofp\libstdc++.a(class_type_info.o) (operator delete(void*, unsigned int))
C:/Users/sean/.pico-sdk/toolchain/14_2_Rel1/bin/../lib/gcc/arm-none-eabi/14.2.1/thumb/v6-m/nofp\libstdc++.a(si_class_type_info.o)
                              CMakeFiles/Bg_Reader.dir/indexed_encoder.cpp.obj (vtable for __cxxabiv1::__si_class_type_info)
C:/Users/sean/.pico-sdk/toolchain/14_2_Rel1/bin/../lib/gcc/arm-none-eabi/14.2.1/thumb/v6-m/nofp\libstdc++.a(tinfo.o)
                              C:/Users/sean/.pico-sdk/toolchain/14_2_Rel1/bin/../lib/gcc/arm-none-eabi/14.2.1/thumb/v6-m/nofp\libstdc++.a(class_type_info.o) (std::type_info::~type_info())
C:/Users/sean/.pico-sdk/toolchain/14_2_Rel1/bin/../lib/gcc/arm-none-eabi/14.2.1/thumb/v6-m/nofp\libstdc++.a(del_op.o)
                              C:/Users/sean/.pico-sdk/toolchain/14_2_Rel1/bin/../lib/gcc/arm-none-eabi/14.2.1/thumb/v6-m/nofp\libstdc++.a(del_ops.o) (operator delete(void*))
C:/Users/sean/.pico-sdk/toolchain/14_2_Rel1/bin/../lib/gcc/arm-none-eabi/14.2.1/thumb/v6-m/nofp\libgcc.a(_dvmd_tls.o)
                              CMakeFiles/Bg_Reader.dir/C_/Users/sean/.pico-sdk/sdk/2.1.1/src/rp2_common/pico_divider/divider_hardware.S.obj (__aeabi_idiv0)
C:/Users/sean/.pico-sdk/toolchain/14_2_Rel1/bin/../lib/gcc/arm-none-eabi/14.2.1/thumb/v6-m/nofp\libgcc.a(unwind-arm.o)
                              CMakeFiles/Bg_Reader.dir/Bg_Reader.cpp.obj (__aeabi_unwind_cpp_pr0)
C:/Users/sean/.pico-sdk/toolchain/14_2_Rel1/bin/../lib/gcc/arm-none-eabi/14.2.1/thumb/v6-m/nofp\libgcc.a(libunwind.o)
                              C:/Users/sean/.pico-sdk/toolchain/14_2_Rel1/bin/../lib/gcc/arm-none-eabi/14.2.1/thumb/v6-m/nofp\libgcc.a(unwind-arm.o) (restore_core_regs)
C:/Users/sean/.pico-sdk/toolchain/14_2_Rel1/bin/../lib/gcc/arm-none-eabi/14.2.1/thumb/v6-m/nofp\libgcc.a(pr-support.o)
                              C:/Users/sean/.pico-sdk/toolchain/14_2_Rel1/bin/../lib/gcc/arm-none-eabi/14.2.1/thumb/v6-m/nofp\libgcc.a(unwind-arm.o) (__gnu_unwind_execute)
C:/Users/sean/.pico-sdk/toolchain/14_2_Rel1/bin/../lib/gcc/arm-none-eabi/14.2.1/thumb/v6-m/nofp\libg.a(libc_a-abort.o)
                              C:/Users/sean/.pico-sdk/toolchain/14_2_Rel1/bin/../lib/gcc/arm-none-eabi/14.2.1/thumb/v6-m/nofp\libgcc.a(unwind-arm.o) (abort)
C:/Users/sean/.pico-sdk/toolchain/14_2_Rel1/bin/../lib/gcc/arm-none-eabi/14.2.1/thumb/v6-m/nofp\libg.a(libc_a-calloc.o)
                              CMakeFiles/Bg_Reader.dir/C_/Users/sean/.pico-sdk/sdk/2.1.1/src/rp2_common/pico_malloc/malloc.c.obj (calloc)
C:/Users/sean/.pico-sdk/toolchain/14_2_Rel1/bin/../lib/gcc/arm-none-eabi/14.2.1/thumb/v6-m/nofp\libg.a(libc_a-callocr.o)
                              C:/Users/sean/.pico-sdk/toolchain/14_2_Rel1/bin/../lib/gcc/arm-none-eabi/14.2.1/thumb/v6-m/nofp\libg.a(libc_a-calloc.o) (_calloc_r)
C:/Users/sean/.pico-sdk/toolchain/14_2_Rel1/bin/../lib/gcc/arm-none-eabi/14.2.1/thumb/v6-m/nofp\libg.a(libc_a-malloc.o)
                              CMakeFiles/Bg_Reader.dir/C_/Users/sean/.pico-sdk/sdk/2.1.1/src/rp2_common/pico_malloc/malloc.c.obj (malloc)
C:/Users/sean/.pico-sdk/toolchain/14_2_Rel1/bin/../lib/gcc/arm-none-eabi/14.2.1/thumb/v6-m/nofp\libg.a(libc_a-mallocr.o)
                              C:/Users/sean/.pico-sdk/toolchain/14_2_Rel1/bin/../lib/gcc/arm-none-eabi/14.2.1/thumb/v6-m/nofp\libg.a(libc_a-callocr.o) (_malloc_r)
C:/Users/sean/.pico-sdk/toolchain/14_2_Rel1/bin/../lib/gcc/arm-none-eabi/14.2.1/thumb/v6-m/nofp\libg.a(libc_a-mlock.o)
                              C:/Users/sean/.pico-sdk/toolchain/14_2_Rel1/bin/../lib/gcc/arm-none-eabi/14.2.1/thumb/v6-m/nofp\libg.a(libc_a-mallocr.o) (__malloc_lock)
C:/Users/sean/.pico-sdk/toolchain/14_2_Rel1/bin/../lib/gcc/arm-none-eabi/14.2.1/thumb/v6-m/nofp\libg.a(libc_a-realloc.o)
                              CMakeFiles/Bg_Reader.dir/C_/Users/sean/.pico-sdk/sdk/2.1.1/src/rp2_common/pico_malloc/malloc.c.obj (realloc)
C:/Users/sean/.pico-sdk/toolchain/14_2_Rel1/bin/../lib/gcc/arm-none-eabi/14.2.1/thumb/v6-m/nofp\libg.a(libc_a-reallocr.o)
                              C:/Users/sean/.pico-sdk/toolchain/14_2_Rel1/bin/../lib/gcc/arm-none-eabi/14.2.1/thumb/v6-m/nofp\libg.a(libc_a-realloc.o) (_realloc_r)
C:/Users/sean/.pico-sdk/toolchain/14_2_Rel1/bin/../lib/gcc/arm-none-eabi/14.2.1/thumb/v6-m/nofp\libg.a(libc_a-ctype_.o)
                              CMakeFiles/Bg_Reader.dir/C_/Users/sean/.pico-sdk/sdk/2.1.1/lib/tinyusb/src/tusb.c.obj (_ctype_)
[...]
Memory Configuration

Name             Origin             Length             Attributes
FLASH            0x10000000         0x00200000         xr
RAM              0x20000000         0x00040000         xrw
SCRATCH_X        0x20040000         0x00001000         xrw
SCRATCH_Y        0x20041000         0x00001000         xrw
*default*        0x00000000         0xffffffff

Linker script and memory map

LOAD C:/Users/sean/.pico-sdk/toolchain/14_2_Rel1/bin/../lib/gcc/arm-none-eabi/14.2.1/thumb/v6-m/nofp/crti.o
LOAD C:/Users/sean/.pico-sdk/toolchain/14_2_Rel1/bin/../lib/gcc/arm-none-eabi/14.2.1/thumb/v6-m/nofp/crtbegin.o
LOAD C:/Users/sean/.pico-sdk/toolchain/14_2_Rel1/bin/../lib/gcc/arm-none-eabi/14.2.1/thumb/v6-m/nofp/crt0.o

.flash_begin    0x10000000        0x0
                0x10000000                        __flash_binary_start = .

.boot2          0x10000000      0x100
                0x10000000                        __boot2_start__ = .
 *(.boot2)
 .boot2         0x10000000      0x100 pico-sdk/src/rp2040/boot_stage2/CMakeFiles/bs2_default_library.dir/./bs2_default_padded_checksummed.S.obj
                0x10000100                        __boot2_end__ = .
                0x00000001                        ASSERT (((__boot2_end__ - __boot2_start__) == 0x100), ERROR: Pico second stage bootloader must be 256 bytes in size)

.text           0x10000100     0x90cc
                0x10000100                        __logical_binary_start = .
 *(.vectors)
 .vectors       0x10000100       0xd4 CMakeFiles/Bg_Reader.dir/C_/Users/sean/.pico-sdk/sdk/2.1.1/src/rp2_common/pico_crt0/crt0.S.obj
                0x10000100                __VECTOR_TABLE
                0x10000100                __vectors
                0x100001c0                isr_invalid
                0x100001c0                __default_isrs_start
                0x100001c2                isr_nmi
                0x100001c4                isr_hardfault
                0x100001c6                isr_svcall
                0x100001c8                isr_pendsv
                0x100001ca                isr_systick
                0x100001cc                isr_irq23
                0x100001cc                isr_irq18
                0x100001cc                isr_irq11
                0x100001cc                isr_irq28
                0x100001cc                isr_irq19
                0x100001cc                isr_irq0
                0x100001cc                isr_irq6
                0x100001cc                isr_irq5
                0x100001cc                isr_irq12
                0x100001cc                isr_irq22
                0x100001cc                isr_irq31
                0x100001cc                isr_irq17
                0x100001cc                isr_irq27
                0x100001cc                isr_irq30
                0x100001cc                isr_irq2
                0x100001cc                isr_irq10
                0x100001cc                isr_irq8
                0x100001cc                isr_irq24
                0x100001cc                isr_irq1
                0x100001cc                isr_irq7
                0x100001cc                isr_irq21
                0x100001cc                isr_irq20
                0x100001cc                isr_irq15
                0x100001cc                isr_irq25
                0x100001cc                isr_irq13
                0x100001cc                __unhandled_user_irq
                0x100001cc                isr_irq4
                0x100001cc                isr_irq16
                0x100001cc                isr_irq29
                0x100001cc                isr_irq26
                0x100001cc                __default_isrs_end
                0x100001cc                isr_irq3
                0x100001cc                isr_irq14
                0x100001cc                isr_irq9
                0x100001d2                unhandled_user_irq_num_in_r0
 *(.binary_info_header)
 .binary_info_header
                0x100001d4       0x14 CMakeFiles/Bg_Reader.dir/C_/Users/sean/.pico-sdk/sdk/2.1.1/src/rp2_common/pico_crt0/crt0.S.obj
                0x100001e8                        __binary_info_header_end = .
 *(.embedded_block)
                0x100001e8                        __embedded_block_end = .
 *(.reset)
 .reset         0x100001e8       0x9c CMakeFiles/Bg_Reader.dir/C_/Users/sean/.pico-sdk/sdk/2.1.1/src/rp2_common/pico_crt0/crt0.S.obj
                0x100001e8                _entry_point
 *(.init)
 .init          0x10000284        0x4 C:/Users/sean/.pico-sdk/toolchain/14_2_Rel1/bin/../lib/gcc/arm-none-eabi/14.2.1/thumb/v6-m/nofp/crti.o
                0x10000284                _init
 *(EXCLUDE_FILE(*libm.a: *libc.a:*lib_a-mem*.o *libgcc.a:) .text*)
 .text.register_tm_clones
                0x10000288       0x28 C:/Users/sean/.pico-sdk/toolchain/14_2_Rel1/bin/../lib/gcc/arm-none-eabi/14.2.1/thumb/v6-m/nofp/crtbegin.o
 .text.frame_dummy
                0x100002b0       0x24 C:/Users/sean/.pico-sdk/toolchain/14_2_Rel1/bin/../lib/gcc/arm-none-eabi/14.2.1/thumb/v6-m/nofp/crtbegin.o
 .text._ZN10I2CScanner4scanEv
                0x100002d4       0xa4 CMakeFiles/Bg_Reader.dir/Bg_Reader.cpp.obj
                0x100002d4                I2CScanner::scan()
 .text._ZN10I2CScanner12test_addressEh
                0x10000378       0x1c CMakeFiles/Bg_Reader.dir/Bg_Reader.cpp.obj
                0x10000378                I2CScanner::test_address(unsigned char)
 .text._Z21display_position_infoR7LCD_I2CR17QuadratureEncoderR7BigFontR13StatusDisplay
                0x10000394       0x24 CMakeFiles/Bg_Reader.dir/Bg_Reader.cpp.obj
                0x10000394                display_position_info(LCD_I2C&, QuadratureEncoder&, BigFont&, StatusDisplay&)
 .text.main     0x100003b8      0x4e0 CMakeFiles/Bg_Reader.dir/Bg_Reader.cpp.obj
                0x100003b8                main
 .text._ZN7LCD_I2CC2EP8i2c_insth
                0x10000898        0xa CMakeFiles/Bg_Reader.dir/lcd_i2c.cpp.obj
                0x10000898                LCD_I2C::LCD_I2C(i2c_inst*, unsigned char)
                0x10000898                LCD_I2C::LCD_I2C(i2c_inst*, unsigned char)
 .text._ZN7LCD_I2C12pulse_enableEh
                0x100008a2       0x4a CMakeFiles/Bg_Reader.dir/lcd_i2c.cpp.obj
                0x100008a2                LCD_I2C::pulse_enable(unsigned char)
 .text._ZN7LCD_I2C12write_nibbleEh
                0x100008ec       0x2c CMakeFiles/Bg_Reader.dir/lcd_i2c.cpp.obj
                0x100008ec                LCD_I2C::write_nibble(unsigned char)
 .text._ZN7LCD_I2C10write_byteEhh
                0x10000918       0x58 CMakeFiles/Bg_Reader.dir/lcd_i2c.cpp.obj
                0x10000918                LCD_I2C::write_byte(unsigned char, unsigned char)
 .text._ZN7LCD_I2C5clearEv
                0x10000970       0x12 CMakeFiles/Bg_Reader.dir/lcd_i2c.cpp.obj
                0x10000970                LCD_I2C::clear()
 .text._ZN7LCD_I2C4initEv
                0x10000982       0x6c CMakeFiles/Bg_Reader.dir/lcd_i2c.cpp.obj
                0x10000982                LCD_I2C::init()
 *fill*         0x100009ee        0x2 
 .text._ZN7LCD_I2C10set_cursorEhh
                0x100009f0       0x34 CMakeFiles/Bg_Reader.dir/lcd_i2c.cpp.obj
                0x100009f0                LCD_I2C::set_cursor(unsigned char, unsigned char)
 .text._ZN7LCD_I2C5printEPKc
                0x10000a24       0x1a CMakeFiles/Bg_Reader.dir/lcd_i2c.cpp.obj
                0x10000a24                LCD_I2C::print(char const*)
 .text._ZN7LCD_I2C6printfEPKcz
                0x10000a3e       0x2a CMakeFiles/Bg_Reader.dir/lcd_i2c.cpp.obj
                0x10000a3e                LCD_I2C::printf(char const*, ...)
 .text._ZN7LCD_I2C12backlight_onEv
                0x10000a68        0x6 CMakeFiles/Bg_Reader.dir/lcd_i2c.cpp.obj
                0x10000a68                LCD_I2C::backlight_on()
 .text._ZN7LCD_I2C11create_charEhPKh
                0x10000a6e       0x30 CMakeFiles/Bg_Reader.dir/lcd_i2c.cpp.obj
                0x10000a6e                LCD_I2C::create_char(unsigned char, unsigned char const*)
 .text._ZN7LCD_I2C5writeEh
                0x10000a9e        0xa CMakeFiles/Bg_Reader.dir/lcd_i2c.cpp.obj
                0x10000a9e                LCD_I2C::write(unsigned char)
 .text._ZL20quadrature_get_countP8pio_hw_tjPl
                0x10000aa8       0xb4 CMakeFiles/Bg_Reader.dir/quadrature_encoder.cpp.obj
 .text._ZL23quadrature_program_initP8pio_hw_tjjjj
                0x10000b5c       0xc8 CMakeFiles/Bg_Reader.dir/quadrature_encoder.cpp.obj
 .text._ZN17QuadratureEncoder4initEv
                0x10000c24       0x88 CMakeFiles/Bg_Reader.dir/quadrature_encoder.cpp.obj
                0x10000c24                QuadratureEncoder::init()
 .text._ZN17QuadratureEncoderC2EP8pio_hw_tjjjfmb
                0x10000cac       0x90 CMakeFiles/Bg_Reader.dir/quadrature_encoder.cpp.obj
                0x10000cac                QuadratureEncoder::QuadratureEncoder(pio_hw_t*, unsigned int, unsigned int, unsigned int, float, unsigned long, bool)
                0x10000cac                QuadratureEncoder::QuadratureEncoder(pio_hw_t*, unsigned int, unsigned int, unsigned int, float, unsigned long, bool)
 .text._ZN17QuadratureEncoder19add_velocity_sampleElm
                0x10000d3c       0x24 CMakeFiles/Bg_Reader.dir/quadrature_encoder.cpp.obj
                0x10000d3c                QuadratureEncoder::add_velocity_sample(long, unsigned long)
 .text._ZN17QuadratureEncoder15update_velocityEv
                0x10000d60       0x70 CMakeFiles/Bg_Reader.dir/quadrature_encoder.cpp.obj
                0x10000d60                QuadratureEncoder::update_velocity()
 .text._ZN17QuadratureEncoder17decode_transitionEh
                0x10000dd0       0x14 CMakeFiles/Bg_Reader.dir/quadrature_encoder.cpp.obj
                0x10000dd0                QuadratureEncoder::decode_transition(unsigned char)
 .text._ZN17QuadratureEncoder6updateEv
                0x10000de4      0x12e CMakeFiles/Bg_Reader.dir/quadrature_encoder.cpp.obj
                0x10000de4                QuadratureEncoder::update()
 .text._ZNK17QuadratureEncoder12get_distanceEv
                0x10000f12       0x22 CMakeFiles/Bg_Reader.dir/quadrature_encoder.cpp.obj
                0x10000f12                QuadratureEncoder::get_distance() const
 .text._ZNK17QuadratureEncoder7get_rpmEv
                0x10000f34       0x2c CMakeFiles/Bg_Reader.dir/quadrature_encoder.cpp.obj
                0x10000f34                QuadratureEncoder::get_rpm() const
 .text._ZNK17QuadratureEncoder20get_speed_percentageEf
                0x10000f60       0x30 CMakeFiles/Bg_Reader.dir/quadrature_encoder.cpp.obj
                0x10000f60                QuadratureEncoder::get_speed_percentage(float) const
 .text._ZNK17QuadratureEncoder23get_max_theoretical_rpmEv
                0x10000f90       0x3c CMakeFiles/Bg_Reader.dir/quadrature_encoder.cpp.obj
                0x10000f90                QuadratureEncoder::get_max_theoretical_rpm() const
 .text._ZN17QuadratureEncoder26reset_performance_countersEv
                0x10000fcc       0x30 CMakeFiles/Bg_Reader.dir/quadrature_encoder.cpp.obj
                0x10000fcc                QuadratureEncoder::reset_performance_counters()
 .text._ZN7BigFontC2EP7LCD_I2C
                0x10000ffc        0x4 CMakeFiles/Bg_Reader.dir/big_font.cpp.obj
                0x10000ffc                BigFont::BigFont(LCD_I2C*)
                0x10000ffc                BigFont::BigFont(LCD_I2C*)
 .text._ZN7BigFont24create_custom_charactersEv
                0x10001000       0x24 CMakeFiles/Bg_Reader.dir/big_font.cpp.obj
                0x10001000                BigFont::create_custom_characters()
 .text._ZN7BigFont4initEv
                0x10001024        0x8 CMakeFiles/Bg_Reader.dir/big_font.cpp.obj
                0x10001024                BigFont::init()
 .text._ZN7BigFont15print_big_digitEhhh
                0x1000102c      0x50c CMakeFiles/Bg_Reader.dir/big_font.cpp.obj
                0x1000102c                BigFont::print_big_digit(unsigned char, unsigned char, unsigned char)
 .text._ZN7BigFont15print_big_minusEhh
                0x10001538       0x94 CMakeFiles/Bg_Reader.dir/big_font.cpp.obj
                0x10001538                BigFont::print_big_minus(unsigned char, unsigned char)
 .text._ZN7BigFont17print_big_decimalEhh
                0x100015cc       0x48 CMakeFiles/Bg_Reader.dir/big_font.cpp.obj
                0x100015cc                BigFont::print_big_decimal(unsigned char, unsigned char)
 .text._ZN7BigFont18clear_display_areaEv
                0x10001614       0x28 CMakeFiles/Bg_Reader.dir/big_font.cpp.obj
                0x10001614                BigFont::clear_display_area()
 .text._ZN7BigFont18display_big_numberEfhh
                0x1000163c       0x90 CMakeFiles/Bg_Reader.dir/big_font.cpp.obj
                0x1000163c                BigFont::display_big_number(float, unsigned char, unsigned char)
 .text._ZN13StatusDisplayC2EP7LCD_I2C
                0x100016cc       0x1c CMakeFiles/Bg_Reader.dir/status_display.cpp.obj
                0x100016cc                StatusDisplay::StatusDisplay(LCD_I2C*)
                0x100016cc                StatusDisplay::StatusDisplay(LCD_I2C*)
 .text._ZN13StatusDisplay20draw_static_elementsEv
                0x100016e8       0x1c CMakeFiles/Bg_Reader.dir/status_display.cpp.obj
                0x100016e8                StatusDisplay::draw_static_elements()
 .text._ZN13StatusDisplay4initEv
                0x10001704        0x8 CMakeFiles/Bg_Reader.dir/status_display.cpp.obj
                0x10001704                StatusDisplay::init()
 .text._ZN13StatusDisplay20draw_direction_arrowEbb
                0x1000170c       0xb8 CMakeFiles/Bg_Reader.dir/status_display.cpp.obj
                0x1000170c                StatusDisplay::draw_direction_arrow(bool, bool)
 .text._ZN13StatusDisplay14draw_speed_barEff
                0x100017c4       0xa4 CMakeFiles/Bg_Reader.dir/status_display.cpp.obj
                0x100017c4                StatusDisplay::draw_speed_bar(float, float)
 .text._ZN13StatusDisplay6updateERK17QuadratureEncoder
                0x10001868       0xe0 CMakeFiles/Bg_Reader.dir/status_display.cpp.obj
                0x10001868                StatusDisplay::update(QuadratureEncoder const&)
 .text._ZN13StatusDisplay17clear_status_lineEv
                0x10001948       0x1c CMakeFiles/Bg_Reader.dir/status_display.cpp.obj
                0x10001948                StatusDisplay::clear_status_line()
 .text.gpio_set_function
                0x10001964       0x34 CMakeFiles/Bg_Reader.dir/C_/Users/sean/.pico-sdk/sdk/2.1.1/src/rp2_common/hardware_gpio/gpio.c.obj
                0x10001964                gpio_set_function
 .text.gpio_set_pulls
                0x10001998       0x38 CMakeFiles/Bg_Reader.dir/C_/Users/sean/.pico-sdk/sdk/2.1.1/src/rp2_common/hardware_gpio/gpio.c.obj
                0x10001998                gpio_set_pulls
 .text.gpio_init
                0x100019d0       0x16 CMakeFiles/Bg_Reader.dir/C_/Users/sean/.pico-sdk/sdk/2.1.1/src/rp2_common/hardware_gpio/gpio.c.obj
                0x100019d0                gpio_init
 *fill*         0x100019e6        0x2 
 .text.rp2040_chip_version
                0x100019e8       0x54 CMakeFiles/Bg_Reader.dir/C_/Users/sean/.pico-sdk/sdk/2.1.1/src/rp2040/pico_platform/platform.c.obj
                0x100019e8                rp2040_chip_version
 .text.panic    0x10001a3c       0x30 CMakeFiles/Bg_Reader.dir/C_/Users/sean/.pico-sdk/sdk/2.1.1/src/rp2_common/pico_platform_panic/panic.c.obj
                0x10001a3c                panic
 .text.hw_claim_lock
                0x10001a6c       0x18 CMakeFiles/Bg_Reader.dir/C_/Users/sean/.pico-sdk/sdk/2.1.1/src/common/hardware_claim/claim.c.obj
                0x10001a6c                hw_claim_lock
 .text.hw_claim_unlock
                0x10001a84       0x14 CMakeFiles/Bg_Reader.dir/C_/Users/sean/.pico-sdk/sdk/2.1.1/src/common/hardware_claim/claim.c.obj
                0x10001a84                hw_claim_unlock
 .text.hw_claim_or_assert
                0x10001a98       0x32 CMakeFiles/Bg_Reader.dir/C_/Users/sean/.pico-sdk/sdk/2.1.1/src/common/hardware_claim/claim.c.obj
                0x10001a98                hw_claim_or_assert
 .text.hw_claim_unused_from_range
                0x10001aca       0x50 CMakeFiles/Bg_Reader.dir/C_/Users/sean/.pico-sdk/sdk/2.1.1/src/common/hardware_claim/claim.c.obj
                0x10001aca                hw_claim_unused_from_range
 *fill*         0x10001b1a        0x2 
 .text.next_striped_spin_lock_num
                0x10001b1c       0x1c CMakeFiles/Bg_Reader.dir/C_/Users/sean/.pico-sdk/sdk/2.1.1/src/rp2_common/hardware_sync/sync.c.obj
                0x10001b1c                next_striped_spin_lock_num
 .text.spin_lock_claim_unused
                0x10001b38       0x24 CMakeFiles/Bg_Reader.dir/C_/Users/sean/.pico-sdk/sdk/2.1.1/src/rp2_common/hardware_sync/sync.c.obj
                0x10001b38                spin_lock_claim_unused
 .text.spin_locks_reset
                0x10001b5c       0x20 CMakeFiles/Bg_Reader.dir/C_/Users/sean/.pico-sdk/sdk/2.1.1/src/rp2_common/hardware_sync_spin_lock/sync_spin_lock.c.obj
                0x10001b5c                spin_locks_reset
 .text.set_raw_irq_handler_and_unlock
                0x10001b7c       0x28 CMakeFiles/Bg_Reader.dir/C_/Users/sean/.pico-sdk/sdk/2.1.1/src/rp2_common/hardware_irq/irq.c.obj
 .text.nvic_ipr0
                0x10001ba4        0x8 CMakeFiles/Bg_Reader.dir/C_/Users/sean/.pico-sdk/sdk/2.1.1/src/rp2_common/hardware_irq/irq.c.obj
 .text.runtime_init_per_core_irq_priorities
                0x10001bac       0x1c CMakeFiles/Bg_Reader.dir/C_/Users/sean/.pico-sdk/sdk/2.1.1/src/rp2_common/hardware_irq/irq.c.obj
                0x10001bac                runtime_init_per_core_irq_priorities
 .text.resolve_j_16
                0x10001bc8       0x30 CMakeFiles/Bg_Reader.dir/C_/Users/sean/.pico-sdk/sdk/2.1.1/src/rp2_common/hardware_irq/irq.c.obj
 .text.make_j_16
                0x10001bf8       0x48 CMakeFiles/Bg_Reader.dir/C_/Users/sean/.pico-sdk/sdk/2.1.1/src/rp2_common/hardware_irq/irq.c.obj
 .text.irq_is_enabled
                0x10001c40       0x18 CMakeFiles/Bg_Reader.dir/C_/Users/sean/.pico-sdk/sdk/2.1.1/src/rp2_common/hardware_irq/irq.c.obj
                0x10001c40                irq_is_enabled
 .text.irq_set_mask_n_enabled
                0x10001c58       0x1c CMakeFiles/Bg_Reader.dir/C_/Users/sean/.pico-sdk/sdk/2.1.1/src/rp2_common/hardware_irq/irq.c.obj
                0x10001c58                irq_set_mask_n_enabled
 .text.irq_set_enabled
                0x10001c74       0x14 CMakeFiles/Bg_Reader.dir/C_/Users/sean/.pico-sdk/sdk/2.1.1/src/rp2_common/hardware_irq/irq.c.obj
                0x10001c74                irq_set_enabled
 .text.irq_set_pending
                0x10001c88       0x10 CMakeFiles/Bg_Reader.dir/C_/Users/sean/.pico-sdk/sdk/2.1.1/src/rp2_common/hardware_irq/irq.c.obj
                0x10001c88                irq_set_pending
 .text.irq_get_vtable_handler
                0x10001c98       0x10 CMakeFiles/Bg_Reader.dir/C_/Users/sean/.pico-sdk/sdk/2.1.1/src/rp2_common/hardware_irq/irq.c.obj
                0x10001c98                irq_get_vtable_handler
 .text.irq_has_shared_handler
                0x10001ca8       0x1c CMakeFiles/Bg_Reader.dir/C_/Users/sean/.pico-sdk/sdk/2.1.1/src/rp2_common/hardware_irq/irq.c.obj
                0x10001ca8                irq_has_shared_handler
 .text.irq_set_exclusive_handler
                0x10001cc4       0x54 CMakeFiles/Bg_Reader.dir/C_/Users/sean/.pico-sdk/sdk/2.1.1/src/rp2_common/hardware_irq/irq.c.obj
                0x10001cc4                irq_set_exclusive_handler
 .text.irq_add_shared_handler
                0x10001d18      0x218 CMakeFiles/Bg_Reader.dir/C_/Users/sean/.pico-sdk/sdk/2.1.1/src/rp2_common/hardware_irq/irq.c.obj
                0x10001d18                irq_add_shared_handler
 .text.irq_add_tail_to_free_list
                0x10001f30       0xf0 CMakeFiles/Bg_Reader.dir/C_/Users/sean/.pico-sdk/sdk/2.1.1/src/rp2_common/hardware_irq/irq.c.obj
                0x10001f30                irq_add_tail_to_free_list
 .text.user_irq_claim_unused
                0x10002020       0x2c CMakeFiles/Bg_Reader.dir/C_/Users/sean/.pico-sdk/sdk/2.1.1/src/rp2_common/hardware_irq/irq.c.obj
                0x10002020                user_irq_claim_unused
 .text.lock_init
                0x1000204c       0x10 CMakeFiles/Bg_Reader.dir/C_/Users/sean/.pico-sdk/sdk/2.1.1/src/common/pico_sync/lock_core.c.obj
                0x1000204c                lock_init
 .text.mutex_init
                0x1000205c       0x1a CMakeFiles/Bg_Reader.dir/C_/Users/sean/.pico-sdk/sdk/2.1.1/src/common/pico_sync/mutex.c.obj
                0x1000205c                mutex_init
 .text.recursive_mutex_init
                0x10002076       0x1e CMakeFiles/Bg_Reader.dir/C_/Users/sean/.pico-sdk/sdk/2.1.1/src/common/pico_sync/mutex.c.obj
                0x10002076                recursive_mutex_init
 .text.runtime_init_mutex
                0x10002094       0x4c CMakeFiles/Bg_Reader.dir/C_/Users/sean/.pico-sdk/sdk/2.1.1/src/common/pico_sync/mutex.c.obj
                0x10002094                runtime_init_mutex
 .text.critical_section_init_with_lock_num
                0x100020e0       0x14 CMakeFiles/Bg_Reader.dir/C_/Users/sean/.pico-sdk/sdk/2.1.1/src/common/pico_sync/critical_section.c.obj
                0x100020e0                critical_section_init_with_lock_num
 .text.critical_section_init
                0x100020f4       0x14 CMakeFiles/Bg_Reader.dir/C_/Users/sean/.pico-sdk/sdk/2.1.1/src/common/pico_sync/critical_section.c.obj
                0x100020f4                critical_section_init
 .text.ta_set_timeout
                0x10002108       0x24 CMakeFiles/Bg_Reader.dir/C_/Users/sean/.pico-sdk/sdk/2.1.1/src/common/pico_time/time.c.obj
 .text.make_alarm_id
                0x1000212c        0x6 CMakeFiles/Bg_Reader.dir/C_/Users/sean/.pico-sdk/sdk/2.1.1/src/common/pico_time/time.c.obj
 *fill*         0x10002132        0x2 
 .text.sleep_until_callback
                0x10002134       0x30 CMakeFiles/Bg_Reader.dir/C_/Users/sean/.pico-sdk/sdk/2.1.1/src/common/pico_time/time.c.obj
 .text.alarm_pool_irq_handler
                0x10002164      0x2f0 CMakeFiles/Bg_Reader.dir/C_/Users/sean/.pico-sdk/sdk/2.1.1/src/common/pico_time/time.c.obj
 .text.ta_enable_irq_handler
                0x10002454       0x2c CMakeFiles/Bg_Reader.dir/C_/Users/sean/.pico-sdk/sdk/2.1.1/src/common/pico_time/time.c.obj
 .text.alarm_pool_post_alloc_init
                0x10002480       0x78 CMakeFiles/Bg_Reader.dir/C_/Users/sean/.pico-sdk/sdk/2.1.1/src/common/pico_time/time.c.obj
 .text.alarm_pool_get_default
                0x100024f8       0x2c CMakeFiles/Bg_Reader.dir/C_/Users/sean/.pico-sdk/sdk/2.1.1/src/common/pico_time/time.c.obj
                0x100024f8                alarm_pool_get_default
 .text.alarm_pool_add_alarm_at_force_in_context
                0x10002524       0xa4 CMakeFiles/Bg_Reader.dir/C_/Users/sean/.pico-sdk/sdk/2.1.1/src/common/pico_time/time.c.obj
                0x10002524                alarm_pool_add_alarm_at_force_in_context
 .text.alarm_pool_add_alarm_at
                0x100025c8       0x3c CMakeFiles/Bg_Reader.dir/C_/Users/sean/.pico-sdk/sdk/2.1.1/src/common/pico_time/time.c.obj
                0x100025c8                alarm_pool_add_alarm_at
 .text.add_alarm_at
                0x10002604       0x2e CMakeFiles/Bg_Reader.dir/C_/Users/sean/.pico-sdk/sdk/2.1.1/src/common/pico_time/time.c.obj
 *fill*         0x10002632        0x2 
 .text.alarm_pool_cancel_alarm
                0x10002634       0x78 CMakeFiles/Bg_Reader.dir/C_/Users/sean/.pico-sdk/sdk/2.1.1/src/common/pico_time/time.c.obj
                0x10002634                alarm_pool_cancel_alarm
 .text.cancel_alarm
                0x100026ac       0x10 CMakeFiles/Bg_Reader.dir/C_/Users/sean/.pico-sdk/sdk/2.1.1/src/common/pico_time/time.c.obj
 .text.alarm_pool_core_num
                0x100026bc        0x4 CMakeFiles/Bg_Reader.dir/C_/Users/sean/.pico-sdk/sdk/2.1.1/src/common/pico_time/time.c.obj
                0x100026bc                alarm_pool_core_num
 .text.sleep_until
                0x100026c0       0xb0 CMakeFiles/Bg_Reader.dir/C_/Users/sean/.pico-sdk/sdk/2.1.1/src/common/pico_time/time.c.obj
                0x100026c0                sleep_until
 .text.sleep_us
                0x10002770       0x24 CMakeFiles/Bg_Reader.dir/C_/Users/sean/.pico-sdk/sdk/2.1.1/src/common/pico_time/time.c.obj
                0x10002770                sleep_us
 .text.sleep_ms
                0x10002794       0x14 CMakeFiles/Bg_Reader.dir/C_/Users/sean/.pico-sdk/sdk/2.1.1/src/common/pico_time/time.c.obj
                0x10002794                sleep_ms
 .text.best_effort_wfe_or_timeout
                0x100027a8      0x11c CMakeFiles/Bg_Reader.dir/C_/Users/sean/.pico-sdk/sdk/2.1.1/src/common/pico_time/time.c.obj
                0x100027a8                best_effort_wfe_or_timeout
 .text.alarm_pool_get_default_timer
                0x100028c4        0x8 CMakeFiles/Bg_Reader.dir/C_/Users/sean/.pico-sdk/sdk/2.1.1/src/common/pico_time/time.c.obj
                0x100028c4                alarm_pool_get_default_timer
 .text.runtime_init_default_alarm_pool
                0x100028cc       0x38 CMakeFiles/Bg_Reader.dir/C_/Users/sean/.pico-sdk/sdk/2.1.1/src/common/pico_time/time.c.obj
                0x100028cc                runtime_init_default_alarm_pool
 .text.timer_hardware_alarm_claim
                0x10002904       0x14 CMakeFiles/Bg_Reader.dir/C_/Users/sean/.pico-sdk/sdk/2.1.1/src/rp2_common/hardware_timer/timer.c.obj
                0x10002904                timer_hardware_alarm_claim
 .text.timer_time_us_64
                0x10002918       0x10 CMakeFiles/Bg_Reader.dir/C_/Users/sean/.pico-sdk/sdk/2.1.1/src/rp2_common/hardware_timer/timer.c.obj
                0x10002918                timer_time_us_64
 .text.timer_busy_wait_until
                0x10002928       0x1a CMakeFiles/Bg_Reader.dir/C_/Users/sean/.pico-sdk/sdk/2.1.1/src/rp2_common/hardware_timer/timer.c.obj
                0x10002928                timer_busy_wait_until
 .text.timer_busy_wait_us
                0x10002942       0x38 CMakeFiles/Bg_Reader.dir/C_/Users/sean/.pico-sdk/sdk/2.1.1/src/rp2_common/hardware_timer/timer.c.obj
                0x10002942                timer_busy_wait_us
 *fill*         0x1000297a        0x2 
 .text.time_us_64
                0x1000297c       0x10 CMakeFiles/Bg_Reader.dir/C_/Users/sean/.pico-sdk/sdk/2.1.1/src/rp2_common/hardware_timer/timer.c.obj
                0x1000297c                time_us_64
 .text.busy_wait_us
                0x1000298c       0x14 CMakeFiles/Bg_Reader.dir/C_/Users/sean/.pico-sdk/sdk/2.1.1/src/rp2_common/hardware_timer/timer.c.obj
                0x1000298c                busy_wait_us
 .text.busy_wait_until
                0x100029a0       0x14 CMakeFiles/Bg_Reader.dir/C_/Users/sean/.pico-sdk/sdk/2.1.1/src/rp2_common/hardware_timer/timer.c.obj
                0x100029a0                busy_wait_until
 .text.clock_configure_internal
                0x100029b4       0xc4 CMakeFiles/Bg_Reader.dir/C_/Users/sean/.pico-sdk/sdk/2.1.1/src/rp2_common/hardware_clocks/clocks.c.obj
 .text.clock_configure_int_divider
                0x10002a78       0x28 CMakeFiles/Bg_Reader.dir/C_/Users/sean/.pico-sdk/sdk/2.1.1/src/rp2_common/hardware_clocks/clocks.c.obj
                0x10002a78                clock_configure_int_divider
 .text.clock_configure_undivided
                0x10002aa0       0x12 CMakeFiles/Bg_Reader.dir/C_/Users/sean/.pico-sdk/sdk/2.1.1/src/rp2_common/hardware_clocks/clocks.c.obj
                0x10002aa0                clock_configure_undivided
 *fill*         0x10002ab2        0x2 
 .text.clock_get_hz
                0x10002ab4        0xc CMakeFiles/Bg_Reader.dir/C_/Users/sean/.pico-sdk/sdk/2.1.1/src/rp2_common/hardware_clocks/clocks.c.obj
                0x10002ab4                clock_get_hz
 .text.pll_init
                0x10002ac0      0x124 CMakeFiles/Bg_Reader.dir/C_/Users/sean/.pico-sdk/sdk/2.1.1/src/rp2_common/hardware_pll/pll.c.obj
                0x10002ac0                pll_init
 .text.watchdog_update
                0x10002be4       0x14 CMakeFiles/Bg_Reader.dir/C_/Users/sean/.pico-sdk/sdk/2.1.1/src/rp2_common/hardware_watchdog/watchdog.c.obj
                0x10002be4                watchdog_update
 .text._watchdog_enable
                0x10002bf8       0x7c CMakeFiles/Bg_Reader.dir/C_/Users/sean/.pico-sdk/sdk/2.1.1/src/rp2_common/hardware_watchdog/watchdog.c.obj
                0x10002bf8                _watchdog_enable
 .text.watchdog_reboot
                0x10002c74       0x48 CMakeFiles/Bg_Reader.dir/C_/Users/sean/.pico-sdk/sdk/2.1.1/src/rp2_common/hardware_watchdog/watchdog.c.obj
                0x10002c74                watchdog_reboot
 .text.tick_start
                0x10002cbc       0x10 CMakeFiles/Bg_Reader.dir/C_/Users/sean/.pico-sdk/sdk/2.1.1/src/rp2_common/hardware_ticks/ticks.c.obj
                0x10002cbc                tick_start
 .text.rom_func_lookup
                0x10002ccc       0x10 CMakeFiles/Bg_Reader.dir/C_/Users/sean/.pico-sdk/sdk/2.1.1/src/rp2_common/pico_bootrom/bootrom.c.obj
                0x10002ccc                rom_func_lookup
 .text.rom_data_lookup
                0x10002cdc       0x10 CMakeFiles/Bg_Reader.dir/C_/Users/sean/.pico-sdk/sdk/2.1.1/src/rp2_common/pico_bootrom/bootrom.c.obj
                0x10002cdc                rom_data_lookup
 .text.rom_funcs_lookup
                0x10002cec       0x36 CMakeFiles/Bg_Reader.dir/C_/Users/sean/.pico-sdk/sdk/2.1.1/src/rp2_common/pico_bootrom/bootrom.c.obj
                0x10002cec                rom_funcs_lookup
 *fill*         0x10002d22        0x2 
 .text.rom_reset_usb_boot_extra
                0x10002d24       0x24 CMakeFiles/Bg_Reader.dir/C_/Users/sean/.pico-sdk/sdk/2.1.1/src/rp2_common/pico_bootrom/bootrom.c.obj
                0x10002d24                rom_reset_usb_boot_extra
 .text.xosc_init
                0x10002d48       0x2c CMakeFiles/Bg_Reader.dir/C_/Users/sean/.pico-sdk/sdk/2.1.1/src/rp2_common/hardware_xosc/xosc.c.obj
                0x10002d48                xosc_init
 .text.runtime_run_initializers_from
                0x10002d74       0x18 CMakeFiles/Bg_Reader.dir/C_/Users/sean/.pico-sdk/sdk/2.1.1/src/rp2_common/pico_runtime/runtime.c.obj
 .text.first_per_core_initializer
                0x10002d8c        0x2 CMakeFiles/Bg_Reader.dir/C_/Users/sean/.pico-sdk/sdk/2.1.1/src/rp2_common/pico_runtime/runtime.c.obj
 *fill*         0x10002d8e        0x2 
 .text.runtime_run_initializers
                0x10002d90       0x10 CMakeFiles/Bg_Reader.dir/C_/Users/sean/.pico-sdk/sdk/2.1.1/src/rp2_common/pico_runtime/runtime.c.obj
                0x10002d90                runtime_run_initializers
 .text.runtime_init_early_resets
                0x10002da0       0x2c CMakeFiles/Bg_Reader.dir/C_/Users/sean/.pico-sdk/sdk/2.1.1/src/rp2_common/pico_runtime_init/runtime_init.c.obj
                0x10002da0                runtime_init_early_resets
 .text.runtime_init_usb_power_down
                0x10002dcc       0x1c CMakeFiles/Bg_Reader.dir/C_/Users/sean/.pico-sdk/sdk/2.1.1/src/rp2_common/pico_runtime_init/runtime_init.c.obj
                0x10002dcc                runtime_init_usb_power_down
 .text.runtime_init_post_clock_resets
                0x10002de8       0x20 CMakeFiles/Bg_Reader.dir/C_/Users/sean/.pico-sdk/sdk/2.1.1/src/rp2_common/pico_runtime_init/runtime_init.c.obj
                0x10002de8                runtime_init_post_clock_resets
 .text.runtime_init_rp2040_gpio_ie_disable
                0x10002e08       0x14 CMakeFiles/Bg_Reader.dir/C_/Users/sean/.pico-sdk/sdk/2.1.1/src/rp2_common/pico_runtime_init/runtime_init.c.obj
                0x10002e08                runtime_init_rp2040_gpio_ie_disable
 .text.runtime_init_spin_locks_reset
                0x10002e1c        0x8 CMakeFiles/Bg_Reader.dir/C_/Users/sean/.pico-sdk/sdk/2.1.1/src/rp2_common/pico_runtime_init/runtime_init.c.obj
                0x10002e1c                runtime_init_spin_locks_reset
 .text.runtime_init_install_ram_vector_table
                0x10002e24       0x1c CMakeFiles/Bg_Reader.dir/C_/Users/sean/.pico-sdk/sdk/2.1.1/src/rp2_common/pico_runtime_init/runtime_init.c.obj
                0x10002e24                runtime_init_install_ram_vector_table
 .text.start_all_ticks
                0x10002e40       0x28 CMakeFiles/Bg_Reader.dir/C_/Users/sean/.pico-sdk/sdk/2.1.1/src/rp2_common/pico_runtime_init/runtime_init_clocks.c.obj
 .text.runtime_init_clocks
                0x10002e68       0xcc CMakeFiles/Bg_Reader.dir/C_/Users/sean/.pico-sdk/sdk/2.1.1/src/rp2_common/pico_runtime_init/runtime_init_clocks.c.obj
                0x10002e68                runtime_init_clocks
 .text          0x10002f34       0x10 CMakeFiles/Bg_Reader.dir/C_/Users/sean/.pico-sdk/sdk/2.1.1/src/rp2_common/pico_bit_ops/bit_ops_aeabi.S.obj
 .text.__wrap___aeabi_idiv
                0x10002f44       0x50 CMakeFiles/Bg_Reader.dir/C_/Users/sean/.pico-sdk/sdk/2.1.1/src/rp2_common/pico_divider/divider_hardware.S.obj
                0x10002f44                __wrap___aeabi_idivmod
                0x10002f44                divmod_s32s32
                0x10002f44                div_s32s32
                0x10002f44                __wrap___aeabi_idiv
                0x10002f4c                divmod_s32s32_unsafe
                0x10002f78                divmod_s32s32_savestate
 .text.__wrap___aeabi_uidiv
                0x10002f94       0x4c CMakeFiles/Bg_Reader.dir/C_/Users/sean/.pico-sdk/sdk/2.1.1/src/rp2_common/pico_divider/divider_hardware.S.obj
                0x10002f94                __wrap___aeabi_uidiv
                0x10002f94                __wrap___aeabi_uidivmod
                0x10002f94                div_u32u32
                0x10002f94                divmod_u32u32
                0x10002f9c                divmod_u32u32_unsafe
                0x10002fc4                divmod_u32u32_savestate
 .text.__wrap___aeabi_ldiv
                0x10002fe0      0x424 CMakeFiles/Bg_Reader.dir/C_/Users/sean/.pico-sdk/sdk/2.1.1/src/rp2_common/pico_divider/divider_hardware.S.obj
                0x10002fe0                div_s64s64
                0x10002fe0                divmod_s64s64
                0x10002fe0                __wrap___aeabi_ldivmod
                0x10003010                divmod_u64u64
                0x10003010                div_u64u64
                0x10003010                __wrap___aeabi_uldivmod
                0x10003020                divmod_u64u64_savestate
                0x10003040                divmod_s64s64_unsafe
                0x100030c8                divmod_u64u64_unsafe
 .text.__wrap___aeabi_darithmetic
                0x10003404       0x80 CMakeFiles/Bg_Reader.dir/C_/Users/sean/.pico-sdk/sdk/2.1.1/src/rp2_common/pico_double/double_aeabi_rp2040.S.obj
                0x10003404                __wrap___aeabi_drsub
                0x1000340a                __wrap___aeabi_dsub
                0x1000341c                __wrap___aeabi_dadd
                0x1000342e                __wrap___aeabi_ddiv
                0x1000346a                __wrap___aeabi_dmul
 .text.__wrap___aeabi_cdcmple
                0x10003484       0x6c CMakeFiles/Bg_Reader.dir/C_/Users/sean/.pico-sdk/sdk/2.1.1/src/rp2_common/pico_double/double_aeabi_rp2040.S.obj
                0x10003484                __wrap___aeabi_cdrcmple
                0x10003494                __wrap___aeabi_cdcmpeq
                0x10003494                __wrap___aeabi_cdcmple
 .text.__wrap___aeabi_dcmplt
                0x100034f0        0xc CMakeFiles/Bg_Reader.dir/C_/Users/sean/.pico-sdk/sdk/2.1.1/src/rp2_common/pico_double/double_aeabi_rp2040.S.obj
                0x100034f0                __wrap___aeabi_dcmplt
 .text.__wrap___aeabi_dcmple
                0x100034fc       0x10 CMakeFiles/Bg_Reader.dir/C_/Users/sean/.pico-sdk/sdk/2.1.1/src/rp2_common/pico_double/double_aeabi_rp2040.S.obj
                0x100034fc                __wrap___aeabi_dcmple
 .text.__wrap___aeabi_dcmpge
                0x1000350c       0x10 CMakeFiles/Bg_Reader.dir/C_/Users/sean/.pico-sdk/sdk/2.1.1/src/rp2_common/pico_double/double_aeabi_rp2040.S.obj
                0x1000350c                __wrap___aeabi_dcmpge
 .text.__wrap___aeabi_dcmpgt
                0x1000351c        0xa CMakeFiles/Bg_Reader.dir/C_/Users/sean/.pico-sdk/sdk/2.1.1/src/rp2_common/pico_double/double_aeabi_rp2040.S.obj
                0x1000351c                __wrap___aeabi_dcmpgt
 .text.__wrap___aeabi_dcmpun
                0x10003526       0x18 CMakeFiles/Bg_Reader.dir/C_/Users/sean/.pico-sdk/sdk/2.1.1/src/rp2_common/pico_double/double_aeabi_rp2040.S.obj
                0x10003526                __wrap___aeabi_dcmpun
 *fill*         0x1000353e        0x2 
 .text.__wrap___aeabi_i2d
                0x10003540       0x38 CMakeFiles/Bg_Reader.dir/C_/Users/sean/.pico-sdk/sdk/2.1.1/src/rp2_common/pico_double/double_aeabi_rp2040.S.obj
                0x10003540                uint2double
                0x10003540                __wrap___aeabi_ui2d
                0x10003548                int2double
                0x10003548                __wrap___aeabi_i2d
 .text.__wrap___aeabi_d2iz
                0x10003578       0x48 CMakeFiles/Bg_Reader.dir/C_/Users/sean/.pico-sdk/sdk/2.1.1/src/rp2_common/pico_double/double_aeabi_rp2040.S.obj
                0x10003578                double2int_z
                0x10003578                __wrap___aeabi_d2iz
 .text.__wrap___aeabi_d2uiz
                0x100035c0       0x18 CMakeFiles/Bg_Reader.dir/C_/Users/sean/.pico-sdk/sdk/2.1.1/src/rp2_common/pico_double/double_aeabi_rp2040.S.obj
                0x100035c0                double2uint
                0x100035c0                __wrap___aeabi_d2uiz
                0x100035c0                double2uint_z
 .text.__aeabi_double_init
                0x100035d8       0xcc CMakeFiles/Bg_Reader.dir/C_/Users/sean/.pico-sdk/sdk/2.1.1/src/rp2_common/pico_double/double_init_rom_rp2040.c.obj
                0x100035d8                __aeabi_double_init
 .text.double_table_shim_on_use_helper
                0x100036a4       0x34 CMakeFiles/Bg_Reader.dir/C_/Users/sean/.pico-sdk/sdk/2.1.1/src/rp2_common/pico_double/double_v1_rom_shim_rp2040.S.obj
                0x100036a4                double_table_shim_on_use_helper
 .text.__wrap___aeabi_dsub
                0x100036d8       0x10 CMakeFiles/Bg_Reader.dir/C_/Users/sean/.pico-sdk/sdk/2.1.1/src/rp2_common/pico_double/double_v1_rom_shim_rp2040.S.obj
                0x100036d8                drsub_shim
                0x100036de                dsub_shim
 .text.dadd_shim
                0x100036e8      0x15c CMakeFiles/Bg_Reader.dir/C_/Users/sean/.pico-sdk/sdk/2.1.1/src/rp2_common/pico_double/double_v1_rom_shim_rp2040.S.obj
                0x100036e8                dadd_shim
 .text.dmul_shim
                0x10003844      0x15c CMakeFiles/Bg_Reader.dir/C_/Users/sean/.pico-sdk/sdk/2.1.1/src/rp2_common/pico_double/double_v1_rom_shim_rp2040.S.obj
                0x10003844                dmul_shim
 .text.ddiv_shim
                0x100039a0      0x1b0 CMakeFiles/Bg_Reader.dir/C_/Users/sean/.pico-sdk/sdk/2.1.1/src/rp2_common/pico_double/double_v1_rom_shim_rp2040.S.obj
                0x100039a0                ddiv_shim
 .text.double2uint_shim
                0x10003b50        0xe CMakeFiles/Bg_Reader.dir/C_/Users/sean/.pico-sdk/sdk/2.1.1/src/rp2_common/pico_double/double_v1_rom_shim_rp2040.S.obj
                0x10003b50                double2uint_shim
                0x10003b52                double2ufix_shim
 *fill*         0x10003b5e        0x2 
 .text.double2uint64_shim
                0x10003b60       0x70 CMakeFiles/Bg_Reader.dir/C_/Users/sean/.pico-sdk/sdk/2.1.1/src/rp2_common/pico_double/double_v1_rom_shim_rp2040.S.obj
                0x10003b60                double2uint64_shim
                0x10003b62                double2ufix64_shim
                0x10003b82                d2fix_a
 .text.dunpacks
                0x10003bd0       0x3c CMakeFiles/Bg_Reader.dir/C_/Users/sean/.pico-sdk/sdk/2.1.1/src/rp2_common/pico_double/double_v1_rom_shim_rp2040.S.obj
                0x10003bd0                dunpacks
 .text.__aeabi_lmul
                0x10003c0c       0x32 CMakeFiles/Bg_Reader.dir/C_/Users/sean/.pico-sdk/sdk/2.1.1/src/rp2_common/pico_int64_ops/pico_int64_ops_aeabi.S.obj
                0x10003c0c                __wrap___aeabi_lmul
 *fill*         0x10003c3e        0x2 
 .text.__wrap___aeabi_farithmetic
                0x10003c40       0x58 CMakeFiles/Bg_Reader.dir/C_/Users/sean/.pico-sdk/sdk/2.1.1/src/rp2_common/pico_float/float_aeabi_rp2040.S.obj
                0x10003c40                __wrap___aeabi_frsub
                0x10003c46                __wrap___aeabi_fsub
                0x10003c50                __wrap___aeabi_fadd
                0x10003c5a                __wrap___aeabi_fdiv
                0x10003c86                __wrap___aeabi_fmul
 .text.__wrap___aeabi_cfcmple
                0x10003c98       0x50 CMakeFiles/Bg_Reader.dir/C_/Users/sean/.pico-sdk/sdk/2.1.1/src/rp2_common/pico_float/float_aeabi_rp2040.S.obj
                0x10003c98                __wrap___aeabi_cfrcmple
                0x10003ca4                __wrap___aeabi_cfcmple
                0x10003ca4                __wrap___aeabi_cfcmpeq
 .text.__wrap___aeabi_fcmplt
                0x10003ce8        0xc CMakeFiles/Bg_Reader.dir/C_/Users/sean/.pico-sdk/sdk/2.1.1/src/rp2_common/pico_float/float_aeabi_rp2040.S.obj
                0x10003ce8                __wrap___aeabi_fcmplt
 .text.__wrap___aeabi_fcmpge
                0x10003cf4       0x10 CMakeFiles/Bg_Reader.dir/C_/Users/sean/.pico-sdk/sdk/2.1.1/src/rp2_common/pico_float/float_aeabi_rp2040.S.obj
                0x10003cf4                __wrap___aeabi_fcmpge
 .text.__wrap___aeabi_fcmpgt
                0x10003d04        0xa CMakeFiles/Bg_Reader.dir/C_/Users/sean/.pico-sdk/sdk/2.1.1/src/rp2_common/pico_float/float_aeabi_rp2040.S.obj
                0x10003d04                __wrap___aeabi_fcmpgt
 .text.__wrap___aeabi_ui2f
                0x10003d0e        0xa CMakeFiles/Bg_Reader.dir/C_/Users/sean/.pico-sdk/sdk/2.1.1/src/rp2_common/pico_float/float_aeabi_rp2040.S.obj
                0x10003d0e                __wrap___aeabi_ui2f
                0x10003d0e                uint2float
 .text.__wrap___aeabi_i2f
                0x10003d18       0x44 CMakeFiles/Bg_Reader.dir/C_/Users/sean/.pico-sdk/sdk/2.1.1/src/rp2_common/pico_float/float_aeabi_rp2040.S.obj
                0x10003d18                __wrap___aeabi_i2f
                0x10003d18                int2float
 .text.__wrap___aeabi_f2uiz
                0x10003d5c       0x10 CMakeFiles/Bg_Reader.dir/C_/Users/sean/.pico-sdk/sdk/2.1.1/src/rp2_common/pico_float/float_aeabi_rp2040.S.obj
                0x10003d5c                float2uint_z
                0x10003d5c                __wrap___aeabi_f2uiz
                0x10003d5c                float2uint
 .text.__wrap___aeabi_f2d
                0x10003d6c       0x14 CMakeFiles/Bg_Reader.dir/C_/Users/sean/.pico-sdk/sdk/2.1.1/src/rp2_common/pico_float/float_aeabi_rp2040.S.obj
                0x10003d6c                __wrap___aeabi_f2d
 .text.__aeabi_float_init
                0x10003d80       0xfc CMakeFiles/Bg_Reader.dir/C_/Users/sean/.pico-sdk/sdk/2.1.1/src/rp2_common/pico_float/float_init_rom_rp2040.c.obj
                0x10003d80                __aeabi_float_init
 .text.float_table_shim_on_use_helper
                0x10003e7c       0x34 CMakeFiles/Bg_Reader.dir/C_/Users/sean/.pico-sdk/sdk/2.1.1/src/rp2_common/pico_float/float_v1_rom_shim_rp2040.S.obj
                0x10003e7c                float_table_shim_on_use_helper
 .text.float2double_shim
                0x10003eb0       0x30 CMakeFiles/Bg_Reader.dir/C_/Users/sean/.pico-sdk/sdk/2.1.1/src/rp2_common/pico_float/float_v1_rom_shim_rp2040.S.obj
                0x10003eb0                float2double_shim
 .text.__wrap_free
                0x10003ee0        0x8 CMakeFiles/Bg_Reader.dir/C_/Users/sean/.pico-sdk/sdk/2.1.1/src/rp2_common/pico_malloc/malloc.c.obj
                0x10003ee0                __wrap_free
 .text          0x10003ee8       0x10 CMakeFiles/Bg_Reader.dir/C_/Users/sean/.pico-sdk/sdk/2.1.1/src/rp2_common/pico_mem_ops/mem_ops_aeabi.S.obj
                0x10003ee8                __aeabi_mem_init
 .text.memset   0x10003ef8        0xc CMakeFiles/Bg_Reader.dir/C_/Users/sean/.pico-sdk/sdk/2.1.1/src/rp2_common/pico_mem_ops/mem_ops_aeabi.S.obj
                0x10003ef8                __wrap_memset
 .text.memcpy   0x10003f04        0xc CMakeFiles/Bg_Reader.dir/C_/Users/sean/.pico-sdk/sdk/2.1.1/src/rp2_common/pico_mem_ops/mem_ops_aeabi.S.obj
                0x10003f04                __wrap_memcpy
                0x10003f04                __wrap___aeabi_memcpy
 .text._out_buffer
                0x10003f10        0x8 CMakeFiles/Bg_Reader.dir/C_/Users/sean/.pico-sdk/sdk/2.1.1/src/rp2_common/pico_printf/printf.c.obj
 .text._out_null
                0x10003f18        0x2 CMakeFiles/Bg_Reader.dir/C_/Users/sean/.pico-sdk/sdk/2.1.1/src/rp2_common/pico_printf/printf.c.obj
 .text._out_fct
                0x10003f1a        0xe CMakeFiles/Bg_Reader.dir/C_/Users/sean/.pico-sdk/sdk/2.1.1/src/rp2_common/pico_printf/printf.c.obj
 .text._atoi    0x10003f28       0x24 CMakeFiles/Bg_Reader.dir/C_/Users/sean/.pico-sdk/sdk/2.1.1/src/rp2_common/pico_printf/printf.c.obj
 .text._out_rev
                0x10003f4c       0xb0 CMakeFiles/Bg_Reader.dir/C_/Users/sean/.pico-sdk/sdk/2.1.1/src/rp2_common/pico_printf/printf.c.obj
 .text._ntoa_format
                0x10003ffc      0x10e CMakeFiles/Bg_Reader.dir/C_/Users/sean/.pico-sdk/sdk/2.1.1/src/rp2_common/pico_printf/printf.c.obj
 .text._ntoa_long
                0x1000410a       0xbc CMakeFiles/Bg_Reader.dir/C_/Users/sean/.pico-sdk/sdk/2.1.1/src/rp2_common/pico_printf/printf.c.obj
 .text._ntoa_long_long
                0x100041c6      0x10e CMakeFiles/Bg_Reader.dir/C_/Users/sean/.pico-sdk/sdk/2.1.1/src/rp2_common/pico_printf/printf.c.obj
 .text._etoa    0x100042d4      0x424 CMakeFiles/Bg_Reader.dir/C_/Users/sean/.pico-sdk/sdk/2.1.1/src/rp2_common/pico_printf/printf.c.obj
 .text._ftoa    0x100046f8      0x348 CMakeFiles/Bg_Reader.dir/C_/Users/sean/.pico-sdk/sdk/2.1.1/src/rp2_common/pico_printf/printf.c.obj
 .text._vsnprintf
                0x10004a40      0x6a4 CMakeFiles/Bg_Reader.dir/C_/Users/sean/.pico-sdk/sdk/2.1.1/src/rp2_common/pico_printf/printf.c.obj
 .text.__wrap_snprintf
                0x100050e4       0x28 CMakeFiles/Bg_Reader.dir/C_/Users/sean/.pico-sdk/sdk/2.1.1/src/rp2_common/pico_printf/printf.c.obj
                0x100050e4                __wrap_snprintf
 .text.__wrap_vsnprintf
                0x1000510c       0x1c CMakeFiles/Bg_Reader.dir/C_/Users/sean/.pico-sdk/sdk/2.1.1/src/rp2_common/pico_printf/printf.c.obj
                0x1000510c                __wrap_vsnprintf
 .text.vfctprintf
                0x10005128       0x24 CMakeFiles/Bg_Reader.dir/C_/Users/sean/.pico-sdk/sdk/2.1.1/src/rp2_common/pico_printf/printf.c.obj
                0x10005128                vfctprintf
 .text._exit    0x1000514c        0x4 CMakeFiles/Bg_Reader.dir/C_/Users/sean/.pico-sdk/sdk/2.1.1/src/rp2_common/pico_clib_interface/newlib_interface.c.obj
                0x1000514c                _exit
 .text._sbrk    0x10005150       0x38 CMakeFiles/Bg_Reader.dir/C_/Users/sean/.pico-sdk/sdk/2.1.1/src/rp2_common/pico_clib_interface/newlib_interface.c.obj
                0x10005150                _sbrk
 .text._getpid  0x10005188        0x4 CMakeFiles/Bg_Reader.dir/C_/Users/sean/.pico-sdk/sdk/2.1.1/src/rp2_common/pico_clib_interface/newlib_interface.c.obj
                0x10005188                _getpid
 .text._kill    0x1000518c        0x6 CMakeFiles/Bg_Reader.dir/C_/Users/sean/.pico-sdk/sdk/2.1.1/src/rp2_common/pico_clib_interface/newlib_interface.c.obj
                0x1000518c                _kill
 .text.exit     0x10005192        0x6 CMakeFiles/Bg_Reader.dir/C_/Users/sean/.pico-sdk/sdk/2.1.1/src/rp2_common/pico_clib_interface/newlib_interface.c.obj
                0x10005192                exit
 .text.__assert_func
                0x10005198       0x38 CMakeFiles/Bg_Reader.dir/C_/Users/sean/.pico-sdk/sdk/2.1.1/src/rp2_common/pico_clib_interface/newlib_interface.c.obj
                0x10005198                __assert_func
 .text.runtime_init
                0x100051d0       0x28 CMakeFiles/Bg_Reader.dir/C_/Users/sean/.pico-sdk/sdk/2.1.1/src/rp2_common/pico_clib_interface/newlib_interface.c.obj
                0x100051d0                runtime_init
 .text.stdio_out_chars_no_crlf
                0x100051f8        0xe CMakeFiles/Bg_Reader.dir/C_/Users/sean/.pico-sdk/sdk/2.1.1/src/rp2_common/pico_stdio/stdio.c.obj
 *fill*         0x10005206        0x2 
 .text.stdio_out_chars_crlf
                0x10005208       0x80 CMakeFiles/Bg_Reader.dir/C_/Users/sean/.pico-sdk/sdk/2.1.1/src/rp2_common/pico_stdio/stdio.c.obj
 .text.stdio_stack_buffer_flush
                0x10005288       0x44 CMakeFiles/Bg_Reader.dir/C_/Users/sean/.pico-sdk/sdk/2.1.1/src/rp2_common/pico_stdio/stdio.c.obj
 .text.stdio_buffered_printer
                0x100052cc       0x20 CMakeFiles/Bg_Reader.dir/C_/Users/sean/.pico-sdk/sdk/2.1.1/src/rp2_common/pico_stdio/stdio.c.obj
 .text.stdout_serialize_begin
                0x100052ec       0x30 CMakeFiles/Bg_Reader.dir/C_/Users/sean/.pico-sdk/sdk/2.1.1/src/rp2_common/pico_stdio/stdio.c.obj
                0x100052ec                stdout_serialize_begin
 .text.stdout_serialize_end
                0x1000531c       0x10 CMakeFiles/Bg_Reader.dir/C_/Users/sean/.pico-sdk/sdk/2.1.1/src/rp2_common/pico_stdio/stdio.c.obj
                0x1000531c                stdout_serialize_end
 .text.stdio_put_string
                0x1000532c       0x94 CMakeFiles/Bg_Reader.dir/C_/Users/sean/.pico-sdk/sdk/2.1.1/src/rp2_common/pico_stdio/stdio.c.obj
                0x1000532c                stdio_put_string
 .text.stdio_get_until
                0x100053c0       0x74 CMakeFiles/Bg_Reader.dir/C_/Users/sean/.pico-sdk/sdk/2.1.1/src/rp2_common/pico_stdio/stdio.c.obj
                0x100053c0                stdio_get_until
 .text.stdio_set_driver_enabled
                0x10005434       0x30 CMakeFiles/Bg_Reader.dir/C_/Users/sean/.pico-sdk/sdk/2.1.1/src/rp2_common/pico_stdio/stdio.c.obj
                0x10005434                stdio_set_driver_enabled
 .text.stdio_flush
                0x10005464       0x20 CMakeFiles/Bg_Reader.dir/C_/Users/sean/.pico-sdk/sdk/2.1.1/src/rp2_common/pico_stdio/stdio.c.obj
                0x10005464                stdio_flush
 .text.stdio_init_all
                0x10005484        0x8 CMakeFiles/Bg_Reader.dir/C_/Users/sean/.pico-sdk/sdk/2.1.1/src/rp2_common/pico_stdio/stdio.c.obj
                0x10005484                stdio_init_all
 .text.stdio_getchar_timeout_us
                0x1000548c       0x54 CMakeFiles/Bg_Reader.dir/C_/Users/sean/.pico-sdk/sdk/2.1.1/src/rp2_common/pico_stdio/stdio.c.obj
                0x1000548c                stdio_getchar_timeout_us
 .text.__wrap_putchar
                0x100054e0       0x1c CMakeFiles/Bg_Reader.dir/C_/Users/sean/.pico-sdk/sdk/2.1.1/src/rp2_common/pico_stdio/stdio.c.obj
                0x100054e0                __wrap_putchar
                0x100054e0                stdio_putchar
 .text.__wrap_puts
                0x100054fc       0x1e CMakeFiles/Bg_Reader.dir/C_/Users/sean/.pico-sdk/sdk/2.1.1/src/rp2_common/pico_stdio/stdio.c.obj
                0x100054fc                stdio_puts
                0x100054fc                __wrap_puts
 *fill*         0x1000551a        0x2 
 .text.__wrap_vprintf
                0x1000551c       0x40 CMakeFiles/Bg_Reader.dir/C_/Users/sean/.pico-sdk/sdk/2.1.1/src/rp2_common/pico_stdio/stdio.c.obj
                0x1000551c                stdio_vprintf
                0x1000551c                __wrap_vprintf
 .text.__wrap_printf
                0x1000555c       0x18 CMakeFiles/Bg_Reader.dir/C_/Users/sean/.pico-sdk/sdk/2.1.1/src/rp2_common/pico_stdio/stdio.c.obj
                0x1000555c                __wrap_printf
                0x1000555c                stdio_printf
 .text.resetd_init
                0x10005574        0x2 CMakeFiles/Bg_Reader.dir/C_/Users/sean/.pico-sdk/sdk/2.1.1/src/rp2_common/pico_stdio_usb/reset_interface.c.obj
 *fill*         0x10005576        0x2 
 .text.resetd_reset
                0x10005578        0xc CMakeFiles/Bg_Reader.dir/C_/Users/sean/.pico-sdk/sdk/2.1.1/src/rp2_common/pico_stdio_usb/reset_interface.c.obj
 .text.resetd_open
                0x10005584       0x34 CMakeFiles/Bg_Reader.dir/C_/Users/sean/.pico-sdk/sdk/2.1.1/src/rp2_common/pico_stdio_usb/reset_interface.c.obj
 .text.resetd_xfer_cb
                0x100055b8        0x4 CMakeFiles/Bg_Reader.dir/C_/Users/sean/.pico-sdk/sdk/2.1.1/src/rp2_common/pico_stdio_usb/reset_interface.c.obj
 .text.resetd_control_xfer_cb
                0x100055bc       0x60 CMakeFiles/Bg_Reader.dir/C_/Users/sean/.pico-sdk/sdk/2.1.1/src/rp2_common/pico_stdio_usb/reset_interface.c.obj
 .text.tud_descriptor_bos_cb
                0x1000561c        0x8 CMakeFiles/Bg_Reader.dir/C_/Users/sean/.pico-sdk/sdk/2.1.1/src/rp2_common/pico_stdio_usb/reset_interface.c.obj
                0x1000561c                tud_descriptor_bos_cb
 .text.tud_vendor_control_xfer_cb
                0x10005624       0x38 CMakeFiles/Bg_Reader.dir/C_/Users/sean/.pico-sdk/sdk/2.1.1/src/rp2_common/pico_stdio_usb/reset_interface.c.obj
                0x10005624                tud_vendor_control_xfer_cb
 .text.usbd_app_driver_get_cb
                0x1000565c        0xc CMakeFiles/Bg_Reader.dir/C_/Users/sean/.pico-sdk/sdk/2.1.1/src/rp2_common/pico_stdio_usb/reset_interface.c.obj
                0x1000565c                usbd_app_driver_get_cb
 .text.tud_cdc_line_coding_cb
                0x10005668       0x2c CMakeFiles/Bg_Reader.dir/C_/Users/sean/.pico-sdk/sdk/2.1.1/src/rp2_common/pico_stdio_usb/reset_interface.c.obj
                0x10005668                tud_cdc_line_coding_cb
 .text.stdio_usb_set_chars_available_callback
                0x10005694       0x14 CMakeFiles/Bg_Reader.dir/C_/Users/sean/.pico-sdk/sdk/2.1.1/src/rp2_common/pico_stdio_usb/stdio_usb.c.obj
                0x10005694                stdio_usb_set_chars_available_callback
 .text.stdio_usb_out_flush
                0x100056a8       0x4c CMakeFiles/Bg_Reader.dir/C_/Users/sean/.pico-sdk/sdk/2.1.1/src/rp2_common/pico_stdio_usb/stdio_usb.c.obj
 .text.usb_irq  0x100056f4       0x10 CMakeFiles/Bg_Reader.dir/C_/Users/sean/.pico-sdk/sdk/2.1.1/src/rp2_common/pico_stdio_usb/stdio_usb.c.obj
 .text.critical_section_enter_blocking
                0x10005704       0x16 CMakeFiles/Bg_Reader.dir/C_/Users/sean/.pico-sdk/sdk/2.1.1/src/rp2_common/pico_stdio_usb/stdio_usb.c.obj
 *fill*         0x1000571a        0x2 
 .text.timer_task
                0x1000571c       0x60 CMakeFiles/Bg_Reader.dir/C_/Users/sean/.pico-sdk/sdk/2.1.1/src/rp2_common/pico_stdio_usb/stdio_usb.c.obj
 .text.alarm_pool_add_alarm_in_us
                0x1000577c       0x40 CMakeFiles/Bg_Reader.dir/C_/Users/sean/.pico-sdk/sdk/2.1.1/src/rp2_common/pico_stdio_usb/stdio_usb.c.obj
 .text.add_alarm_in_us
                0x100057bc       0x2e CMakeFiles/Bg_Reader.dir/C_/Users/sean/.pico-sdk/sdk/2.1.1/src/rp2_common/pico_stdio_usb/stdio_usb.c.obj
 *fill*         0x100057ea        0x2 
 .text.low_priority_worker_irq
                0x100057ec       0x9c CMakeFiles/Bg_Reader.dir/C_/Users/sean/.pico-sdk/sdk/2.1.1/src/rp2_common/pico_stdio_usb/stdio_usb.c.obj
 .text.stdio_usb_init
                0x10005888       0xe0 CMakeFiles/Bg_Reader.dir/C_/Users/sean/.pico-sdk/sdk/2.1.1/src/rp2_common/pico_stdio_usb/stdio_usb.c.obj
                0x10005888                stdio_usb_init
 .text.stdio_usb_connected
                0x10005968        0xa CMakeFiles/Bg_Reader.dir/C_/Users/sean/.pico-sdk/sdk/2.1.1/src/rp2_common/pico_stdio_usb/stdio_usb.c.obj
                0x10005968                stdio_usb_connected
 *fill*         0x10005972        0x2 
 .text.stdio_usb_in_chars
                0x10005974       0x98 CMakeFiles/Bg_Reader.dir/C_/Users/sean/.pico-sdk/sdk/2.1.1/src/rp2_common/pico_stdio_usb/stdio_usb.c.obj
                0x10005974                stdio_usb_in_chars
 .text.stdio_usb_out_chars
                0x10005a0c       0xe8 CMakeFiles/Bg_Reader.dir/C_/Users/sean/.pico-sdk/sdk/2.1.1/src/rp2_common/pico_stdio_usb/stdio_usb.c.obj
 .text.tud_descriptor_device_cb
                0x10005af4        0x8 CMakeFiles/Bg_Reader.dir/C_/Users/sean/.pico-sdk/sdk/2.1.1/src/rp2_common/pico_stdio_usb/stdio_usb_descriptors.c.obj
                0x10005af4                tud_descriptor_device_cb
 .text.tud_descriptor_configuration_cb
                0x10005afc        0x8 CMakeFiles/Bg_Reader.dir/C_/Users/sean/.pico-sdk/sdk/2.1.1/src/rp2_common/pico_stdio_usb/stdio_usb_descriptors.c.obj
                0x10005afc                tud_descriptor_configuration_cb
 .text.tud_descriptor_string_cb
                0x10005b04       0x6c CMakeFiles/Bg_Reader.dir/C_/Users/sean/.pico-sdk/sdk/2.1.1/src/rp2_common/pico_stdio_usb/stdio_usb_descriptors.c.obj
                0x10005b04                tud_descriptor_string_cb
 .text._retrieve_unique_id_on_boot
                0x10005b70       0x10 CMakeFiles/Bg_Reader.dir/C_/Users/sean/.pico-sdk/sdk/2.1.1/src/rp2_common/pico_unique_id/unique_id.c.obj
 .text.pico_get_unique_board_id_string
                0x10005b80       0x58 CMakeFiles/Bg_Reader.dir/C_/Users/sean/.pico-sdk/sdk/2.1.1/src/rp2_common/pico_unique_id/unique_id.c.obj
                0x10005b80                pico_get_unique_board_id_string
 .text.flash_get_unique_id
                0x10005bd8       0x40 CMakeFiles/Bg_Reader.dir/C_/Users/sean/.pico-sdk/sdk/2.1.1/src/rp2_common/hardware_flash/flash.c.obj
                0x10005bd8                flash_get_unique_id
 .text.hw_endpoint_init
                0x10005c18       0xc0 CMakeFiles/Bg_Reader.dir/C_/Users/sean/.pico-sdk/sdk/2.1.1/lib/tinyusb/src/portable/raspberrypi/rp2040/dcd_rp2040.c.obj
 .text.hw_endpoint_alloc
                0x10005cd8       0x48 CMakeFiles/Bg_Reader.dir/C_/Users/sean/.pico-sdk/sdk/2.1.1/lib/tinyusb/src/portable/raspberrypi/rp2040/dcd_rp2040.c.obj
 .text.hw_endpoint_open
                0x10005d20       0x50 CMakeFiles/Bg_Reader.dir/C_/Users/sean/.pico-sdk/sdk/2.1.1/lib/tinyusb/src/portable/raspberrypi/rp2040/dcd_rp2040.c.obj
 .text.hw_endpoint_xfer
                0x10005d70       0x20 CMakeFiles/Bg_Reader.dir/C_/Users/sean/.pico-sdk/sdk/2.1.1/lib/tinyusb/src/portable/raspberrypi/rp2040/dcd_rp2040.c.obj
 .text.dcd_int_enable
                0x10005d90       0x2c CMakeFiles/Bg_Reader.dir/C_/Users/sean/.pico-sdk/sdk/2.1.1/lib/tinyusb/src/portable/raspberrypi/rp2040/dcd_rp2040.c.obj
                0x10005d90                dcd_int_enable
 .text.dcd_set_address
                0x10005dbc       0x2c CMakeFiles/Bg_Reader.dir/C_/Users/sean/.pico-sdk/sdk/2.1.1/lib/tinyusb/src/portable/raspberrypi/rp2040/dcd_rp2040.c.obj
                0x10005dbc                dcd_set_address
 .text.dcd_connect
                0x10005de8       0x10 CMakeFiles/Bg_Reader.dir/C_/Users/sean/.pico-sdk/sdk/2.1.1/lib/tinyusb/src/portable/raspberrypi/rp2040/dcd_rp2040.c.obj
                0x10005de8                dcd_connect
 .text.dcd_init
                0x10005df8       0x80 CMakeFiles/Bg_Reader.dir/C_/Users/sean/.pico-sdk/sdk/2.1.1/lib/tinyusb/src/portable/raspberrypi/rp2040/dcd_rp2040.c.obj
                0x10005df8                dcd_init
 .text.dcd_sof_enable
                0x10005e78       0x1c CMakeFiles/Bg_Reader.dir/C_/Users/sean/.pico-sdk/sdk/2.1.1/lib/tinyusb/src/portable/raspberrypi/rp2040/dcd_rp2040.c.obj
                0x10005e78                dcd_sof_enable
 .text.dcd_edpt0_status_complete
                0x10005e94       0x1c CMakeFiles/Bg_Reader.dir/C_/Users/sean/.pico-sdk/sdk/2.1.1/lib/tinyusb/src/portable/raspberrypi/rp2040/dcd_rp2040.c.obj
                0x10005e94                dcd_edpt0_status_complete
 .text.dcd_edpt_open
                0x10005eb0       0x26 CMakeFiles/Bg_Reader.dir/C_/Users/sean/.pico-sdk/sdk/2.1.1/lib/tinyusb/src/portable/raspberrypi/rp2040/dcd_rp2040.c.obj
                0x10005eb0                dcd_edpt_open
 .text.dcd_edpt_close_all
                0x10005ed6        0x8 CMakeFiles/Bg_Reader.dir/C_/Users/sean/.pico-sdk/sdk/2.1.1/lib/tinyusb/src/portable/raspberrypi/rp2040/dcd_rp2040.c.obj
                0x10005ed6                dcd_edpt_close_all
 *fill*         0x10005ede        0x2 
 .text.dcd_edpt_xfer
                0x10005ee0       0x30 CMakeFiles/Bg_Reader.dir/C_/Users/sean/.pico-sdk/sdk/2.1.1/lib/tinyusb/src/portable/raspberrypi/rp2040/dcd_rp2040.c.obj
                0x10005ee0                dcd_edpt_xfer
 .text.dcd_edpt_stall
                0x10005f10       0x3c CMakeFiles/Bg_Reader.dir/C_/Users/sean/.pico-sdk/sdk/2.1.1/lib/tinyusb/src/portable/raspberrypi/rp2040/dcd_rp2040.c.obj
                0x10005f10                dcd_edpt_stall
 .text.dcd_edpt_clear_stall
                0x10005f4c       0x30 CMakeFiles/Bg_Reader.dir/C_/Users/sean/.pico-sdk/sdk/2.1.1/lib/tinyusb/src/portable/raspberrypi/rp2040/dcd_rp2040.c.obj
                0x10005f4c                dcd_edpt_clear_stall
 .text.unaligned_memcpy
                0x10005f7c       0x14 CMakeFiles/Bg_Reader.dir/C_/Users/sean/.pico-sdk/sdk/2.1.1/lib/tinyusb/src/portable/raspberrypi/rp2040/rp2040_usb.c.obj
 .text.rp2040_usb_init
                0x10005f90       0x44 CMakeFiles/Bg_Reader.dir/C_/Users/sean/.pico-sdk/sdk/2.1.1/lib/tinyusb/src/portable/raspberrypi/rp2040/rp2040_usb.c.obj
                0x10005f90                rp2040_usb_init
 .text.hw_endpoint_xfer_start
                0x10005fd4       0x60 CMakeFiles/Bg_Reader.dir/C_/Users/sean/.pico-sdk/sdk/2.1.1/lib/tinyusb/src/portable/raspberrypi/rp2040/rp2040_usb.c.obj
                0x10005fd4                hw_endpoint_xfer_start
 .text.configuration_reset
                0x10006034       0x84 CMakeFiles/Bg_Reader.dir/C_/Users/sean/.pico-sdk/sdk/2.1.1/lib/tinyusb/src/device/usbd.c.obj
 .text.critical_section_enter_blocking
                0x100060b8       0x16 CMakeFiles/Bg_Reader.dir/C_/Users/sean/.pico-sdk/sdk/2.1.1/lib/tinyusb/src/device/usbd.c.obj
 .text.usbd_reset
                0x100060ce        0xc CMakeFiles/Bg_Reader.dir/C_/Users/sean/.pico-sdk/sdk/2.1.1/lib/tinyusb/src/device/usbd.c.obj
 .text.invoke_class_control
                0x100060da       0x1a CMakeFiles/Bg_Reader.dir/C_/Users/sean/.pico-sdk/sdk/2.1.1/lib/tinyusb/src/device/usbd.c.obj
 .text.process_set_config
                0x100060f4      0x1b0 CMakeFiles/Bg_Reader.dir/C_/Users/sean/.pico-sdk/sdk/2.1.1/lib/tinyusb/src/device/usbd.c.obj
 .text.tud_event_hook_cb
                0x100062a4        0x2 CMakeFiles/Bg_Reader.dir/C_/Users/sean/.pico-sdk/sdk/2.1.1/lib/tinyusb/src/device/usbd.c.obj
                0x100062a4                tud_event_hook_cb
 .text.tud_sof_cb
                0x100062a6        0x2 CMakeFiles/Bg_Reader.dir/C_/Users/sean/.pico-sdk/sdk/2.1.1/lib/tinyusb/src/device/usbd.c.obj
                0x100062a6                tud_sof_cb
 .text.tud_descriptor_device_qualifier_cb
                0x100062a8        0x4 CMakeFiles/Bg_Reader.dir/C_/Users/sean/.pico-sdk/sdk/2.1.1/lib/tinyusb/src/device/usbd.c.obj
                0x100062a8                tud_descriptor_device_qualifier_cb
 .text.tud_descriptor_other_speed_configuration_cb
                0x100062ac        0x4 CMakeFiles/Bg_Reader.dir/C_/Users/sean/.pico-sdk/sdk/2.1.1/lib/tinyusb/src/device/usbd.c.obj
                0x100062ac                tud_descriptor_other_speed_configuration_cb
 .text.process_get_descriptor
                0x100062b0       0xe0 CMakeFiles/Bg_Reader.dir/C_/Users/sean/.pico-sdk/sdk/2.1.1/lib/tinyusb/src/device/usbd.c.obj
 .text.tud_mount_cb
                0x10006390        0x2 CMakeFiles/Bg_Reader.dir/C_/Users/sean/.pico-sdk/sdk/2.1.1/lib/tinyusb/src/device/usbd.c.obj
                0x10006390                tud_mount_cb
 .text.tud_umount_cb
                0x10006392        0x2 CMakeFiles/Bg_Reader.dir/C_/Users/sean/.pico-sdk/sdk/2.1.1/lib/tinyusb/src/device/usbd.c.obj
                0x10006392                tud_umount_cb
 .text.tud_suspend_cb
                0x10006394        0x2 CMakeFiles/Bg_Reader.dir/C_/Users/sean/.pico-sdk/sdk/2.1.1/lib/tinyusb/src/device/usbd.c.obj
                0x10006394                tud_suspend_cb
 .text.tud_resume_cb
                0x10006396        0x2 CMakeFiles/Bg_Reader.dir/C_/Users/sean/.pico-sdk/sdk/2.1.1/lib/tinyusb/src/device/usbd.c.obj
                0x10006396                tud_resume_cb
 .text.tud_mounted
                0x10006398       0x10 CMakeFiles/Bg_Reader.dir/C_/Users/sean/.pico-sdk/sdk/2.1.1/lib/tinyusb/src/device/usbd.c.obj
                0x10006398                tud_mounted
 .text.tud_suspended
                0x100063a8       0x10 CMakeFiles/Bg_Reader.dir/C_/Users/sean/.pico-sdk/sdk/2.1.1/lib/tinyusb/src/device/usbd.c.obj
                0x100063a8                tud_suspended
 .text.tud_inited
                0x100063b8       0x14 CMakeFiles/Bg_Reader.dir/C_/Users/sean/.pico-sdk/sdk/2.1.1/lib/tinyusb/src/device/usbd.c.obj
                0x100063b8                tud_inited
 .text.tud_rhport_init
                0x100063cc      0x100 CMakeFiles/Bg_Reader.dir/C_/Users/sean/.pico-sdk/sdk/2.1.1/lib/tinyusb/src/device/usbd.c.obj
                0x100063cc                tud_rhport_init
 .text.usbd_edpt_open
                0x100064cc       0x60 CMakeFiles/Bg_Reader.dir/C_/Users/sean/.pico-sdk/sdk/2.1.1/lib/tinyusb/src/device/usbd.c.obj
                0x100064cc                usbd_edpt_open
 .text.usbd_open_edpt_pair
                0x1000652c       0x88 CMakeFiles/Bg_Reader.dir/C_/Users/sean/.pico-sdk/sdk/2.1.1/lib/tinyusb/src/device/usbd.c.obj
                0x1000652c                usbd_open_edpt_pair
 .text.usbd_edpt_claim
                0x100065b4       0x28 CMakeFiles/Bg_Reader.dir/C_/Users/sean/.pico-sdk/sdk/2.1.1/lib/tinyusb/src/device/usbd.c.obj
                0x100065b4                usbd_edpt_claim
 .text.usbd_edpt_release
                0x100065dc       0x28 CMakeFiles/Bg_Reader.dir/C_/Users/sean/.pico-sdk/sdk/2.1.1/lib/tinyusb/src/device/usbd.c.obj
                0x100065dc                usbd_edpt_release
 .text.usbd_edpt_xfer
                0x10006604       0x88 CMakeFiles/Bg_Reader.dir/C_/Users/sean/.pico-sdk/sdk/2.1.1/lib/tinyusb/src/device/usbd.c.obj
                0x10006604                usbd_edpt_xfer
 .text.usbd_edpt_stall
                0x1000668c       0x34 CMakeFiles/Bg_Reader.dir/C_/Users/sean/.pico-sdk/sdk/2.1.1/lib/tinyusb/src/device/usbd.c.obj
                0x1000668c                usbd_edpt_stall
 .text.usbd_edpt_clear_stall
                0x100066c0       0x34 CMakeFiles/Bg_Reader.dir/C_/Users/sean/.pico-sdk/sdk/2.1.1/lib/tinyusb/src/device/usbd.c.obj
                0x100066c0                usbd_edpt_clear_stall
 .text.usbd_edpt_stalled
                0x100066f4       0x1c CMakeFiles/Bg_Reader.dir/C_/Users/sean/.pico-sdk/sdk/2.1.1/lib/tinyusb/src/device/usbd.c.obj
                0x100066f4                usbd_edpt_stalled
 .text.process_control_request
                0x10006710      0x384 CMakeFiles/Bg_Reader.dir/C_/Users/sean/.pico-sdk/sdk/2.1.1/lib/tinyusb/src/device/usbd.c.obj
 .text.tud_task_ext
                0x10006a94      0x1c4 CMakeFiles/Bg_Reader.dir/C_/Users/sean/.pico-sdk/sdk/2.1.1/lib/tinyusb/src/device/usbd.c.obj
                0x10006a94                tud_task_ext
 .text.status_stage_xact
                0x10006c58       0x1a CMakeFiles/Bg_Reader.dir/C_/Users/sean/.pico-sdk/sdk/2.1.1/lib/tinyusb/src/device/usbd_control.c.obj
 *fill*         0x10006c72        0x2 
 .text.data_stage_xact
                0x10006c74       0x60 CMakeFiles/Bg_Reader.dir/C_/Users/sean/.pico-sdk/sdk/2.1.1/lib/tinyusb/src/device/usbd_control.c.obj
 .text.tud_control_status
                0x10006cd4       0x28 CMakeFiles/Bg_Reader.dir/C_/Users/sean/.pico-sdk/sdk/2.1.1/lib/tinyusb/src/device/usbd_control.c.obj
                0x10006cd4                tud_control_status
 .text.tud_control_xfer
                0x10006cfc       0x98 CMakeFiles/Bg_Reader.dir/C_/Users/sean/.pico-sdk/sdk/2.1.1/lib/tinyusb/src/device/usbd_control.c.obj
                0x10006cfc                tud_control_xfer
 .text.usbd_control_reset
                0x10006d94       0x14 CMakeFiles/Bg_Reader.dir/C_/Users/sean/.pico-sdk/sdk/2.1.1/lib/tinyusb/src/device/usbd_control.c.obj
                0x10006d94                usbd_control_reset
 .text.usbd_control_set_complete_callback
                0x10006da8        0xc CMakeFiles/Bg_Reader.dir/C_/Users/sean/.pico-sdk/sdk/2.1.1/lib/tinyusb/src/device/usbd_control.c.obj
                0x10006da8                usbd_control_set_complete_callback
 .text.usbd_control_set_request
                0x10006db4       0x1c CMakeFiles/Bg_Reader.dir/C_/Users/sean/.pico-sdk/sdk/2.1.1/lib/tinyusb/src/device/usbd_control.c.obj
                0x10006db4                usbd_control_set_request
 .text.usbd_control_xfer_cb
                0x10006dd0       0xe0 CMakeFiles/Bg_Reader.dir/C_/Users/sean/.pico-sdk/sdk/2.1.1/lib/tinyusb/src/device/usbd_control.c.obj
                0x10006dd0                usbd_control_xfer_cb
 .text._prep_out_transaction
                0x10006eb0       0x94 CMakeFiles/Bg_Reader.dir/C_/Users/sean/.pico-sdk/sdk/2.1.1/lib/tinyusb/src/class/cdc/cdc_device.c.obj
 .text.tud_cdc_n_connected
                0x10006f44       0x38 CMakeFiles/Bg_Reader.dir/C_/Users/sean/.pico-sdk/sdk/2.1.1/lib/tinyusb/src/class/cdc/cdc_device.c.obj
                0x10006f44                tud_cdc_n_connected
 .text.tud_cdc_n_available
                0x10006f7c       0x18 CMakeFiles/Bg_Reader.dir/C_/Users/sean/.pico-sdk/sdk/2.1.1/lib/tinyusb/src/class/cdc/cdc_device.c.obj
                0x10006f7c                tud_cdc_n_available
 .text.tud_cdc_n_read
                0x10006f94       0x38 CMakeFiles/Bg_Reader.dir/C_/Users/sean/.pico-sdk/sdk/2.1.1/lib/tinyusb/src/class/cdc/cdc_device.c.obj
                0x10006f94                tud_cdc_n_read
 .text.tud_cdc_n_write_flush
                0x10006fcc       0xb0 CMakeFiles/Bg_Reader.dir/C_/Users/sean/.pico-sdk/sdk/2.1.1/lib/tinyusb/src/class/cdc/cdc_device.c.obj
                0x10006fcc                tud_cdc_n_write_flush
 .text.tud_cdc_n_write
                0x1000707c       0x48 CMakeFiles/Bg_Reader.dir/C_/Users/sean/.pico-sdk/sdk/2.1.1/lib/tinyusb/src/class/cdc/cdc_device.c.obj
                0x1000707c                tud_cdc_n_write
 .text.tud_cdc_n_write_available
                0x100070c4       0x18 CMakeFiles/Bg_Reader.dir/C_/Users/sean/.pico-sdk/sdk/2.1.1/lib/tinyusb/src/class/cdc/cdc_device.c.obj
                0x100070c4                tud_cdc_n_write_available
 .text.cdcd_init
                0x100070dc       0xac CMakeFiles/Bg_Reader.dir/C_/Users/sean/.pico-sdk/sdk/2.1.1/lib/tinyusb/src/class/cdc/cdc_device.c.obj
                0x100070dc                cdcd_init
 .text.cdcd_deinit
                0x10007188       0x48 CMakeFiles/Bg_Reader.dir/C_/Users/sean/.pico-sdk/sdk/2.1.1/lib/tinyusb/src/class/cdc/cdc_device.c.obj
                0x10007188                cdcd_deinit
 .text.cdcd_reset
                0x100071d0       0x70 CMakeFiles/Bg_Reader.dir/C_/Users/sean/.pico-sdk/sdk/2.1.1/lib/tinyusb/src/class/cdc/cdc_device.c.obj
                0x100071d0                cdcd_reset
 .text.cdcd_open
                0x10007240       0xec CMakeFiles/Bg_Reader.dir/C_/Users/sean/.pico-sdk/sdk/2.1.1/lib/tinyusb/src/class/cdc/cdc_device.c.obj
                0x10007240                cdcd_open
 .text.cdcd_control_xfer_cb
                0x1000732c      0x13c CMakeFiles/Bg_Reader.dir/C_/Users/sean/.pico-sdk/sdk/2.1.1/lib/tinyusb/src/class/cdc/cdc_device.c.obj
                0x1000732c                cdcd_control_xfer_cb
 .text.cdcd_xfer_cb
                0x10007468      0x148 CMakeFiles/Bg_Reader.dir/C_/Users/sean/.pico-sdk/sdk/2.1.1/lib/tinyusb/src/class/cdc/cdc_device.c.obj
                0x10007468                cdcd_xfer_cb
 .text.tud_vendor_n_mounted
                0x100075b0       0x3c CMakeFiles/Bg_Reader.dir/C_/Users/sean/.pico-sdk/sdk/2.1.1/lib/tinyusb/src/class/vendor/vendor_device.c.obj
                0x100075b0                tud_vendor_n_mounted
 .text.tud_vendor_n_write_flush
                0x100075ec       0x20 CMakeFiles/Bg_Reader.dir/C_/Users/sean/.pico-sdk/sdk/2.1.1/lib/tinyusb/src/class/vendor/vendor_device.c.obj
                0x100075ec                tud_vendor_n_write_flush
 .text.vendord_init
                0x1000760c       0x9c CMakeFiles/Bg_Reader.dir/C_/Users/sean/.pico-sdk/sdk/2.1.1/lib/tinyusb/src/class/vendor/vendor_device.c.obj
                0x1000760c                vendord_init
 .text.vendord_deinit
                0x100076a8       0x34 CMakeFiles/Bg_Reader.dir/C_/Users/sean/.pico-sdk/sdk/2.1.1/lib/tinyusb/src/class/vendor/vendor_device.c.obj
                0x100076a8                vendord_deinit
 .text.vendord_reset
                0x100076dc       0x50 CMakeFiles/Bg_Reader.dir/C_/Users/sean/.pico-sdk/sdk/2.1.1/lib/tinyusb/src/class/vendor/vendor_device.c.obj
                0x100076dc                vendord_reset
 .text.vendord_open
                0x1000772c      0x14c CMakeFiles/Bg_Reader.dir/C_/Users/sean/.pico-sdk/sdk/2.1.1/lib/tinyusb/src/class/vendor/vendor_device.c.obj
                0x1000772c                vendord_open
 .text.vendord_xfer_cb
                0x10007878       0xd8 CMakeFiles/Bg_Reader.dir/C_/Users/sean/.pico-sdk/sdk/2.1.1/lib/tinyusb/src/class/vendor/vendor_device.c.obj
                0x10007878                vendord_xfer_cb
 .text.tusb_rhport_init
                0x10007950       0x78 CMakeFiles/Bg_Reader.dir/C_/Users/sean/.pico-sdk/sdk/2.1.1/lib/tinyusb/src/tusb.c.obj
                0x10007950                tusb_rhport_init
 .text.tu_edpt_claim
                0x100079c8       0x50 CMakeFiles/Bg_Reader.dir/C_/Users/sean/.pico-sdk/sdk/2.1.1/lib/tinyusb/src/tusb.c.obj
                0x100079c8                tu_edpt_claim
 .text.tu_edpt_release
                0x10007a18       0x38 CMakeFiles/Bg_Reader.dir/C_/Users/sean/.pico-sdk/sdk/2.1.1/lib/tinyusb/src/tusb.c.obj
                0x10007a18                tu_edpt_release
 .text.tu_edpt_validate
                0x10007a50       0xac CMakeFiles/Bg_Reader.dir/C_/Users/sean/.pico-sdk/sdk/2.1.1/lib/tinyusb/src/tusb.c.obj
                0x10007a50                tu_edpt_validate
 .text.tu_edpt_bind_driver
                0x10007afc       0x26 CMakeFiles/Bg_Reader.dir/C_/Users/sean/.pico-sdk/sdk/2.1.1/lib/tinyusb/src/tusb.c.obj
                0x10007afc                tu_edpt_bind_driver
 .text.tu_edpt_stream_init
                0x10007b22       0x62 CMakeFiles/Bg_Reader.dir/C_/Users/sean/.pico-sdk/sdk/2.1.1/lib/tinyusb/src/tusb.c.obj
                0x10007b22                tu_edpt_stream_init
 .text.tu_edpt_stream_deinit
                0x10007b84        0x4 CMakeFiles/Bg_Reader.dir/C_/Users/sean/.pico-sdk/sdk/2.1.1/lib/tinyusb/src/tusb.c.obj
                0x10007b84                tu_edpt_stream_deinit
 .text.tu_edpt_stream_write_zlp_if_needed
                0x10007b88       0x80 CMakeFiles/Bg_Reader.dir/C_/Users/sean/.pico-sdk/sdk/2.1.1/lib/tinyusb/src/tusb.c.obj
                0x10007b88                tu_edpt_stream_write_zlp_if_needed
 .text.tu_edpt_stream_write_xfer
                0x10007c08       0x84 CMakeFiles/Bg_Reader.dir/C_/Users/sean/.pico-sdk/sdk/2.1.1/lib/tinyusb/src/tusb.c.obj
                0x10007c08                tu_edpt_stream_write_xfer
 .text.tu_edpt_stream_read_xfer
                0x10007c8c       0xf4 CMakeFiles/Bg_Reader.dir/C_/Users/sean/.pico-sdk/sdk/2.1.1/lib/tinyusb/src/tusb.c.obj
                0x10007c8c                tu_edpt_stream_read_xfer
 .text.advance_index
                0x10007d80       0x1a CMakeFiles/Bg_Reader.dir/C_/Users/sean/.pico-sdk/sdk/2.1.1/lib/tinyusb/src/common/tusb_fifo.c.obj
 .text._tu_fifo_peek
                0x10007d9a       0x56 CMakeFiles/Bg_Reader.dir/C_/Users/sean/.pico-sdk/sdk/2.1.1/lib/tinyusb/src/common/tusb_fifo.c.obj
 .text._ff_pull_n
                0x10007df0       0x68 CMakeFiles/Bg_Reader.dir/C_/Users/sean/.pico-sdk/sdk/2.1.1/lib/tinyusb/src/common/tusb_fifo.c.obj
 .text._tu_fifo_peek_n
                0x10007e58       0x6a CMakeFiles/Bg_Reader.dir/C_/Users/sean/.pico-sdk/sdk/2.1.1/lib/tinyusb/src/common/tusb_fifo.c.obj
 .text._tu_fifo_read_n
                0x10007ec2       0x4e CMakeFiles/Bg_Reader.dir/C_/Users/sean/.pico-sdk/sdk/2.1.1/lib/tinyusb/src/common/tusb_fifo.c.obj
 .text._ff_push_n
                0x10007f10       0x68 CMakeFiles/Bg_Reader.dir/C_/Users/sean/.pico-sdk/sdk/2.1.1/lib/tinyusb/src/common/tusb_fifo.c.obj
 .text._tu_fifo_write_n
                0x10007f78       0xf0 CMakeFiles/Bg_Reader.dir/C_/Users/sean/.pico-sdk/sdk/2.1.1/lib/tinyusb/src/common/tusb_fifo.c.obj
 .text.tu_fifo_config
                0x10008068       0x7c CMakeFiles/Bg_Reader.dir/C_/Users/sean/.pico-sdk/sdk/2.1.1/lib/tinyusb/src/common/tusb_fifo.c.obj
                0x10008068                tu_fifo_config
 .text.tu_fifo_count
                0x100080e4       0x2c CMakeFiles/Bg_Reader.dir/C_/Users/sean/.pico-sdk/sdk/2.1.1/lib/tinyusb/src/common/tusb_fifo.c.obj
                0x100080e4                tu_fifo_count
 .text.tu_fifo_empty
                0x10008110        0xe CMakeFiles/Bg_Reader.dir/C_/Users/sean/.pico-sdk/sdk/2.1.1/lib/tinyusb/src/common/tusb_fifo.c.obj
                0x10008110                tu_fifo_empty
 .text.tu_fifo_full
                0x1000811e       0x2a CMakeFiles/Bg_Reader.dir/C_/Users/sean/.pico-sdk/sdk/2.1.1/lib/tinyusb/src/common/tusb_fifo.c.obj
                0x1000811e                tu_fifo_full
 .text.tu_fifo_remaining
                0x10008148       0x2e CMakeFiles/Bg_Reader.dir/C_/Users/sean/.pico-sdk/sdk/2.1.1/lib/tinyusb/src/common/tusb_fifo.c.obj
                0x10008148                tu_fifo_remaining
 .text.tu_fifo_read
                0x10008176       0x42 CMakeFiles/Bg_Reader.dir/C_/Users/sean/.pico-sdk/sdk/2.1.1/lib/tinyusb/src/common/tusb_fifo.c.obj
                0x10008176                tu_fifo_read
 .text.tu_fifo_read_n
                0x100081b8        0xa CMakeFiles/Bg_Reader.dir/C_/Users/sean/.pico-sdk/sdk/2.1.1/lib/tinyusb/src/common/tusb_fifo.c.obj
                0x100081b8                tu_fifo_read_n
 .text.tu_fifo_write
                0x100081c2       0x64 CMakeFiles/Bg_Reader.dir/C_/Users/sean/.pico-sdk/sdk/2.1.1/lib/tinyusb/src/common/tusb_fifo.c.obj
                0x100081c2                tu_fifo_write
 .text.tu_fifo_write_n
                0x10008226        0xa CMakeFiles/Bg_Reader.dir/C_/Users/sean/.pico-sdk/sdk/2.1.1/lib/tinyusb/src/common/tusb_fifo.c.obj
                0x10008226                tu_fifo_write_n
 .text.tu_fifo_clear
                0x10008230       0x3e CMakeFiles/Bg_Reader.dir/C_/Users/sean/.pico-sdk/sdk/2.1.1/lib/tinyusb/src/common/tusb_fifo.c.obj
                0x10008230                tu_fifo_clear
 .text.tu_fifo_set_overwritable
                0x1000826e       0x46 CMakeFiles/Bg_Reader.dir/C_/Users/sean/.pico-sdk/sdk/2.1.1/lib/tinyusb/src/common/tusb_fifo.c.obj
                0x1000826e                tu_fifo_set_overwritable
 .text.i2c_unreset
                0x100082b4       0x2c CMakeFiles/Bg_Reader.dir/C_/Users/sean/.pico-sdk/sdk/2.1.1/src/rp2_common/hardware_i2c/i2c.c.obj
 .text.i2c_write_blocking_internal
                0x100082e0      0x158 CMakeFiles/Bg_Reader.dir/C_/Users/sean/.pico-sdk/sdk/2.1.1/src/rp2_common/hardware_i2c/i2c.c.obj
 .text.i2c_read_blocking_internal
                0x10008438      0x102 CMakeFiles/Bg_Reader.dir/C_/Users/sean/.pico-sdk/sdk/2.1.1/src/rp2_common/hardware_i2c/i2c.c.obj
 *fill*         0x1000853a        0x2 
 .text.i2c_set_baudrate
                0x1000853c       0xf0 CMakeFiles/Bg_Reader.dir/C_/Users/sean/.pico-sdk/sdk/2.1.1/src/rp2_common/hardware_i2c/i2c.c.obj
                0x1000853c                i2c_set_baudrate
 .text.i2c_init
                0x1000862c       0x54 CMakeFiles/Bg_Reader.dir/C_/Users/sean/.pico-sdk/sdk/2.1.1/src/rp2_common/hardware_i2c/i2c.c.obj
                0x1000862c                i2c_init
 .text.i2c_write_blocking
                0x10008680       0x18 CMakeFiles/Bg_Reader.dir/C_/Users/sean/.pico-sdk/sdk/2.1.1/src/rp2_common/hardware_i2c/i2c.c.obj
                0x10008680                i2c_write_blocking
 .text.i2c_read_blocking
                0x10008698       0x18 CMakeFiles/Bg_Reader.dir/C_/Users/sean/.pico-sdk/sdk/2.1.1/src/rp2_common/hardware_i2c/i2c.c.obj
                0x10008698                i2c_read_blocking
 .text.pio_get_default_sm_config
                0x100086b0       0x28 CMakeFiles/Bg_Reader.dir/C_/Users/sean/.pico-sdk/sdk/2.1.1/src/rp2_common/hardware_pio/pio.c.obj
 .text.is_program_gpio_compatible
                0x100086d8        0x4 CMakeFiles/Bg_Reader.dir/C_/Users/sean/.pico-sdk/sdk/2.1.1/src/rp2_common/hardware_pio/pio.c.obj
 .text.add_program_at_offset_check
                0x100086dc       0x64 CMakeFiles/Bg_Reader.dir/C_/Users/sean/.pico-sdk/sdk/2.1.1/src/rp2_common/hardware_pio/pio.c.obj
 .text.add_program_at_offset
                0x10008740       0x60 CMakeFiles/Bg_Reader.dir/C_/Users/sean/.pico-sdk/sdk/2.1.1/src/rp2_common/hardware_pio/pio.c.obj
 .text.find_offset_for_program
                0x100087a0       0x7c CMakeFiles/Bg_Reader.dir/C_/Users/sean/.pico-sdk/sdk/2.1.1/src/rp2_common/hardware_pio/pio.c.obj
 .text.pio_add_program
                0x1000881c       0x30 CMakeFiles/Bg_Reader.dir/C_/Users/sean/.pico-sdk/sdk/2.1.1/src/rp2_common/hardware_pio/pio.c.obj
                0x1000881c                pio_add_program
 .text.pio_sm_set_consecutive_pindirs
                0x1000884c       0xb4 CMakeFiles/Bg_Reader.dir/C_/Users/sean/.pico-sdk/sdk/2.1.1/src/rp2_common/hardware_pio/pio.c.obj
                0x1000884c                pio_sm_set_consecutive_pindirs
 .text.pio_sm_init
                0x10008900       0xb4 CMakeFiles/Bg_Reader.dir/C_/Users/sean/.pico-sdk/sdk/2.1.1/src/rp2_common/hardware_pio/pio.c.obj
                0x10008900                pio_sm_init
 .text._ZNK10__cxxabiv117__class_type_info11__do_upcastEPKS0_PPv
                0x100089b4       0x34 C:/Users/sean/.pico-sdk/toolchain/14_2_Rel1/bin/../lib/gcc/arm-none-eabi/14.2.1/thumb/v6-m/nofp\libstdc++.a(class_type_info.o)
                0x100089b4                __cxxabiv1::__class_type_info::__do_upcast(__cxxabiv1::__class_type_info const*, void**) const
 .text._ZNK10__cxxabiv117__class_type_info20__do_find_public_srcEiPKvPKS0_S2_
                0x100089e8       0x14 C:/Users/sean/.pico-sdk/toolchain/14_2_Rel1/bin/../lib/gcc/arm-none-eabi/14.2.1/thumb/v6-m/nofp\libstdc++.a(class_type_info.o)
                0x100089e8                __cxxabiv1::__class_type_info::__do_find_public_src(int, void const*, __cxxabiv1::__class_type_info const*, void const*) const
 .text._ZN10__cxxabiv117__class_type_infoD2Ev
                0x100089fc       0x14 C:/Users/sean/.pico-sdk/toolchain/14_2_Rel1/bin/../lib/gcc/arm-none-eabi/14.2.1/thumb/v6-m/nofp\libstdc++.a(class_type_info.o)
                0x100089fc                __cxxabiv1::__class_type_info::~__class_type_info()
                0x100089fc                __cxxabiv1::__class_type_info::~__class_type_info()
 .text._ZN10__cxxabiv117__class_type_infoD0Ev
                0x10008a10       0x1c C:/Users/sean/.pico-sdk/toolchain/14_2_Rel1/bin/../lib/gcc/arm-none-eabi/14.2.1/thumb/v6-m/nofp\libstdc++.a(class_type_info.o)
                0x10008a10                __cxxabiv1::__class_type_info::~__class_type_info()
 .text._ZNK10__cxxabiv117__class_type_info12__do_dyncastEiNS0_10__sub_kindEPKS0_PKvS3_S5_RNS0_16__dyncast_resultE
                0x10008a2c       0x40 C:/Users/sean/.pico-sdk/toolchain/14_2_Rel1/bin/../lib/gcc/arm-none-eabi/14.2.1/thumb/v6-m/nofp\libstdc++.a(class_type_info.o)
                0x10008a2c                __cxxabiv1::__class_type_info::__do_dyncast(int, __cxxabiv1::__class_type_info::__sub_kind, __cxxabiv1::__class_type_info const*, void const*, __cxxabiv1::__class_type_info const*, void const*, __cxxabiv1::__class_type_info::__dyncast_result&) const
 .text._ZNK10__cxxabiv117__class_type_info11__do_upcastEPKS0_PKvRNS0_15__upcast_resultE
                0x10008a6c       0x1c C:/Users/sean/.pico-sdk/toolchain/14_2_Rel1/bin/../lib/gcc/arm-none-eabi/14.2.1/thumb/v6-m/nofp\libstdc++.a(class_type_info.o)
                0x10008a6c                __cxxabiv1::__class_type_info::__do_upcast(__cxxabiv1::__class_type_info const*, void const*, __cxxabiv1::__class_type_info::__upcast_result&) const
 .text._ZNK10__cxxabiv117__class_type_info10__do_catchEPKSt9type_infoPPvj
                0x10008a88       0x24 C:/Users/sean/.pico-sdk/toolchain/14_2_Rel1/bin/../lib/gcc/arm-none-eabi/14.2.1/thumb/v6-m/nofp\libstdc++.a(class_type_info.o)
                0x10008a88                __cxxabiv1::__class_type_info::__do_catch(std::type_info const*, void**, unsigned int) const
 .text._ZdlPvj  0x10008aac        0x8 C:/Users/sean/.pico-sdk/toolchain/14_2_Rel1/bin/../lib/gcc/arm-none-eabi/14.2.1/thumb/v6-m/nofp\libstdc++.a(del_ops.o)
                0x10008aac                operator delete(void*, unsigned int)
 .text._ZN10__cxxabiv120__si_class_type_infoD2Ev
                0x10008ab4       0x14 C:/Users/sean/.pico-sdk/toolchain/14_2_Rel1/bin/../lib/gcc/arm-none-eabi/14.2.1/thumb/v6-m/nofp\libstdc++.a(si_class_type_info.o)
                0x10008ab4                __cxxabiv1::__si_class_type_info::~__si_class_type_info()
                0x10008ab4                __cxxabiv1::__si_class_type_info::~__si_class_type_info()
 .text._ZN10__cxxabiv120__si_class_type_infoD0Ev
                0x10008ac8       0x1c C:/Users/sean/.pico-sdk/toolchain/14_2_Rel1/bin/../lib/gcc/arm-none-eabi/14.2.1/thumb/v6-m/nofp\libstdc++.a(si_class_type_info.o)
                0x10008ac8                __cxxabiv1::__si_class_type_info::~__si_class_type_info()
 .text._ZNK10__cxxabiv120__si_class_type_info20__do_find_public_srcEiPKvPKNS_17__class_type_infoES2_
                0x10008ae4       0x38 C:/Users/sean/.pico-sdk/toolchain/14_2_Rel1/bin/../lib/gcc/arm-none-eabi/14.2.1/thumb/v6-m/nofp\libstdc++.a(si_class_type_info.o)
                0x10008ae4                __cxxabiv1::__si_class_type_info::__do_find_public_src(int, void const*, __cxxabiv1::__class_type_info const*, void const*) const
 .text._ZNK10__cxxabiv120__si_class_type_info12__do_dyncastEiNS_17__class_type_info10__sub_kindEPKS1_PKvS4_S6_RNS1_16__dyncast_resultE
                0x10008b1c       0x88 C:/Users/sean/.pico-sdk/toolchain/14_2_Rel1/bin/../lib/gcc/arm-none-eabi/14.2.1/thumb/v6-m/nofp\libstdc++.a(si_class_type_info.o)
                0x10008b1c                __cxxabiv1::__si_class_type_info::__do_dyncast(int, __cxxabiv1::__class_type_info::__sub_kind, __cxxabiv1::__class_type_info const*, void const*, __cxxabiv1::__class_type_info const*, void const*, __cxxabiv1::__class_type_info::__dyncast_result&) const
 .text._ZNK10__cxxabiv120__si_class_type_info11__do_upcastEPKNS_17__class_type_infoEPKvRNS1_15__upcast_resultE
                0x10008ba4       0x24 C:/Users/sean/.pico-sdk/toolchain/14_2_Rel1/bin/../lib/gcc/arm-none-eabi/14.2.1/thumb/v6-m/nofp\libstdc++.a(si_class_type_info.o)
                0x10008ba4                __cxxabiv1::__si_class_type_info::__do_upcast(__cxxabiv1::__class_type_info const*, void const*, __cxxabiv1::__class_type_info::__upcast_result&) const
 .text._ZNSt9type_infoD2Ev
                0x10008bc8        0x4 C:/Users/sean/.pico-sdk/toolchain/14_2_Rel1/bin/../lib/gcc/arm-none-eabi/14.2.1/thumb/v6-m/nofp\libstdc++.a(tinfo.o)
                0x10008bc8                std::type_info::~type_info()
                0x10008bc8                std::type_info::~type_info()
 .text._ZNKSt9type_info14__is_pointer_pEv
                0x10008bcc        0x4 C:/Users/sean/.pico-sdk/toolchain/14_2_Rel1/bin/../lib/gcc/arm-none-eabi/14.2.1/thumb/v6-m/nofp\libstdc++.a(tinfo.o)
                0x10008bcc                std::type_info::__is_pointer_p() const
                0x10008bcc                std::type_info::__is_function_p() const
 .text._ZNKSt9type_infoeqERKS_
                0x10008bd0       0x30 C:/Users/sean/.pico-sdk/toolchain/14_2_Rel1/bin/../lib/gcc/arm-none-eabi/14.2.1/thumb/v6-m/nofp\libstdc++.a(tinfo.o)
                0x10008bd0                std::type_info::operator==(std::type_info const&) const
                0x10008bd0                std::type_info::__equal(std::type_info const&) const
 .text._ZdlPv   0x10008c00        0x8 C:/Users/sean/.pico-sdk/toolchain/14_2_Rel1/bin/../lib/gcc/arm-none-eabi/14.2.1/thumb/v6-m/nofp\libstdc++.a(del_op.o)
                0x10008c00                operator delete(void*)
 .text.abort    0x10008c08       0x10 C:/Users/sean/.pico-sdk/toolchain/14_2_Rel1/bin/../lib/gcc/arm-none-eabi/14.2.1/thumb/v6-m/nofp\libg.a(libc_a-abort.o)
                0x10008c08                abort
 .text.free     0x10008c18       0x14 C:/Users/sean/.pico-sdk/toolchain/14_2_Rel1/bin/../lib/gcc/arm-none-eabi/14.2.1/thumb/v6-m/nofp\libg.a(libc_a-malloc.o)
                0x10008c18                free
 .text.__malloc_lock
                0x10008c2c       0x10 C:/Users/sean/.pico-sdk/toolchain/14_2_Rel1/bin/../lib/gcc/arm-none-eabi/14.2.1/thumb/v6-m/nofp\libg.a(libc_a-mlock.o)
                0x10008c2c                __malloc_lock
 .text.__malloc_unlock
                0x10008c3c       0x10 C:/Users/sean/.pico-sdk/toolchain/14_2_Rel1/bin/../lib/gcc/arm-none-eabi/14.2.1/thumb/v6-m/nofp\libg.a(libc_a-mlock.o)
                0x10008c3c                __malloc_unlock
 .text.raise    0x10008c4c       0x5c C:/Users/sean/.pico-sdk/toolchain/14_2_Rel1/bin/../lib/gcc/arm-none-eabi/14.2.1/thumb/v6-m/nofp\libg.a(libc_a-signal.o)
                0x10008c4c                raise
 .text._kill_r  0x10008ca8       0x28 C:/Users/sean/.pico-sdk/toolchain/14_2_Rel1/bin/../lib/gcc/arm-none-eabi/14.2.1/thumb/v6-m/nofp\libg.a(libc_a-signalr.o)
                0x10008ca8                _kill_r
 .text._getpid_r
                0x10008cd0        0x8 C:/Users/sean/.pico-sdk/toolchain/14_2_Rel1/bin/../lib/gcc/arm-none-eabi/14.2.1/thumb/v6-m/nofp\libg.a(libc_a-signalr.o)
                0x10008cd0                _getpid_r
 .text._sbrk_r  0x10008cd8       0x24 C:/Users/sean/.pico-sdk/toolchain/14_2_Rel1/bin/../lib/gcc/arm-none-eabi/14.2.1/thumb/v6-m/nofp\libg.a(libc_a-sbrkr.o)
                0x10008cd8                _sbrk_r
 .text.__errno  0x10008cfc        0xc C:/Users/sean/.pico-sdk/toolchain/14_2_Rel1/bin/../lib/gcc/arm-none-eabi/14.2.1/thumb/v6-m/nofp\libg.a(libc_a-errno.o)
                0x10008cfc                __errno
 .text.__retarget_lock_acquire_recursive
                0x10008d08        0x4 C:/Users/sean/.pico-sdk/toolchain/14_2_Rel1/bin/../lib/gcc/arm-none-eabi/14.2.1/thumb/v6-m/nofp\libg.a(libc_a-lock.o)
                0x10008d08                __retarget_lock_acquire_recursive
 .text.__retarget_lock_release_recursive
                0x10008d0c        0x4 C:/Users/sean/.pico-sdk/toolchain/14_2_Rel1/bin/../lib/gcc/arm-none-eabi/14.2.1/thumb/v6-m/nofp\libg.a(libc_a-lock.o)
                0x10008d0c                __retarget_lock_release_recursive
 .text.sysconf  0x10008d10       0x1c C:/Users/sean/.pico-sdk/toolchain/14_2_Rel1/bin/../lib/gcc/arm-none-eabi/14.2.1/thumb/v6-m/nofp\libg.a(libc_a-sysconf.o)
                0x10008d10                sysconf
 .text          0x10008d2c       0x88 C:/Users/sean/.pico-sdk/toolchain/14_2_Rel1/bin/../lib/gcc/arm-none-eabi/14.2.1/thumb/v6-m/nofp\libg.a(libc_a-strcmp.o)
                0x10008d2c                strcmp
 .text.strlen   0x10008db4       0x5c C:/Users/sean/.pico-sdk/toolchain/14_2_Rel1/bin/../lib/gcc/arm-none-eabi/14.2.1/thumb/v6-m/nofp\libg.a(libc_a-strlen-stub.o)
                0x10008db4                strlen
 .text._malloc_trim_r
                0x10008e10       0xb4 C:/Users/sean/.pico-sdk/toolchain/14_2_Rel1/bin/../lib/gcc/arm-none-eabi/14.2.1/thumb/v6-m/nofp\libg.a(libc_a-freer.o)
                0x10008e10                _malloc_trim_r
 .text._free_r  0x10008ec4      0x1f0 C:/Users/sean/.pico-sdk/toolchain/14_2_Rel1/bin/../lib/gcc/arm-none-eabi/14.2.1/thumb/v6-m/nofp\libg.a(libc_a-freer.o)
                0x10008ec4                _free_r
 *(.fini)
 .fini          0x100090b4        0x4 C:/Users/sean/.pico-sdk/toolchain/14_2_Rel1/bin/../lib/gcc/arm-none-eabi/14.2.1/thumb/v6-m/nofp/crti.o
                0x100090b4                _fini
 .fini.__stub   0x100090b8       0xd0 linker stubs
 *crtbegin.o(.ctors)
 *crtbegin?.o(.ctors)
 *(EXCLUDE_FILE(*crtend.o *crtend?.o) .ctors)
 *(SORT_BY_NAME(.ctors.*))
 *(.ctors)
 *crtbegin.o(.dtors)
 *crtbegin?.o(.dtors)
 *(EXCLUDE_FILE(*crtend.o *crtend?.o) .dtors)
 *(SORT_BY_NAME(.dtors.*))
 *(.dtors)
                0x10009188                        . = ALIGN (0x4)
                0x10009188                        PROVIDE (__preinit_array_start = .)
 *(SORT_BY_NAME(.preinit_array.*))
 .preinit_array.00100
                0x10009188        0x4 CMakeFiles/Bg_Reader.dir/C_/Users/sean/.pico-sdk/sdk/2.1.1/src/rp2_common/pico_runtime_init/runtime_init.c.obj
                0x10009188                __pre_init_runtime_init_early_resets
 .preinit_array.00101
                0x1000918c        0x4 CMakeFiles/Bg_Reader.dir/C_/Users/sean/.pico-sdk/sdk/2.1.1/src/rp2_common/pico_runtime_init/runtime_init.c.obj
                0x1000918c                __pre_init_runtime_init_usb_power_down
 .preinit_array.00275
                0x10009190        0x4 CMakeFiles/Bg_Reader.dir/C_/Users/sean/.pico-sdk/sdk/2.1.1/src/rp2_common/pico_bit_ops/bit_ops_aeabi.S.obj
 .preinit_array.00300
                0x10009194        0x4 CMakeFiles/Bg_Reader.dir/C_/Users/sean/.pico-sdk/sdk/2.1.1/src/rp2_common/pico_mem_ops/mem_ops_aeabi.S.obj
 .preinit_array.00350
                0x10009198        0x4 CMakeFiles/Bg_Reader.dir/C_/Users/sean/.pico-sdk/sdk/2.1.1/src/rp2_common/pico_double/double_aeabi_rp2040.S.obj
 .preinit_array.00350
                0x1000919c        0x4 CMakeFiles/Bg_Reader.dir/C_/Users/sean/.pico-sdk/sdk/2.1.1/src/rp2_common/pico_float/float_aeabi_rp2040.S.obj
 .preinit_array.00500
                0x100091a0        0x4 CMakeFiles/Bg_Reader.dir/C_/Users/sean/.pico-sdk/sdk/2.1.1/src/rp2_common/pico_runtime_init/runtime_init.c.obj
                0x100091a0                __pre_init_runtime_init_clocks
 .preinit_array.00600