Archive member included to satisfy reference by file (symbol)

C:/Users/sean/.pico-sdk/toolchain/14_2_Rel1/bin/../lib/gcc/arm-none-eabi/14.2.1/thumb/v6-m/nofp\libstdc++.a(class_type_info.o)
                              CMakeFiles/PEARL.dir/quadrature_encoder.cpp.obj (vtable for __cxxabiv1::__class_type_info)
C:/Users/sean/.pico-sdk/toolchain/14_2_Rel1/bin/../lib/gcc/arm-none-eabi/14.2.1/thumb/v6-m/nofp\libstdc++.a(del_ops.o)
                              C:/Users/sean/.pico-sdk/toolchain/14_2_Rel1/bin/../lib/gcc/arm-none-eabi/14.2.1/thumb/v6-m/nofp\libstdc++.a(class_type_info.o) (operator delete(void*, unsigned int))
C:/Users/sean/.pico-sdk/toolchain/14_2_Rel1/bin/../lib/gcc/arm-none-eabi/14.2.1/thumb/v6-m/nofp\libstdc++.a(eh_arm.o)
                              CMakeFiles/PEARL.dir/Bg_Reader.cpp.obj (__cxa_end_cleanup)
C:/Users/sean/.pico-sdk/toolchain/14_2_Rel1/bin/../lib/gcc/arm-none-eabi/14.2.1/thumb/v6-m/nofp\libstdc++.a(eh_exception.o)
                              C:/Users/sean/.pico-sdk/toolchain/14_2_Rel1/bin/../lib/gcc/arm-none-eabi/14.2.1/thumb/v6-m/nofp\libstdc++.a(eh_arm.o) (typeinfo for __cxxabiv1::__forced_unwind)
C:/Users/sean/.pico-sdk/toolchain/14_2_Rel1/bin/../lib/gcc/arm-none-eabi/14.2.1/thumb/v6-m/nofp\libstdc++.a(eh_globals.o)
                              C:/Users/sean/.pico-sdk/toolchain/14_2_Rel1/bin/../lib/gcc/arm-none-eabi/14.2.1/thumb/v6-m/nofp\libstdc++.a(eh_arm.o) (__cxa_get_globals)
C:/Users/sean/.pico-sdk/toolchain/14_2_Rel1/bin/../lib/gcc/arm-none-eabi/14.2.1/thumb/v6-m/nofp\libstdc++.a(eh_personality.o)
                              CMakeFiles/PEARL.dir/Bg_Reader.cpp.obj (__gxx_personality_v0)
C:/Users/sean/.pico-sdk/toolchain/14_2_Rel1/bin/../lib/gcc/arm-none-eabi/14.2.1/thumb/v6-m/nofp\libstdc++.a(eh_terminate.o)
                              C:/Users/sean/.pico-sdk/toolchain/14_2_Rel1/bin/../lib/gcc/arm-none-eabi/14.2.1/thumb/v6-m/nofp\libstdc++.a(eh_arm.o) (std::terminate())
C:/Users/sean/.pico-sdk/toolchain/14_2_Rel1/bin/../lib/gcc/arm-none-eabi/14.2.1/thumb/v6-m/nofp\libstdc++.a(eh_unex_handler.o)
                              C:/Users/sean/.pico-sdk/toolchain/14_2_Rel1/bin/../lib/gcc/arm-none-eabi/14.2.1/thumb/v6-m/nofp\libstdc++.a(eh_terminate.o) (__cxxabiv1::__unexpected_handler)
C:/Users/sean/.pico-sdk/toolchain/14_2_Rel1/bin/../lib/gcc/arm-none-eabi/14.2.1/thumb/v6-m/nofp\libstdc++.a(si_class_type_info.o)
                              CMakeFiles/PEARL.dir/indexed_encoder.cpp.obj (vtable for __cxxabiv1::__si_class_type_info)
C:/Users/sean/.pico-sdk/toolchain/14_2_Rel1/bin/../lib/gcc/arm-none-eabi/14.2.1/thumb/v6-m/nofp\libstdc++.a(tinfo.o)
                              C:/Users/sean/.pico-sdk/toolchain/14_2_Rel1/bin/../lib/gcc/arm-none-eabi/14.2.1/thumb/v6-m/nofp\libstdc++.a(class_type_info.o) (std::type_info::~type_info())
C:/Users/sean/.pico-sdk/toolchain/14_2_Rel1/bin/../lib/gcc/arm-none-eabi/14.2.1/thumb/v6-m/nofp\libstdc++.a(vterminate.o)
                              C:/Users/sean/.pico-sdk/toolchain/14_2_Rel1/bin/../lib/gcc/arm-none-eabi/14.2.1/thumb/v6-m/nofp\libstdc++.a(eh_terminate.o) (__gnu_cxx::__verbose_terminate_handler())
C:/Users/sean/.pico-sdk/toolchain/14_2_Rel1/bin/../lib/gcc/arm-none-eabi/14.2.1/thumb/v6-m/nofp\libstdc++.a(cp-demangle.o)
                              C:/Users/sean/.pico-sdk/toolchain/14_2_Rel1/bin/../lib/gcc/arm-none-eabi/14.2.1/thumb/v6-m/nofp\libstdc++.a(vterminate.o) (__cxa_demangle)
C:/Users/sean/.pico-sdk/toolchain/14_2_Rel1/bin/../lib/gcc/arm-none-eabi/14.2.1/thumb/v6-m/nofp\libstdc++.a(del_op.o)
                              C:/Users/sean/.pico-sdk/toolchain/14_2_Rel1/bin/../lib/gcc/arm-none-eabi/14.2.1/thumb/v6-m/nofp\libstdc++.a(del_ops.o) (operator delete(void*))
C:/Users/sean/.pico-sdk/toolchain/14_2_Rel1/bin/../lib/gcc/arm-none-eabi/14.2.1/thumb/v6-m/nofp\libstdc++.a(eh_call.o)
                              C:/Users/sean/.pico-sdk/toolchain/14_2_Rel1/bin/../lib/gcc/arm-none-eabi/14.2.1/thumb/v6-m/nofp\libstdc++.a(eh_personality.o) (__cxa_call_terminate)
C:/Users/sean/.pico-sdk/toolchain/14_2_Rel1/bin/../lib/gcc/arm-none-eabi/14.2.1/thumb/v6-m/nofp\libstdc++.a(eh_catch.o)
                              C:/Users/sean/.pico-sdk/toolchain/14_2_Rel1/bin/../lib/gcc/arm-none-eabi/14.2.1/thumb/v6-m/nofp\libstdc++.a(eh_personality.o) (__cxa_begin_catch)
C:/Users/sean/.pico-sdk/toolchain/14_2_Rel1/bin/../lib/gcc/arm-none-eabi/14.2.1/thumb/v6-m/nofp\libstdc++.a(eh_term_handler.o)
                              C:/Users/sean/.pico-sdk/toolchain/14_2_Rel1/bin/../lib/gcc/arm-none-eabi/14.2.1/thumb/v6-m/nofp\libstdc++.a(eh_terminate.o) (__cxxabiv1::__terminate_handler)
C:/Users/sean/.pico-sdk/toolchain/14_2_Rel1/bin/../lib/gcc/arm-none-eabi/14.2.1/thumb/v6-m/nofp\libstdc++.a(eh_throw.o)
                              C:/Users/sean/.pico-sdk/toolchain/14_2_Rel1/bin/../lib/gcc/arm-none-eabi/14.2.1/thumb/v6-m/nofp\libstdc++.a(eh_call.o) (__cxa_throw)
[...]
Memory Configuration

Name             Origin             Length             Attributes
FLASH            0x10000000         0x00200000         xr
RAM              0x20000000         0x00040000         xrw
SCRATCH_X        0x20040000         0x00001000         xrw
SCRATCH_Y        0x20041000         0x00001000         xrw
*default*        0x00000000         0xffffffff

Linker script and memory map

LOAD C:/Users/sean/.pico-sdk/toolchain/14_2_Rel1/bin/../lib/gcc/arm-none-eabi/14.2.1/thumb/v6-m/nofp/crti.o
LOAD C:/Users/sean/.pico-sdk/toolchain/14_2_Rel1/bin/../lib/gcc/arm-none-eabi/14.2.1/thumb/v6-m/nofp/crtbegin.o
LOAD C:/Users/sean/.pico-sdk/toolchain/14_2_Rel1/bin/../lib/gcc/arm-none-eabi/14.2.1/thumb/v6-m/nofp/crt0.o

.flash_begin    0x10000000        0x0
                0x10000000                        __flash_binary_start = .

.boot2          0x10000000      0x100
                0x10000000                        __boot2_start__ = .
 *(.boot2)
 .boot2         0x10000000      0x100 pico-sdk/src/rp2040/boot_stage2/CMakeFiles/bs2_default_library.dir/./bs2_default_padded_checksummed.S.obj
                0x10000100                        __boot2_end__ = .
                0x00000001                        ASSERT (((__boot2_end__ - __boot2_start__) == 0x100), ERROR: Pico second stage bootloader must be 256 bytes in size)

.text           0x10000100    0x14940
                0x10000100                        __logical_binary_start = .
 *(.vectors)
 .vectors       0x10000100       0xd4 CMakeFiles/PEARL.dir/C_/Users/sean/.pico-sdk/sdk/2.1.1/src/rp2_common/pico_crt0/crt0.S.obj
                0x10000100                __VECTOR_TABLE
                0x10000100                __vectors
                0x100001c0                isr_invalid
                0x100001c0                __default_isrs_start
                0x100001c2                isr_nmi
                0x100001c4                isr_hardfault
                0x100001c6                isr_svcall
                0x100001c8                isr_pendsv
                0x100001ca                isr_systick
                0x100001cc                isr_irq23
                0x100001cc                isr_irq18
                0x100001cc                isr_irq11
                0x100001cc                isr_irq28
                0x100001cc                isr_irq19
                0x100001cc                isr_irq0
                0x100001cc                isr_irq6
                0x100001cc                isr_irq5
                0x100001cc                isr_irq12
                0x100001cc                isr_irq22
                0x100001cc                isr_irq31
                0x100001cc                isr_irq17
                0x100001cc                isr_irq27
                0x100001cc                isr_irq30
                0x100001cc                isr_irq2
                0x100001cc                isr_irq10
                0x100001cc                isr_irq8
                0x100001cc                isr_irq24
                0x100001cc                isr_irq1
                0x100001cc                isr_irq7
                0x100001cc                isr_irq21
                0x100001cc                isr_irq20
                0x100001cc                isr_irq15
                0x100001cc                isr_irq25
                0x100001cc                isr_irq13
                0x100001cc                __unhandled_user_irq
                0x100001cc                isr_irq4
                0x100001cc                isr_irq16
                0x100001cc                isr_irq29
                0x100001cc                isr_irq26
                0x100001cc                __default_isrs_end
                0x100001cc                isr_irq3
                0x100001cc                isr_irq14
                0x100001cc                isr_irq9
                0x100001d2                unhandled_user_irq_num_in_r0
 *(.binary_info_header)
 .binary_info_header
                0x100001d4       0x14 CMakeFiles/PEARL.dir/C_/Users/sean/.pico-sdk/sdk/2.1.1/src/rp2_common/pico_crt0/crt0.S.obj
                0x100001e8                        __binary_info_header_end = .
 *(.embedded_block)
                0x100001e8                        __embedded_block_end = .
 *(.reset)
 .reset         0x100001e8       0x9c CMakeFiles/PEARL.dir/C_/Users/sean/.pico-sdk/sdk/2.1.1/src/rp2_common/pico_crt0/crt0.S.obj
                0x100001e8                _entry_point
 *(.init)
 .init          0x10000284        0x4 C:/Users/sean/.pico-sdk/toolchain/14_2_Rel1/bin/../lib/gcc/arm-none-eabi/14.2.1/thumb/v6-m/nofp/crti.o
                0x10000284                _init
 *(EXCLUDE_FILE(*libm.a: *libc.a:*lib_a-mem*.o *libgcc.a:) .text*)
 .text.register_tm_clones
                0x10000288       0x28 C:/Users/sean/.pico-sdk/toolchain/14_2_Rel1/bin/../lib/gcc/arm-none-eabi/14.2.1/thumb/v6-m/nofp/crtbegin.o
 .text.frame_dummy
                0x100002b0       0x24 C:/Users/sean/.pico-sdk/toolchain/14_2_Rel1/bin/../lib/gcc/arm-none-eabi/14.2.1/thumb/v6-m/nofp/crtbegin.o
 .text._ZN10I2CScanner4scanEv
                0x100002d4       0xa4 CMakeFiles/PEARL.dir/Bg_Reader.cpp.obj
                0x100002d4                I2CScanner::scan()
 .text._ZN10I2CScanner12test_addressEh
                0x10000378       0x1c CMakeFiles/PEARL.dir/Bg_Reader.cpp.obj
                0x10000378                I2CScanner::test_address(unsigned char)
 .text._Z21display_position_infoR7LCD_I2CR17QuadratureEncoderR7BigFontR13StatusDisplay
                0x10000394       0x6c CMakeFiles/PEARL.dir/Bg_Reader.cpp.obj
                0x10000394                display_position_info(LCD_I2C&, QuadratureEncoder&, BigFont&, StatusDisplay&)
 .text.main     0x10000400      0x644 CMakeFiles/PEARL.dir/Bg_Reader.cpp.obj
                0x10000400                main
 .text._ZN7LCD_I2CC2EP8i2c_insth
                0x10000a44        0xa CMakeFiles/PEARL.dir/lcd_i2c.cpp.obj
                0x10000a44                LCD_I2C::LCD_I2C(i2c_inst*, unsigned char)
                0x10000a44                LCD_I2C::LCD_I2C(i2c_inst*, unsigned char)
 .text._ZN7LCD_I2C12pulse_enableEh
                0x10000a4e       0x4a CMakeFiles/PEARL.dir/lcd_i2c.cpp.obj
                0x10000a4e                LCD_I2C::pulse_enable(unsigned char)
 .text._ZN7LCD_I2C12write_nibbleEh
                0x10000a98       0x2c CMakeFiles/PEARL.dir/lcd_i2c.cpp.obj
                0x10000a98                LCD_I2C::write_nibble(unsigned char)
 .text._ZN7LCD_I2C10write_byteEhh
                0x10000ac4       0x58 CMakeFiles/PEARL.dir/lcd_i2c.cpp.obj
                0x10000ac4                LCD_I2C::write_byte(unsigned char, unsigned char)
 .text._ZN7LCD_I2C5clearEv
                0x10000b1c       0x12 CMakeFiles/PEARL.dir/lcd_i2c.cpp.obj
                0x10000b1c                LCD_I2C::clear()
 .text._ZN7LCD_I2C4initEv
                0x10000b2e       0x6c CMakeFiles/PEARL.dir/lcd_i2c.cpp.obj
                0x10000b2e                LCD_I2C::init()
 *fill*         0x10000b9a        0x2 
 .text._ZN7LCD_I2C10set_cursorEhh
                0x10000b9c       0x34 CMakeFiles/PEARL.dir/lcd_i2c.cpp.obj
                0x10000b9c                LCD_I2C::set_cursor(unsigned char, unsigned char)
 .text._ZN7LCD_I2C5printEPKc
                0x10000bd0       0x1a CMakeFiles/PEARL.dir/lcd_i2c.cpp.obj
                0x10000bd0                LCD_I2C::print(char const*)
 .text._ZN7LCD_I2C6printfEPKcz
                0x10000bea       0x2a CMakeFiles/PEARL.dir/lcd_i2c.cpp.obj
                0x10000bea                LCD_I2C::printf(char const*, ...)
 .text._ZN7LCD_I2C12backlight_onEv
                0x10000c14        0x6 CMakeFiles/PEARL.dir/lcd_i2c.cpp.obj
                0x10000c14                LCD_I2C::backlight_on()
 .text._ZN7LCD_I2C11create_charEhPKh
                0x10000c1a       0x30 CMakeFiles/PEARL.dir/lcd_i2c.cpp.obj
                0x10000c1a                LCD_I2C::create_char(unsigned char, unsigned char const*)
 .text._ZN7LCD_I2C5writeEh
                0x10000c4a        0xa CMakeFiles/PEARL.dir/lcd_i2c.cpp.obj
                0x10000c4a                LCD_I2C::write(unsigned char)
 .text._ZL20quadrature_get_countP8pio_hw_tjPl
                0x10000c54       0xb4 CMakeFiles/PEARL.dir/quadrature_encoder.cpp.obj
 .text._ZL23quadrature_program_initP8pio_hw_tjjjj
                0x10000d08       0xc8 CMakeFiles/PEARL.dir/quadrature_encoder.cpp.obj
 .text._ZN17QuadratureEncoder4initEv
                0x10000dd0       0x88 CMakeFiles/PEARL.dir/quadrature_encoder.cpp.obj
                0x10000dd0                QuadratureEncoder::init()
 .text._ZN17QuadratureEncoderC2EP8pio_hw_tjjjfmb
                0x10000e58       0x90 CMakeFiles/PEARL.dir/quadrature_encoder.cpp.obj
                0x10000e58                QuadratureEncoder::QuadratureEncoder(pio_hw_t*, unsigned int, unsigned int, unsigned int, float, unsigned long, bool)
                0x10000e58                QuadratureEncoder::QuadratureEncoder(pio_hw_t*, unsigned int, unsigned int, unsigned int, float, unsigned long, bool)
 .text._ZN17QuadratureEncoder19add_velocity_sampleElm
                0x10000ee8       0x24 CMakeFiles/PEARL.dir/quadrature_encoder.cpp.obj
                0x10000ee8                QuadratureEncoder::add_velocity_sample(long, unsigned long)
 .text._ZN17QuadratureEncoder15update_velocityEv
                0x10000f0c       0x70 CMakeFiles/PEARL.dir/quadrature_encoder.cpp.obj
                0x10000f0c                QuadratureEncoder::update_velocity()
 .text._ZN17QuadratureEncoder17decode_transitionEh
                0x10000f7c       0x14 CMakeFiles/PEARL.dir/quadrature_encoder.cpp.obj
                0x10000f7c                QuadratureEncoder::decode_transition(unsigned char)
 .text._ZN17QuadratureEncoder6updateEv
                0x10000f90      0x12e CMakeFiles/PEARL.dir/quadrature_encoder.cpp.obj
                0x10000f90                QuadratureEncoder::update()
 .text._ZNK17QuadratureEncoder12get_distanceEv
                0x100010be       0x22 CMakeFiles/PEARL.dir/quadrature_encoder.cpp.obj
                0x100010be                QuadratureEncoder::get_distance() const
 .text._ZNK17QuadratureEncoder7get_rpmEv
                0x100010e0       0x2c CMakeFiles/PEARL.dir/quadrature_encoder.cpp.obj
                0x100010e0                QuadratureEncoder::get_rpm() const
 .text._ZNK17QuadratureEncoder20get_speed_percentageEf
                0x1000110c       0x30 CMakeFiles/PEARL.dir/quadrature_encoder.cpp.obj
                0x1000110c                QuadratureEncoder::get_speed_percentage(float) const
 .text._ZNK17QuadratureEncoder23get_max_theoretical_rpmEv
                0x1000113c       0x3c CMakeFiles/PEARL.dir/quadrature_encoder.cpp.obj
                0x1000113c                QuadratureEncoder::get_max_theoretical_rpm() const
 .text._ZN17QuadratureEncoder26reset_performance_countersEv
                0x10001178       0x30 CMakeFiles/PEARL.dir/quadrature_encoder.cpp.obj
                0x10001178                QuadratureEncoder::reset_performance_counters()
 .text._ZN7BigFontC2EP7LCD_I2C
                0x100011a8        0x4 CMakeFiles/PEARL.dir/big_font.cpp.obj
                0x100011a8                BigFont::BigFont(LCD_I2C*)
                0x100011a8                BigFont::BigFont(LCD_I2C*)
 .text._ZN7BigFont24create_custom_charactersEv
                0x100011ac       0x24 CMakeFiles/PEARL.dir/big_font.cpp.obj
                0x100011ac                BigFont::create_custom_characters()
 .text._ZN7BigFont4initEv
                0x100011d0        0x8 CMakeFiles/PEARL.dir/big_font.cpp.obj
                0x100011d0                BigFont::init()
 .text._ZN7BigFont15print_big_digitEhhh
                0x100011d8      0x50c CMakeFiles/PEARL.dir/big_font.cpp.obj
                0x100011d8                BigFont::print_big_digit(unsigned char, unsigned char, unsigned char)
 .text._ZN7BigFont15print_big_minusEhh
                0x100016e4       0x94 CMakeFiles/PEARL.dir/big_font.cpp.obj
                0x100016e4                BigFont::print_big_minus(unsigned char, unsigned char)
 .text._ZN7BigFont17print_big_decimalEhh
                0x10001778       0x48 CMakeFiles/PEARL.dir/big_font.cpp.obj
                0x10001778                BigFont::print_big_decimal(unsigned char, unsigned char)
 .text._ZN7BigFont18clear_display_areaEv
                0x100017c0       0x28 CMakeFiles/PEARL.dir/big_font.cpp.obj
                0x100017c0                BigFont::clear_display_area()
 .text._ZN7BigFont18display_big_numberEfhh
                0x100017e8       0x90 CMakeFiles/PEARL.dir/big_font.cpp.obj
                0x100017e8                BigFont::display_big_number(float, unsigned char, unsigned char)
 .text._ZN13StatusDisplayC2EP7LCD_I2C
                0x10001878       0x1c CMakeFiles/PEARL.dir/status_display.cpp.obj
                0x10001878                StatusDisplay::StatusDisplay(LCD_I2C*)
                0x10001878                StatusDisplay::StatusDisplay(LCD_I2C*)
 .text._ZN13StatusDisplay20draw_static_elementsEv
                0x10001894       0x1c CMakeFiles/PEARL.dir/status_display.cpp.obj
                0x10001894                StatusDisplay::draw_static_elements()
 .text._ZN13StatusDisplay4initEv
                0x100018b0        0x8 CMakeFiles/PEARL.dir/status_display.cpp.obj
                0x100018b0                StatusDisplay::init()
 .text._ZN13StatusDisplay20draw_direction_arrowEbb
                0x100018b8       0xb8 CMakeFiles/PEARL.dir/status_display.cpp.obj
                0x100018b8                StatusDisplay::draw_direction_arrow(bool, bool)
 .text._ZN13StatusDisplay14draw_speed_barEff
                0x10001970       0xa4 CMakeFiles/PEARL.dir/status_display.cpp.obj
                0x10001970                StatusDisplay::draw_speed_bar(float, float)
 .text._ZN13StatusDisplay6updateERK17QuadratureEncoder
                0x10001a14       0xe0 CMakeFiles/PEARL.dir/status_display.cpp.obj
                0x10001a14                StatusDisplay::update(QuadratureEncoder const&)
 .text._ZN13StatusDisplay17clear_status_lineEv
                0x10001af4       0x1c CMakeFiles/PEARL.dir/status_display.cpp.obj
                0x10001af4                StatusDisplay::clear_status_line()
 .text._ZN13StatusDisplay23draw_performance_statusEbmm
                0x10001b10       0x64 CMakeFiles/PEARL.dir/status_display.cpp.obj
                0x10001b10                StatusDisplay::draw_performance_status(bool, unsigned long, unsigned long)
 .text._ZN13StatusDisplay22draw_system_health_barEf
                0x10001b74       0x78 CMakeFiles/PEARL.dir/status_display.cpp.obj
                0x10001b74                StatusDisplay::draw_system_health_bar(float)
 .text._ZN12HW040Encoder16gpio_irq_handlerEjm
                0x10001bec       0xa4 CMakeFiles/PEARL.dir/hw040_encoder.cpp.obj
                0x10001bec                HW040Encoder::gpio_irq_handler(unsigned int, unsigned long)
 .text._ZN12HW040EncoderC2Ejjj
                0x10001c90       0x20 CMakeFiles/PEARL.dir/hw040_encoder.cpp.obj
                0x10001c90                HW040Encoder::HW040Encoder(unsigned int, unsigned int, unsigned int)
                0x10001c90                HW040Encoder::HW040Encoder(unsigned int, unsigned int, unsigned int)
 .text._ZN12HW040EncoderD2Ev
                0x10001cb0       0x18 CMakeFiles/PEARL.dir/hw040_encoder.cpp.obj
                0x10001cb0                HW040Encoder::~HW040Encoder()
                0x10001cb0                HW040Encoder::~HW040Encoder()
 .text._ZN12HW040Encoder4initEv
                0x10001cc8       0x80 CMakeFiles/PEARL.dir/hw040_encoder.cpp.obj
                0x10001cc8                HW040Encoder::init()
 .text._ZN12HW040Encoder9get_deltaEv
                0x10001d48       0x10 CMakeFiles/PEARL.dir/hw040_encoder.cpp.obj
                0x10001d48                HW040Encoder::get_delta()
 .text._ZN12HW040Encoder18check_triple_clickEv
                0x10001d58       0x40 CMakeFiles/PEARL.dir/hw040_encoder.cpp.obj
                0x10001d58                HW040Encoder::check_triple_click()
 .text._ZN12HW040Encoder6updateEv
                0x10001d98       0x38 CMakeFiles/PEARL.dir/hw040_encoder.cpp.obj
                0x10001d98                HW040Encoder::update()
 .text._ZNK12HW040Encoder10get_statusEv
                0x10001dd0       0x3c CMakeFiles/PEARL.dir/hw040_encoder.cpp.obj
                0x10001dd0                HW040Encoder::get_status() const
 .text._Z25encoder_to_menu_directionlb
                0x10001e0c       0x1a CMakeFiles/PEARL.dir/hw040_encoder.cpp.obj
                0x10001e0c                encoder_to_menu_direction(long, bool)
 *fill*         0x10001e26        0x2 
 .text._ZN15EngineeringMenu19load_default_configEv
                0x10001e28       0x68 CMakeFiles/PEARL.dir/engineering_menu.cpp.obj
                0x10001e28                EngineeringMenu::load_default_config()
 .text._ZN15EngineeringMenuC2EP7LCD_I2CP12HW040EncoderP17QuadratureEncoderP13StatusDisplay
                0x10001e90       0x2c CMakeFiles/PEARL.dir/engineering_menu.cpp.obj
                0x10001e90                EngineeringMenu::EngineeringMenu(LCD_I2C*, HW040Encoder*, QuadratureEncoder*, StatusDisplay*)
                0x10001e90                EngineeringMenu::EngineeringMenu(LCD_I2C*, HW040Encoder*, QuadratureEncoder*, StatusDisplay*)
 .text._ZN15EngineeringMenu9exit_menuEv
                0x10001ebc       0x30 CMakeFiles/PEARL.dir/engineering_menu.cpp.obj
                0x10001ebc                EngineeringMenu::exit_menu()
 .text._ZN15EngineeringMenu18get_menu_item_textE13MainMenuItems
                0x10001eec       0x60 CMakeFiles/PEARL.dir/engineering_menu.cpp.obj
                0x10001eec                EngineeringMenu::get_menu_item_text(MainMenuItems)
 .text._ZN15EngineeringMenu14draw_main_menuEv
                0x10001f4c       0x90 CMakeFiles/PEARL.dir/engineering_menu.cpp.obj
                0x10001f4c                EngineeringMenu::draw_main_menu()
 .text._ZN15EngineeringMenu13activate_menuEv
                0x10001fdc       0x7c CMakeFiles/PEARL.dir/engineering_menu.cpp.obj
                0x10001fdc                EngineeringMenu::activate_menu()
 .text._ZN15EngineeringMenu12exit_to_mainEv
                0x10002058       0x14 CMakeFiles/PEARL.dir/engineering_menu.cpp.obj
                0x10002058                EngineeringMenu::exit_to_main()
 .text._ZN15EngineeringMenu18handle_system_infoE13MenuDirection
                0x1000206c       0x88 CMakeFiles/PEARL.dir/engineering_menu.cpp.obj
                0x1000206c                EngineeringMenu::handle_system_info(MenuDirection)
 .text._ZN15EngineeringMenu12draw_submenuEv
                0x100020f4       0x50 CMakeFiles/PEARL.dir/engineering_menu.cpp.obj
                0x100020f4                EngineeringMenu::draw_submenu()
 .text._ZN15EngineeringMenu13enter_submenuEv
                0x10002144       0x50 CMakeFiles/PEARL.dir/engineering_menu.cpp.obj
                0x10002144                EngineeringMenu::enter_submenu()
 .text._ZN15EngineeringMenu17show_value_editorEPKcPlll
                0x10002194      0x104 CMakeFiles/PEARL.dir/engineering_menu.cpp.obj
                0x10002194                EngineeringMenu::show_value_editor(char const*, long*, long, long)
 .text._ZN15EngineeringMenu21handle_display_configE13MenuDirection
                0x10002298       0x12 CMakeFiles/PEARL.dir/engineering_menu.cpp.obj
                0x10002298                EngineeringMenu::handle_display_config(MenuDirection)
 .text._ZN15EngineeringMenu18handle_diagnosticsE13MenuDirection
                0x100022aa       0x12 CMakeFiles/PEARL.dir/engineering_menu.cpp.obj
                0x100022aa                EngineeringMenu::handle_diagnostics(MenuDirection)
 .text._ZN15EngineeringMenu18handle_calibrationE13MenuDirection
                0x100022bc       0x12 CMakeFiles/PEARL.dir/engineering_menu.cpp.obj
                0x100022bc                EngineeringMenu::handle_calibration(MenuDirection)
 .text._ZN15EngineeringMenu18handle_performanceE13MenuDirection
                0x100022ce       0x12 CMakeFiles/PEARL.dir/engineering_menu.cpp.obj
                0x100022ce                EngineeringMenu::handle_performance(MenuDirection)
 .text._ZN15EngineeringMenu20handle_factory_resetE13MenuDirection
                0x100022e0       0x12 CMakeFiles/PEARL.dir/engineering_menu.cpp.obj
                0x100022e0                EngineeringMenu::handle_factory_reset(MenuDirection)
 *fill*         0x100022f2        0x2 
 .text._ZN15EngineeringMenu17show_float_editorEPKcPffff
                0x100022f4       0x28 CMakeFiles/PEARL.dir/engineering_menu.cpp.obj
                0x100022f4                EngineeringMenu::show_float_editor(char const*, float*, float, float, float)
 .text._ZN15EngineeringMenu16show_bool_editorEPKcPb
                0x1000231c       0x28 CMakeFiles/PEARL.dir/engineering_menu.cpp.obj
                0x1000231c                EngineeringMenu::show_bool_editor(char const*, bool*)
 .text._ZN15EngineeringMenu21handle_encoder_configE13MenuDirection
                0x10002344       0xb8 CMakeFiles/PEARL.dir/engineering_menu.cpp.obj
                0x10002344                EngineeringMenu::handle_encoder_config(MenuDirection)
 .text._ZN15EngineeringMenu17handle_menu_inputE13MenuDirection
                0x100023fc       0xa0 CMakeFiles/PEARL.dir/engineering_menu.cpp.obj
                0x100023fc                EngineeringMenu::handle_menu_input(MenuDirection)
 .text._ZN15EngineeringMenu6updateEv
                0x1000249c       0x54 CMakeFiles/PEARL.dir/engineering_menu.cpp.obj
                0x1000249c                EngineeringMenu::update()
 .text._ZN15EngineeringMenu22load_config_from_flashEv
                0x100024f0        0x4 CMakeFiles/PEARL.dir/engineering_menu.cpp.obj
                0x100024f0                EngineeringMenu::load_config_from_flash()
 .text._ZN15EngineeringMenu4initEv
                0x100024f4       0x18 CMakeFiles/PEARL.dir/engineering_menu.cpp.obj
                0x100024f4                EngineeringMenu::init()
 .text.gpio_set_function
                0x1000250c       0x34 CMakeFiles/PEARL.dir/C_/Users/sean/.pico-sdk/sdk/2.1.1/src/rp2_common/hardware_gpio/gpio.c.obj
                0x1000250c                gpio_set_function
 .text.gpio_set_pulls
                0x10002540       0x38 CMakeFiles/PEARL.dir/C_/Users/sean/.pico-sdk/sdk/2.1.1/src/rp2_common/hardware_gpio/gpio.c.obj
                0x10002540                gpio_set_pulls
 .text.gpio_set_irq_callback
                0x10002578       0x48 CMakeFiles/PEARL.dir/C_/Users/sean/.pico-sdk/sdk/2.1.1/src/rp2_common/hardware_gpio/gpio.c.obj
                0x10002578                gpio_set_irq_callback
 .text.gpio_acknowledge_irq
                0x100025c0       0x18 CMakeFiles/PEARL.dir/C_/Users/sean/.pico-sdk/sdk/2.1.1/src/rp2_common/hardware_gpio/gpio.c.obj
                0x100025c0                gpio_acknowledge_irq
 .text._gpio_set_irq_enabled
                0x100025d8       0x38 CMakeFiles/PEARL.dir/C_/Users/sean/.pico-sdk/sdk/2.1.1/src/rp2_common/hardware_gpio/gpio.c.obj
 .text.gpio_set_irq_enabled
                0x10002610       0x50 CMakeFiles/PEARL.dir/C_/Users/sean/.pico-sdk/sdk/2.1.1/src/rp2_common/hardware_gpio/gpio.c.obj
                0x10002610                gpio_set_irq_enabled
 .text.gpio_set_irq_enabled_with_callback
                0x10002660       0x28 CMakeFiles/PEARL.dir/C_/Users/sean/.pico-sdk/sdk/2.1.1/src/rp2_common/hardware_gpio/gpio.c.obj
                0x10002660                gpio_set_irq_enabled_with_callback
 .text.gpio_default_irq_handler
                0x10002688       0xa0 CMakeFiles/PEARL.dir/C_/Users/sean/.pico-sdk/sdk/2.1.1/src/rp2_common/hardware_gpio/gpio.c.obj
 .text.gpio_init
                0x10002728       0x16 CMakeFiles/PEARL.dir/C_/Users/sean/.pico-sdk/sdk/2.1.1/src/rp2_common/hardware_gpio/gpio.c.obj
                0x10002728                gpio_init
 *fill*         0x1000273e        0x2 
 .text.rp2040_chip_version
                0x10002740       0x54 CMakeFiles/PEARL.dir/C_/Users/sean/.pico-sdk/sdk/2.1.1/src/rp2040/pico_platform/platform.c.obj
                0x10002740                rp2040_chip_version
 .text.panic    0x10002794       0x30 CMakeFiles/PEARL.dir/C_/Users/sean/.pico-sdk/sdk/2.1.1/src/rp2_common/pico_platform_panic/panic.c.obj
                0x10002794                panic
 .text.hw_claim_lock
                0x100027c4       0x18 CMakeFiles/PEARL.dir/C_/Users/sean/.pico-sdk/sdk/2.1.1/src/common/hardware_claim/claim.c.obj
                0x100027c4                hw_claim_lock
 .text.hw_claim_unlock
                0x100027dc       0x14 CMakeFiles/PEARL.dir/C_/Users/sean/.pico-sdk/sdk/2.1.1/src/common/hardware_claim/claim.c.obj
                0x100027dc                hw_claim_unlock
 .text.hw_claim_or_assert
                0x100027f0       0x32 CMakeFiles/PEARL.dir/C_/Users/sean/.pico-sdk/sdk/2.1.1/src/common/hardware_claim/claim.c.obj
                0x100027f0                hw_claim_or_assert
 .text.hw_claim_unused_from_range
                0x10002822       0x50 CMakeFiles/PEARL.dir/C_/Users/sean/.pico-sdk/sdk/2.1.1/src/common/hardware_claim/claim.c.obj
                0x10002822                hw_claim_unused_from_range
 *fill*         0x10002872        0x2 
 .text.next_striped_spin_lock_num
                0x10002874       0x1c CMakeFiles/PEARL.dir/C_/Users/sean/.pico-sdk/sdk/2.1.1/src/rp2_common/hardware_sync/sync.c.obj
                0x10002874                next_striped_spin_lock_num
 .text.spin_lock_claim_unused
                0x10002890       0x24 CMakeFiles/PEARL.dir/C_/Users/sean/.pico-sdk/sdk/2.1.1/src/rp2_common/hardware_sync/sync.c.obj
                0x10002890                spin_lock_claim_unused
 .text.spin_locks_reset
                0x100028b4       0x20 CMakeFiles/PEARL.dir/C_/Users/sean/.pico-sdk/sdk/2.1.1/src/rp2_common/hardware_sync_spin_lock/sync_spin_lock.c.obj
                0x100028b4                spin_locks_reset
 .text.set_raw_irq_handler_and_unlock
                0x100028d4       0x28 CMakeFiles/PEARL.dir/C_/Users/sean/.pico-sdk/sdk/2.1.1/src/rp2_common/hardware_irq/irq.c.obj
 .text.nvic_ipr0
                0x100028fc        0x8 CMakeFiles/PEARL.dir/C_/Users/sean/.pico-sdk/sdk/2.1.1/src/rp2_common/hardware_irq/irq.c.obj
 .text.runtime_init_per_core_irq_priorities
                0x10002904       0x1c CMakeFiles/PEARL.dir/C_/Users/sean/.pico-sdk/sdk/2.1.1/src/rp2_common/hardware_irq/irq.c.obj
                0x10002904                runtime_init_per_core_irq_priorities
 .text.resolve_j_16
                0x10002920       0x30 CMakeFiles/PEARL.dir/C_/Users/sean/.pico-sdk/sdk/2.1.1/src/rp2_common/hardware_irq/irq.c.obj
 .text.make_j_16
                0x10002950       0x48 CMakeFiles/PEARL.dir/C_/Users/sean/.pico-sdk/sdk/2.1.1/src/rp2_common/hardware_irq/irq.c.obj
 .text.insert_bl_32
                0x10002998       0x40 CMakeFiles/PEARL.dir/C_/Users/sean/.pico-sdk/sdk/2.1.1/src/rp2_common/hardware_irq/irq.c.obj
 .text.irq_is_enabled
                0x100029d8       0x18 CMakeFiles/PEARL.dir/C_/Users/sean/.pico-sdk/sdk/2.1.1/src/rp2_common/hardware_irq/irq.c.obj
                0x100029d8                irq_is_enabled
 .text.irq_set_mask_n_enabled
                0x100029f0       0x1c CMakeFiles/PEARL.dir/C_/Users/sean/.pico-sdk/sdk/2.1.1/src/rp2_common/hardware_irq/irq.c.obj
                0x100029f0                irq_set_mask_n_enabled
 .text.irq_set_enabled
                0x10002a0c       0x14 CMakeFiles/PEARL.dir/C_/Users/sean/.pico-sdk/sdk/2.1.1/src/rp2_common/hardware_irq/irq.c.obj
                0x10002a0c                irq_set_enabled
 .text.irq_set_pending
                0x10002a20       0x10 CMakeFiles/PEARL.dir/C_/Users/sean/.pico-sdk/sdk/2.1.1/src/rp2_common/hardware_irq/irq.c.obj
                0x10002a20                irq_set_pending
 .text.irq_get_vtable_handler
                0x10002a30       0x10 CMakeFiles/PEARL.dir/C_/Users/sean/.pico-sdk/sdk/2.1.1/src/rp2_common/hardware_irq/irq.c.obj
                0x10002a30                irq_get_vtable_handler
 .text.irq_has_handler
                0x10002a40       0x20 CMakeFiles/PEARL.dir/C_/Users/sean/.pico-sdk/sdk/2.1.1/src/rp2_common/hardware_irq/irq.c.obj
                0x10002a40                irq_has_handler
 .text.irq_has_shared_handler
                0x10002a60       0x1c CMakeFiles/PEARL.dir/C_/Users/sean/.pico-sdk/sdk/2.1.1/src/rp2_common/hardware_irq/irq.c.obj
                0x10002a60                irq_has_shared_handler
 .text.irq_set_exclusive_handler
                0x10002a7c       0x54 CMakeFiles/PEARL.dir/C_/Users/sean/.pico-sdk/sdk/2.1.1/src/rp2_common/hardware_irq/irq.c.obj
                0x10002a7c                irq_set_exclusive_handler
 .text.irq_add_shared_handler
                0x10002ad0      0x218 CMakeFiles/PEARL.dir/C_/Users/sean/.pico-sdk/sdk/2.1.1/src/rp2_common/hardware_irq/irq.c.obj
                0x10002ad0                irq_add_shared_handler
 .text.irq_remove_handler
                0x10002ce8      0x18c CMakeFiles/PEARL.dir/C_/Users/sean/.pico-sdk/sdk/2.1.1/src/rp2_common/hardware_irq/irq.c.obj
                0x10002ce8                irq_remove_handler
 .text.irq_add_tail_to_free_list
                0x10002e74       0xf0 CMakeFiles/PEARL.dir/C_/Users/sean/.pico-sdk/sdk/2.1.1/src/rp2_common/hardware_irq/irq.c.obj
                0x10002e74                irq_add_tail_to_free_list
 .text.user_irq_claim_unused
                0x10002f64       0x2c CMakeFiles/PEARL.dir/C_/Users/sean/.pico-sdk/sdk/2.1.1/src/rp2_common/hardware_irq/irq.c.obj
                0x10002f64                user_irq_claim_unused
 .text.lock_init
                0x10002f90       0x10 CMakeFiles/PEARL.dir/C_/Users/sean/.pico-sdk/sdk/2.1.1/src/common/pico_sync/lock_core.c.obj
                0x10002f90                lock_init
 .text.mutex_init
                0x10002fa0       0x1a CMakeFiles/PEARL.dir/C_/Users/sean/.pico-sdk/sdk/2.1.1/src/common/pico_sync/mutex.c.obj
                0x10002fa0                mutex_init
 .text.recursive_mutex_init
                0x10002fba       0x1e CMakeFiles/PEARL.dir/C_/Users/sean/.pico-sdk/sdk/2.1.1/src/common/pico_sync/mutex.c.obj
                0x10002fba                recursive_mutex_init
 .text.runtime_init_mutex
                0x10002fd8       0x4c CMakeFiles/PEARL.dir/C_/Users/sean/.pico-sdk/sdk/2.1.1/src/common/pico_sync/mutex.c.obj
                0x10002fd8                runtime_init_mutex
 .text.critical_section_init_with_lock_num
                0x10003024       0x14 CMakeFiles/PEARL.dir/C_/Users/sean/.pico-sdk/sdk/2.1.1/src/common/pico_sync/critical_section.c.obj
                0x10003024                critical_section_init_with_lock_num
 .text.critical_section_init
                0x10003038       0x14 CMakeFiles/PEARL.dir/C_/Users/sean/.pico-sdk/sdk/2.1.1/src/common/pico_sync/critical_section.c.obj
                0x10003038                critical_section_init
 .text.ta_set_timeout
                0x1000304c       0x24 CMakeFiles/PEARL.dir/C_/Users/sean/.pico-sdk/sdk/2.1.1/src/common/pico_time/time.c.obj
 .text.make_alarm_id
                0x10003070        0x6 CMakeFiles/PEARL.dir/C_/Users/sean/.pico-sdk/sdk/2.1.1/src/common/pico_time/time.c.obj
 *fill*         0x10003076        0x2 
 .text.sleep_until_callback
                0x10003078       0x30 CMakeFiles/PEARL.dir/C_/Users/sean/.pico-sdk/sdk/2.1.1/src/common/pico_time/time.c.obj
 .text.alarm_pool_irq_handler
                0x100030a8      0x2f0 CMakeFiles/PEARL.dir/C_/Users/sean/.pico-sdk/sdk/2.1.1/src/common/pico_time/time.c.obj
 .text.ta_enable_irq_handler
                0x10003398       0x2c CMakeFiles/PEARL.dir/C_/Users/sean/.pico-sdk/sdk/2.1.1/src/common/pico_time/time.c.obj
 .text.alarm_pool_post_alloc_init
                0x100033c4       0x78 CMakeFiles/PEARL.dir/C_/Users/sean/.pico-sdk/sdk/2.1.1/src/common/pico_time/time.c.obj
 .text.alarm_pool_get_default
                0x1000343c       0x2c CMakeFiles/PEARL.dir/C_/Users/sean/.pico-sdk/sdk/2.1.1/src/common/pico_time/time.c.obj
                0x1000343c                alarm_pool_get_default
 .text.alarm_pool_add_alarm_at_force_in_context
                0x10003468       0xa4 CMakeFiles/PEARL.dir/C_/Users/sean/.pico-sdk/sdk/2.1.1/src/common/pico_time/time.c.obj
                0x10003468                alarm_pool_add_alarm_at_force_in_context
 .text.alarm_pool_add_alarm_at
                0x1000350c       0x3c CMakeFiles/PEARL.dir/C_/Users/sean/.pico-sdk/sdk/2.1.1/src/common/pico_time/time.c.obj
                0x1000350c                alarm_pool_add_alarm_at
 .text.add_alarm_at
                0x10003548       0x2e CMakeFiles/PEARL.dir/C_/Users/sean/.pico-sdk/sdk/2.1.1/src/common/pico_time/time.c.obj
 *fill*         0x10003576        0x2 
 .text.alarm_pool_cancel_alarm
                0x10003578       0x78 CMakeFiles/PEARL.dir/C_/Users/sean/.pico-sdk/sdk/2.1.1/src/common/pico_time/time.c.obj
                0x10003578                alarm_pool_cancel_alarm
 .text.cancel_alarm
                0x100035f0       0x10 CMakeFiles/PEARL.dir/C_/Users/sean/.pico-sdk/sdk/2.1.1/src/common/pico_time/time.c.obj
 .text.alarm_pool_core_num
                0x10003600        0x4 CMakeFiles/PEARL.dir/C_/Users/sean/.pico-sdk/sdk/2.1.1/src/common/pico_time/time.c.obj
                0x10003600                alarm_pool_core_num
 .text.sleep_until
                0x10003604       0xb0 CMakeFiles/PEARL.dir/C_/Users/sean/.pico-sdk/sdk/2.1.1/src/common/pico_time/time.c.obj
                0x10003604                sleep_until
 .text.sleep_us
                0x100036b4       0x24 CMakeFiles/PEARL.dir/C_/Users/sean/.pico-sdk/sdk/2.1.1/src/common/pico_time/time.c.obj
                0x100036b4                sleep_us
 .text.sleep_ms
                0x100036d8       0x14 CMakeFiles/PEARL.dir/C_/Users/sean/.pico-sdk/sdk/2.1.1/src/common/pico_time/time.c.obj
                0x100036d8                sleep_ms
 .text.best_effort_wfe_or_timeout
                0x100036ec      0x11c CMakeFiles/PEARL.dir/C_/Users/sean/.pico-sdk/sdk/2.1.1/src/common/pico_time/time.c.obj
                0x100036ec                best_effort_wfe_or_timeout
 .text.alarm_pool_get_default_timer
                0x10003808        0x8 CMakeFiles/PEARL.dir/C_/Users/sean/.pico-sdk/sdk/2.1.1/src/common/pico_time/time.c.obj
                0x10003808                alarm_pool_get_default_timer
 .text.runtime_init_default_alarm_pool
                0x10003810       0x38 CMakeFiles/PEARL.dir/C_/Users/sean/.pico-sdk/sdk/2.1.1/src/common/pico_time/time.c.obj
                0x10003810                runtime_init_default_alarm_pool
 .text.timer_hardware_alarm_claim
                0x10003848       0x14 CMakeFiles/PEARL.dir/C_/Users/sean/.pico-sdk/sdk/2.1.1/src/rp2_common/hardware_timer/timer.c.obj
                0x10003848                timer_hardware_alarm_claim
 .text.timer_time_us_64
                0x1000385c       0x10 CMakeFiles/PEARL.dir/C_/Users/sean/.pico-sdk/sdk/2.1.1/src/rp2_common/hardware_timer/timer.c.obj
                0x1000385c                timer_time_us_64
 .text.timer_busy_wait_until
                0x1000386c       0x1a CMakeFiles/PEARL.dir/C_/Users/sean/.pico-sdk/sdk/2.1.1/src/rp2_common/hardware_timer/timer.c.obj
                0x1000386c                timer_busy_wait_until
 .text.timer_busy_wait_us
                0x10003886       0x38 CMakeFiles/PEARL.dir/C_/Users/sean/.pico-sdk/sdk/2.1.1/src/rp2_common/hardware_timer/timer.c.obj
                0x10003886                timer_busy_wait_us
 *fill*         0x100038be        0x2 
 .text.time_us_64
                0x100038c0       0x10 CMakeFiles/PEARL.dir/C_/Users/sean/.pico-sdk/sdk/2.1.1/src/rp2_common/hardware_timer/timer.c.obj
                0x100038c0                time_us_64
 .text.busy_wait_us
                0x100038d0       0x14 CMakeFiles/PEARL.dir/C_/Users/sean/.pico-sdk/sdk/2.1.1/src/rp2_common/hardware_timer/timer.c.obj
                0x100038d0                busy_wait_us
 .text.busy_wait_until
                0x100038e4       0x14 CMakeFiles/PEARL.dir/C_/Users/sean/.pico-sdk/sdk/2.1.1/src/rp2_common/hardware_timer/timer.c.obj
                0x100038e4                busy_wait_until
 .text.clock_configure_internal
                0x100038f8       0xc4 CMakeFiles/PEARL.dir/C_/Users/sean/.pico-sdk/sdk/2.1.1/src/rp2_common/hardware_clocks/clocks.c.obj
 .text.clock_configure_int_divider
                0x100039bc       0x28 CMakeFiles/PEARL.dir/C_/Users/sean/.pico-sdk/sdk/2.1.1/src/rp2_common/hardware_clocks/clocks.c.obj
                0x100039bc                clock_configure_int_divider
 .text.clock_configure_undivided
                0x100039e4       0x12 CMakeFiles/PEARL.dir/C_/Users/sean/.pico-sdk/sdk/2.1.1/src/rp2_common/hardware_clocks/clocks.c.obj
                0x100039e4                clock_configure_undivided
 *fill*         0x100039f6        0x2 
 .text.clock_get_hz
                0x100039f8        0xc CMakeFiles/PEARL.dir/C_/Users/sean/.pico-sdk/sdk/2.1.1/src/rp2_common/hardware_clocks/clocks.c.obj
                0x100039f8                clock_get_hz
 .text.pll_init
                0x10003a04      0x124 CMakeFiles/PEARL.dir/C_/Users/sean/.pico-sdk/sdk/2.1.1/src/rp2_common/hardware_pll/pll.c.obj
                0x10003a04                pll_init
 .text.watchdog_update
                0x10003b28       0x14 CMakeFiles/PEARL.dir/C_/Users/sean/.pico-sdk/sdk/2.1.1/src/rp2_common/hardware_watchdog/watchdog.c.obj
                0x10003b28                watchdog_update
 .text._watchdog_enable
                0x10003b3c       0x7c CMakeFiles/PEARL.dir/C_/Users/sean/.pico-sdk/sdk/2.1.1/src/rp2_common/hardware_watchdog/watchdog.c.obj
                0x10003b3c                _watchdog_enable
 .text.watchdog_reboot
                0x10003bb8       0x48 CMakeFiles/PEARL.dir/C_/Users/sean/.pico-sdk/sdk/2.1.1/src/rp2_common/hardware_watchdog/watchdog.c.obj
                0x10003bb8                watchdog_reboot
 .text.tick_start
                0x10003c00       0x10 CMakeFiles/PEARL.dir/C_/Users/sean/.pico-sdk/sdk/2.1.1/src/rp2_common/hardware_ticks/ticks.c.obj
                0x10003c00                tick_start
 .text.rom_func_lookup
                0x10003c10       0x10 CMakeFiles/PEARL.dir/C_/Users/sean/.pico-sdk/sdk/2.1.1/src/rp2_common/pico_bootrom/bootrom.c.obj
                0x10003c10                rom_func_lookup
 .text.rom_data_lookup
                0x10003c20       0x10 CMakeFiles/PEARL.dir/C_/Users/sean/.pico-sdk/sdk/2.1.1/src/rp2_common/pico_bootrom/bootrom.c.obj
                0x10003c20                rom_data_lookup
 .text.rom_funcs_lookup
                0x10003c30       0x36 CMakeFiles/PEARL.dir/C_/Users/sean/.pico-sdk/sdk/2.1.1/src/rp2_common/pico_bootrom/bootrom.c.obj
                0x10003c30                rom_funcs_lookup
 *fill*         0x10003c66        0x2 
 .text.rom_reset_usb_boot_extra
                0x10003c68       0x24 CMakeFiles/PEARL.dir/C_/Users/sean/.pico-sdk/sdk/2.1.1/src/rp2_common/pico_bootrom/bootrom.c.obj
                0x10003c68                rom_reset_usb_boot_extra
 .text.xosc_init
                0x10003c8c       0x2c CMakeFiles/PEARL.dir/C_/Users/sean/.pico-sdk/sdk/2.1.1/src/rp2_common/hardware_xosc/xosc.c.obj
                0x10003c8c                xosc_init
 .text.runtime_run_initializers_from
                0x10003cb8       0x18 CMakeFiles/PEARL.dir/C_/Users/sean/.pico-sdk/sdk/2.1.1/src/rp2_common/pico_runtime/runtime.c.obj
 .text.first_per_core_initializer
                0x10003cd0        0x2 CMakeFiles/PEARL.dir/C_/Users/sean/.pico-sdk/sdk/2.1.1/src/rp2_common/pico_runtime/runtime.c.obj
 *fill*         0x10003cd2        0x2 
 .text.runtime_run_initializers
                0x10003cd4       0x10 CMakeFiles/PEARL.dir/C_/Users/sean/.pico-sdk/sdk/2.1.1/src/rp2_common/pico_runtime/runtime.c.obj
                0x10003cd4                runtime_run_initializers
 .text.runtime_init_early_resets
                0x10003ce4       0x2c CMakeFiles/PEARL.dir/C_/Users/sean/.pico-sdk/sdk/2.1.1/src/rp2_common/pico_runtime_init/runtime_init.c.obj
                0x10003ce4                runtime_init_early_resets
 .text.runtime_init_usb_power_down
                0x10003d10       0x1c CMakeFiles/PEARL.dir/C_/Users/sean/.pico-sdk/sdk/2.1.1/src/rp2_common/pico_runtime_init/runtime_init.c.obj
                0x10003d10                runtime_init_usb_power_down
 .text.runtime_init_post_clock_resets
                0x10003d2c       0x20 CMakeFiles/PEARL.dir/C_/Users/sean/.pico-sdk/sdk/2.1.1/src/rp2_common/pico_runtime_init/runtime_init.c.obj
                0x10003d2c                runtime_init_post_clock_resets
 .text.runtime_init_rp2040_gpio_ie_disable
                0x10003d4c       0x14 CMakeFiles/PEARL.dir/C_/Users/sean/.pico-sdk/sdk/2.1.1/src/rp2_common/pico_runtime_init/runtime_init.c.obj
                0x10003d4c                runtime_init_rp2040_gpio_ie_disable
 .text.runtime_init_spin_locks_reset
                0x10003d60        0x8 CMakeFiles/PEARL.dir/C_/Users/sean/.pico-sdk/sdk/2.1.1/src/rp2_common/pico_runtime_init/runtime_init.c.obj
                0x10003d60                runtime_init_spin_locks_reset
 .text.runtime_init_install_ram_vector_table
                0x10003d68       0x1c CMakeFiles/PEARL.dir/C_/Users/sean/.pico-sdk/sdk/2.1.1/src/rp2_common/pico_runtime_init/runtime_init.c.obj
                0x10003d68                runtime_init_install_ram_vector_table
 .text.start_all_ticks
                0x10003d84       0x28 CMakeFiles/PEARL.dir/C_/Users/sean/.pico-sdk/sdk/2.1.1/src/rp2_common/pico_runtime_init/runtime_init_clocks.c.obj
 .text.runtime_init_clocks
                0x10003dac       0xcc CMakeFiles/PEARL.dir/C_/Users/sean/.pico-sdk/sdk/2.1.1/src/rp2_common/pico_runtime_init/runtime_init_clocks.c.obj
                0x10003dac                runtime_init_clocks
 .text          0x10003e78       0x10 CMakeFiles/PEARL.dir/C_/Users/sean/.pico-sdk/sdk/2.1.1/src/rp2_common/pico_bit_ops/bit_ops_aeabi.S.obj
 .text.__wrap___aeabi_idiv
                0x10003e88       0x50 CMakeFiles/PEARL.dir/C_/Users/sean/.pico-sdk/sdk/2.1.1/src/rp2_common/pico_divider/divider_hardware.S.obj
                0x10003e88                __wrap___aeabi_idivmod
                0x10003e88                divmod_s32s32
                0x10003e88                div_s32s32
                0x10003e88                __wrap___aeabi_idiv
                0x10003e90                divmod_s32s32_unsafe
                0x10003ebc                divmod_s32s32_savestate
 .text.__wrap___aeabi_uidiv
                0x10003ed8       0x4c CMakeFiles/PEARL.dir/C_/Users/sean/.pico-sdk/sdk/2.1.1/src/rp2_common/pico_divider/divider_hardware.S.obj
                0x10003ed8                __wrap___aeabi_uidiv
                0x10003ed8                __wrap___aeabi_uidivmod
                0x10003ed8                div_u32u32
                0x10003ed8                divmod_u32u32
                0x10003ee0                divmod_u32u32_unsafe
                0x10003f08                divmod_u32u32_savestate
 .text.__wrap___aeabi_ldiv
                0x10003f24      0x424 CMakeFiles/PEARL.dir/C_/Users/sean/.pico-sdk/sdk/2.1.1/src/rp2_common/pico_divider/divider_hardware.S.obj
                0x10003f24                div_s64s64
                0x10003f24                divmod_s64s64
                0x10003f24                __wrap___aeabi_ldivmod
                0x10003f54                divmod_u64u64
                0x10003f54                div_u64u64
                0x10003f54                __wrap___aeabi_uldivmod
                0x10003f64                divmod_u64u64_savestate
                0x10003f84                divmod_s64s64_unsafe
                0x1000400c                divmod_u64u64_unsafe
 .text.__wrap___aeabi_darithmetic
                0x10004348       0x80 CMakeFiles/PEARL.dir/C_/Users/sean/.pico-sdk/sdk/2.1.1/src/rp2_common/pico_double/double_aeabi_rp2040.S.obj
                0x10004348                __wrap___aeabi_drsub
                0x1000434e                __wrap___aeabi_dsub
                0x10004360                __wrap___aeabi_dadd
                0x10004372                __wrap___aeabi_ddiv
                0x100043ae                __wrap___aeabi_dmul
 .text.__wrap___aeabi_cdcmple
                0x100043c8       0x6c CMakeFiles/PEARL.dir/C_/Users/sean/.pico-sdk/sdk/2.1.1/src/rp2_common/pico_double/double_aeabi_rp2040.S.obj
                0x100043c8                __wrap___aeabi_cdrcmple
                0x100043d8                __wrap___aeabi_cdcmpeq
                0x100043d8                __wrap___aeabi_cdcmple
 .text.__wrap___aeabi_dcmplt
                0x10004434        0xc CMakeFiles/PEARL.dir/C_/Users/sean/.pico-sdk/sdk/2.1.1/src/rp2_common/pico_double/double_aeabi_rp2040.S.obj
                0x10004434                __wrap___aeabi_dcmplt
 .text.__wrap___aeabi_dcmple
                0x10004440       0x10 CMakeFiles/PEARL.dir/C_/Users/sean/.pico-sdk/sdk/2.1.1/src/rp2_common/pico_double/double_aeabi_rp2040.S.obj
                0x10004440                __wrap___aeabi_dcmple
 .text.__wrap___aeabi_dcmpge
                0x10004450       0x10 CMakeFiles/PEARL.dir/C_/Users/sean/.pico-sdk/sdk/2.1.1/src/rp2_common/pico_double/double_aeabi_rp2040.S.obj
                0x10004450                __wrap___aeabi_dcmpge
 .text.__wrap___aeabi_dcmpgt
                0x10004460        0xa CMakeFiles/PEARL.dir/C_/Users/sean/.pico-sdk/sdk/2.1.1/src/rp2_common/pico_double/double_aeabi_rp2040.S.obj
                0x10004460                __wrap___aeabi_dcmpgt
 .text.__wrap___aeabi_dcmpun
                0x1000446a       0x18 CMakeFiles/PEARL.dir/C_/Users/sean/.pico-sdk/sdk/2.1.1/src/rp2_common/pico_double/double_aeabi_rp2040.S.obj
                0x1000446a                __wrap___aeabi_dcmpun
 *fill*         0x10004482        0x2 
 .text.__wrap___aeabi_i2d
                0x10004484       0x38 CMakeFiles/PEARL.dir/C_/Users/sean/.pico-sdk/sdk/2.1.1/src/rp2_common/pico_double/double_aeabi_rp2040.S.obj
                0x10004484                uint2double
                0x10004484                __wrap___aeabi_ui2d
                0x1000448c                int2double
                0x1000448c                __wrap___aeabi_i2d
 .text.__wrap___aeabi_d2iz
                0x100044bc       0x48 CMakeFiles/PEARL.dir/C_/Users/sean/.pico-sdk/sdk/2.1.1/src/rp2_common/pico_double/double_aeabi_rp2040.S.obj
                0x100044bc                double2int_z
                0x100044bc                __wrap___aeabi_d2iz
 .text.__wrap___aeabi_d2uiz
                0x10004504       0x18 CMakeFiles/PEARL.dir/C_/Users/sean/.pico-sdk/sdk/2.1.1/src/rp2_common/pico_double/double_aeabi_rp2040.S.obj
                0x10004504                double2uint
                0x10004504                __wrap___aeabi_d2uiz
                0x10004504                double2uint_z
 .text.__aeabi_double_init
                0x1000451c       0xcc CMakeFiles/PEARL.dir/C_/Users/sean/.pico-sdk/sdk/2.1.1/src/rp2_common/pico_double/double_init_rom_rp2040.c.obj
                0x1000451c                __aeabi_double_init
 .text.double_table_shim_on_use_helper
                0x100045e8       0x34 CMakeFiles/PEARL.dir/C_/Users/sean/.pico-sdk/sdk/2.1.1/src/rp2_common/pico_double/double_v1_rom_shim_rp2040.S.obj
                0x100045e8                double_table_shim_on_use_helper
 .text.__wrap___aeabi_dsub
                0x1000461c       0x10 CMakeFiles/PEARL.dir/C_/Users/sean/.pico-sdk/sdk/2.1.1/src/rp2_common/pico_double/double_v1_rom_shim_rp2040.S.obj
                0x1000461c                drsub_shim
                0x10004622                dsub_shim
 .text.dadd_shim
                0x1000462c      0x15c CMakeFiles/PEARL.dir/C_/Users/sean/.pico-sdk/sdk/2.1.1/src/rp2_common/pico_double/double_v1_rom_shim_rp2040.S.obj
                0x1000462c                dadd_shim
 .text.dmul_shim
                0x10004788      0x15c CMakeFiles/PEARL.dir/C_/Users/sean/.pico-sdk/sdk/2.1.1/src/rp2_common/pico_double/double_v1_rom_shim_rp2040.S.obj
                0x10004788                dmul_shim
 .text.ddiv_shim
                0x100048e4      0x1b0 CMakeFiles/PEARL.dir/C_/Users/sean/.pico-sdk/sdk/2.1.1/src/rp2_common/pico_double/double_v1_rom_shim_rp2040.S.obj
                0x100048e4                ddiv_shim
 .text.double2uint_shim
                0x10004a94        0xe CMakeFiles/PEARL.dir/C_/Users/sean/.pico-sdk/sdk/2.1.1/src/rp2_common/pico_double/double_v1_rom_shim_rp2040.S.obj
                0x10004a94                double2uint_shim
                0x10004a96                double2ufix_shim
 *fill*         0x10004aa2        0x2 
 .text.double2uint64_shim
                0x10004aa4       0x70 CMakeFiles/PEARL.dir/C_/Users/sean/.pico-sdk/sdk/2.1.1/src/rp2_common/pico_double/double_v1_rom_shim_rp2040.S.obj
                0x10004aa4                double2uint64_shim
                0x10004aa6                double2ufix64_shim
                0x10004ac6                d2fix_a
 .text.dunpacks
                0x10004b14       0x3c CMakeFiles/PEARL.dir/C_/Users/sean/.pico-sdk/sdk/2.1.1/src/rp2_common/pico_double/double_v1_rom_shim_rp2040.S.obj
                0x10004b14                dunpacks
 .text.__aeabi_lmul
                0x10004b50       0x32 CMakeFiles/PEARL.dir/C_/Users/sean/.pico-sdk/sdk/2.1.1/src/rp2_common/pico_int64_ops/pico_int64_ops_aeabi.S.obj
                0x10004b50                __wrap___aeabi_lmul
 *fill*         0x10004b82        0x2 
 .text.__wrap___aeabi_farithmetic
                0x10004b84       0x58 CMakeFiles/PEARL.dir/C_/Users/sean/.pico-sdk/sdk/2.1.1/src/rp2_common/pico_float/float_aeabi_rp2040.S.obj
                0x10004b84                __wrap___aeabi_frsub
                0x10004b8a                __wrap___aeabi_fsub
                0x10004b94                __wrap___aeabi_fadd
                0x10004b9e                __wrap___aeabi_fdiv
                0x10004bca                __wrap___aeabi_fmul
 .text.__wrap___aeabi_cfcmple
                0x10004bdc       0x50 CMakeFiles/PEARL.dir/C_/Users/sean/.pico-sdk/sdk/2.1.1/src/rp2_common/pico_float/float_aeabi_rp2040.S.obj
                0x10004bdc                __wrap___aeabi_cfrcmple
                0x10004be8                __wrap___aeabi_cfcmple
                0x10004be8                __wrap___aeabi_cfcmpeq
 .text.__wrap___aeabi_fcmplt
                0x10004c2c        0xc CMakeFiles/PEARL.dir/C_/Users/sean/.pico-sdk/sdk/2.1.1/src/rp2_common/pico_float/float_aeabi_rp2040.S.obj
                0x10004c2c                __wrap___aeabi_fcmplt
 .text.__wrap___aeabi_fcmpge
                0x10004c38       0x10 CMakeFiles/PEARL.dir/C_/Users/sean/.pico-sdk/sdk/2.1.1/src/rp2_common/pico_float/float_aeabi_rp2040.S.obj
                0x10004c38                __wrap___aeabi_fcmpge
 .text.__wrap___aeabi_fcmpgt
                0x10004c48        0xa CMakeFiles/PEARL.dir/C_/Users/sean/.pico-sdk/sdk/2.1.1/src/rp2_common/pico_float/float_aeabi_rp2040.S.obj
                0x10004c48                __wrap___aeabi_fcmpgt
 .text.__wrap___aeabi_ui2f
                0x10004c52        0xa CMakeFiles/PEARL.dir/C_/Users/sean/.pico-sdk/sdk/2.1.1/src/rp2_common/pico_float/float_aeabi_rp2040.S.obj
                0x10004c52                __wrap___aeabi_ui2f
                0x10004c52                uint2float
 .text.__wrap___aeabi_i2f
                0x10004c5c       0x44 CMakeFiles/PEARL.dir/C_/Users/sean/.pico-sdk/sdk/2.1.1/src/rp2_common/pico_float/float_aeabi_rp2040.S.obj
                0x10004c5c                __wrap___aeabi_i2f
                0x10004c5c                int2float
 .text.__wrap___aeabi_f2uiz
                0x10004ca0       0x10 CMakeFiles/PEARL.dir/C_/Users/sean/.pico-sdk/sdk/2.1.1/src/rp2_common/pico_float/float_aeabi_rp2040.S.obj
                0x10004ca0                float2uint_z
                0x10004ca0                __wrap___aeabi_f2uiz
                0x10004ca0                float2uint
 .text.__wrap___aeabi_f2d
                0x10004cb0       0x14 CMakeFiles/PEARL.dir/C_/Users/sean/.pico-sdk/sdk/2.1.1/src/rp2_common/pico_float/float_aeabi_rp2040.S.obj
                0x10004cb0                __wrap___aeabi_f2d
 .text.__aeabi_float_init
                0x10004cc4       0xfc CMakeFiles/PEARL.dir/C_/Users/sean/.pico-sdk/sdk/2.1.1/src/rp2_common/pico_float/float_init_rom_rp2040.c.obj
                0x10004cc4                __aeabi_float_init
 .text.float_table_shim_on_use_helper
                0x10004dc0       0x34 CMakeFiles/PEARL.dir/C_/Users/sean/.pico-sdk/sdk/2.1.1/src/rp2_common/pico_float/float_v1_rom_shim_rp2040.S.obj
                0x10004dc0                float_table_shim_on_use_helper
 .text.float2double_shim
                0x10004df4       0x30 CMakeFiles/PEARL.dir/C_/Users/sean/.pico-sdk/sdk/2.1.1/src/rp2_common/pico_float/float_v1_rom_shim_rp2040.S.obj
                0x10004df4                float2double_shim
 .text.check_alloc
                0x10004e24       0x20 CMakeFiles/PEARL.dir/C_/Users/sean/.pico-sdk/sdk/2.1.1/src/rp2_common/pico_malloc/malloc.c.obj
 .text.__wrap_malloc
                0x10004e44       0x14 CMakeFiles/PEARL.dir/C_/Users/sean/.pico-sdk/sdk/2.1.1/src/rp2_common/pico_malloc/malloc.c.obj
                0x10004e44                __wrap_malloc
 .text.__wrap_realloc
                0x10004e58       0x14 CMakeFiles/PEARL.dir/C_/Users/sean/.pico-sdk/sdk/2.1.1/src/rp2_common/pico_malloc/malloc.c.obj
                0x10004e58                __wrap_realloc
 .text.__wrap_free
                0x10004e6c        0x8 CMakeFiles/PEARL.dir/C_/Users/sean/.pico-sdk/sdk/2.1.1/src/rp2_common/pico_malloc/malloc.c.obj
                0x10004e6c                __wrap_free
 .text          0x10004e74       0x10 CMakeFiles/PEARL.dir/C_/Users/sean/.pico-sdk/sdk/2.1.1/src/rp2_common/pico_mem_ops/mem_ops_aeabi.S.obj
                0x10004e74                __aeabi_mem_init
 .text.memset   0x10004e84        0xc CMakeFiles/PEARL.dir/C_/Users/sean/.pico-sdk/sdk/2.1.1/src/rp2_common/pico_mem_ops/mem_ops_aeabi.S.obj
                0x10004e84                __wrap_memset
 .text.memcpy   0x10004e90        0xc CMakeFiles/PEARL.dir/C_/Users/sean/.pico-sdk/sdk/2.1.1/src/rp2_common/pico_mem_ops/mem_ops_aeabi.S.obj
                0x10004e90                __wrap_memcpy
                0x10004e90                __wrap___aeabi_memcpy
 .text._out_buffer
                0x10004e9c        0x8 CMakeFiles/PEARL.dir/C_/Users/sean/.pico-sdk/sdk/2.1.1/src/rp2_common/pico_printf/printf.c.obj
 .text._out_null
                0x10004ea4        0x2 CMakeFiles/PEARL.dir/C_/Users/sean/.pico-sdk/sdk/2.1.1/src/rp2_common/pico_printf/printf.c.obj
 .text._out_fct
                0x10004ea6        0xe CMakeFiles/PEARL.dir/C_/Users/sean/.pico-sdk/sdk/2.1.1/src/rp2_common/pico_printf/printf.c.obj
 .text._atoi    0x10004eb4       0x24 CMakeFiles/PEARL.dir/C_/Users/sean/.pico-sdk/sdk/2.1.1/src/rp2_common/pico_printf/printf.c.obj
 .text._out_rev
                0x10004ed8       0xb0 CMakeFiles/PEARL.dir/C_/Users/sean/.pico-sdk/sdk/2.1.1/src/rp2_common/pico_printf/printf.c.obj
 .text._ntoa_format
                0x10004f88      0x10e CMakeFiles/PEARL.dir/C_/Users/sean/.pico-sdk/sdk/2.1.1/src/rp2_common/pico_printf/printf.c.obj
 .text._ntoa_long
                0x10005096       0xbc CMakeFiles/PEARL.dir/C_/Users/sean/.pico-sdk/sdk/2.1.1/src/rp2_common/pico_printf/printf.c.obj
 .text._ntoa_long_long
                0x10005152      0x10e CMakeFiles/PEARL.dir/C_/Users/sean/.pico-sdk/sdk/2.1.1/src/rp2_common/pico_printf/printf.c.obj
 .text._etoa    0x10005260      0x424 CMakeFiles/PEARL.dir/C_/Users/sean/.pico-sdk/sdk/2.1.1/src/rp2_common/pico_printf/printf.c.obj
 .text._ftoa    0x10005684      0x348 CMakeFiles/PEARL.dir/C_/Users/sean/.pico-sdk/sdk/2.1.1/src/rp2_common/pico_printf/printf.c.obj
 .text._vsnprintf
                0x100059cc      0x6a4 CMakeFiles/PEARL.dir/C_/Users/sean/.pico-sdk/sdk/2.1.1/src/rp2_common/pico_printf/printf.c.obj
 .text.__wrap_sprintf
                0x10006070       0x2c CMakeFiles/PEARL.dir/C_/Users/sean/.pico-sdk/sdk/2.1.1/src/rp2_common/pico_printf/printf.c.obj
                0x10006070                __wrap_sprintf
 .text.__wrap_snprintf
                0x1000609c       0x28 CMakeFiles/PEARL.dir/C_/Users/sean/.pico-sdk/sdk/2.1.1/src/rp2_common/pico_printf/printf.c.obj
                0x1000609c                __wrap_snprintf
 .text.__wrap_vsnprintf
                0x100060c4       0x1c CMakeFiles/PEARL.dir/C_/Users/sean/.pico-sdk/sdk/2.1.1/src/rp2_common/pico_printf/printf.c.obj
                0x100060c4                __wrap_vsnprintf
 .text.vfctprintf
                0x100060e0       0x24 CMakeFiles/PEARL.dir/C_/Users/sean/.pico-sdk/sdk/2.1.1/src/rp2_common/pico_printf/printf.c.obj
                0x100060e0                vfctprintf
 .text._exit    0x10006104        0x4 CMakeFiles/PEARL.dir/C_/Users/sean/.pico-sdk/sdk/2.1.1/src/rp2_common/pico_clib_interface/newlib_interface.c.obj
                0x10006104                _exit
 .text._sbrk    0x10006108       0x38 CMakeFiles/PEARL.dir/C_/Users/sean/.pico-sdk/sdk/2.1.1/src/rp2_common/pico_clib_interface/newlib_interface.c.obj
                0x10006108                _sbrk
 .text._getpid  0x10006140        0x4 CMakeFiles/PEARL.dir/C_/Users/sean/.pico-sdk/sdk/2.1.1/src/rp2_common/pico_clib_interface/newlib_interface.c.obj
                0x10006140                _getpid
 .text._kill    0x10006144        0x6 CMakeFiles/PEARL.dir/C_/Users/sean/.pico-sdk/sdk/2.1.1/src/rp2_common/pico_clib_interface/newlib_interface.c.obj
                0x10006144                _kill
 *fill*         0x1000614a        0x2 
 .text._read    0x1000614c       0x24 CMakeFiles/PEARL.dir/C_/Users/sean/.pico-sdk/sdk/2.1.1/src/rp2_common/pico_clib_interface/newlib_interface.c.obj
                0x1000614c                _read
 .text._write   0x10006170       0x22 CMakeFiles/PEARL.dir/C_/Users/sean/.pico-sdk/sdk/2.1.1/src/rp2_common/pico_clib_interface/newlib_interface.c.obj
                0x10006170                _write
 .text._close   0x10006192        0x6 CMakeFiles/PEARL.dir/C_/Users/sean/.pico-sdk/sdk/2.1.1/src/rp2_common/pico_clib_interface/newlib_interface.c.obj
                0x10006192                _close
 .text._lseek   0x10006198        0x6 CMakeFiles/PEARL.dir/C_/Users/sean/.pico-sdk/sdk/2.1.1/src/rp2_common/pico_clib_interface/newlib_interface.c.obj
                0x10006198                _lseek
 .text._fstat   0x1000619e        0x6 CMakeFiles/PEARL.dir/C_/Users/sean/.pico-sdk/sdk/2.1.1/src/rp2_common/pico_clib_interface/newlib_interface.c.obj
                0x1000619e                _fstat
 .text._isatty  0x100061a4        0xc CMakeFiles/PEARL.dir/C_/Users/sean/.pico-sdk/sdk/2.1.1/src/rp2_common/pico_clib_interface/newlib_interface.c.obj
                0x100061a4                _isatty
 .text.exit     0x100061b0        0x6 CMakeFiles/PEARL.dir/C_/Users/sean/.pico-sdk/sdk/2.1.1/src/rp2_common/pico_clib_interface/newlib_interface.c.obj
                0x100061b0                exit
 *fill*         0x100061b6        0x2 
 .text.__assert_func
                0x100061b8       0x38 CMakeFiles/PEARL.dir/C_/Users/sean/.pico-sdk/sdk/2.1.1/src/rp2_common/pico_clib_interface/newlib_interface.c.obj
                0x100061b8                __assert_func
 .text.runtime_init
                0x100061f0       0x28 CMakeFiles/PEARL.dir/C_/Users/sean/.pico-sdk/sdk/2.1.1/src/rp2_common/pico_clib_interface/newlib_interface.c.obj
                0x100061f0                runtime_init
 .text.stdio_out_chars_no_crlf
                0x10006218        0xe CMakeFiles/PEARL.dir/C_/Users/sean/.pico-sdk/sdk/2.1.1/src/rp2_common/pico_stdio/stdio.c.obj
 *fill*         0x10006226        0x2 
 .text.stdio_out_chars_crlf
                0x10006228       0x80 CMakeFiles/PEARL.dir/C_/Users/sean/.pico-sdk/sdk/2.1.1/src/rp2_common/pico_stdio/stdio.c.obj
 .text.stdio_stack_buffer_flush
                0x100062a8       0x44 CMakeFiles/PEARL.dir/C_/Users/sean/.pico-sdk/sdk/2.1.1/src/rp2_common/pico_stdio/stdio.c.obj
 .text.stdio_buffered_printer
                0x100062ec       0x20 CMakeFiles/PEARL.dir/C_/Users/sean/.pico-sdk/sdk/2.1.1/src/rp2_common/pico_stdio/stdio.c.obj
 .text.stdout_serialize_begin
                0x1000630c       0x30 CMakeFiles/PEARL.dir/C_/Users/sean/.pico-sdk/sdk/2.1.1/src/rp2_common/pico_stdio/stdio.c.obj
                0x1000630c                stdout_serialize_begin
 .text.stdout_serialize_end
                0x1000633c       0x10 CMakeFiles/PEARL.dir/C_/Users/sean/.pico-sdk/sdk/2.1.1/src/rp2_common/pico_stdio/stdio.c.obj
                0x1000633c                stdout_serialize_end
 .text.stdio_put_string
                0x1000634c       0x94 CMakeFiles/PEARL.dir/C_/Users/sean/.pico-sdk/sdk/2.1.1/src/rp2_common/pico_stdio/stdio.c.obj
                0x1000634c                stdio_put_string
 .text.stdio_get_until
                0x100063e0       0x74 CMakeFiles/PEARL.dir/C_/Users/sean/.pico-sdk/sdk/2.1.1/src/rp2_common/pico_stdio/stdio.c.obj
                0x100063e0                stdio_get_until
 .text.stdio_set_driver_enabled
                0x10006454       0x30 CMakeFiles/PEARL.dir/C_/Users/sean/.pico-sdk/sdk/2.1.1/src/rp2_common/pico_stdio/stdio.c.obj
                0x10006454                stdio_set_driver_enabled
 .text.stdio_flush
                0x10006484       0x20 CMakeFiles/PEARL.dir/C_/Users/sean/.pico-sdk/sdk/2.1.1/src/rp2_common/pico_stdio/stdio.c.obj
                0x10006484                stdio_flush
 .text.stdio_init_all
                0x100064a4        0x8 CMakeFiles/PEARL.dir/C_/Users/sean/.pico-sdk/sdk/2.1.1/src/rp2_common/pico_stdio/stdio.c.obj
                0x100064a4                stdio_init_all
 .text.stdio_getchar_timeout_us
                0x100064ac       0x54 CMakeFiles/PEARL.dir/C_/Users/sean/.pico-sdk/sdk/2.1.1/src/rp2_common/pico_stdio/stdio.c.obj
                0x100064ac                stdio_getchar_timeout_us
 .text.__wrap_putchar
                0x10006500       0x1c CMakeFiles/PEARL.dir/C_/Users/sean/.pico-sdk/sdk/2.1.1/src/rp2_common/pico_stdio/stdio.c.obj
                0x10006500                __wrap_putchar
                0x10006500                stdio_putchar
 .text.__wrap_puts
                0x1000651c       0x1e CMakeFiles/PEARL.dir/C_/Users/sean/.pico-sdk/sdk/2.1.1/src/rp2_common/pico_stdio/stdio.c.obj
                0x1000651c                stdio_puts
                0x1000651c                __wrap_puts
 *fill*         0x1000653a        0x2 
 .text.__wrap_vprintf
                0x1000653c       0x40 CMakeFiles/PEARL.dir/C_/Users/sean/.pico-sdk/sdk/2.1.1/src/rp2_common/pico_stdio/stdio.c.obj
                0x1000653c                stdio_vprintf
                0x1000653c                __wrap_vprintf
 .text.__wrap_printf
                0x1000657c       0x18 CMakeFiles/PEARL.dir/C_/Users/sean/.pico-sdk/sdk/2.1.1/src/rp2_common/pico_stdio/stdio.c.obj
                0x1000657c                __wrap_printf
                0x1000657c                stdio_printf
 .text.resetd_init
                0x10006594        0x2 CMakeFiles/PEARL.dir/C_/Users/sean/.pico-sdk/sdk/2.1.1/src/rp2_common/pico_stdio_usb/reset_interface.c.obj
 *fill*         0x10006596        0x2 
 .text.resetd_reset
                0x10006598        0xc CMakeFiles/PEARL.dir/C_/Users/sean/.pico-sdk/sdk/2.1.1/src/rp2_common/pico_stdio_usb/reset_interface.c.obj
 .text.resetd_open
                0x100065a4       0x34 CMakeFiles/PEARL.dir/C_/Users/sean/.pico-sdk/sdk/2.1.1/src/rp2_common/pico_stdio_usb/reset_interface.c.obj
 .text.resetd_xfer_cb
                0x100065d8        0x4 CMakeFiles/PEARL.dir/C_/Users/sean/.pico-sdk/sdk/2.1.1/src/rp2_common/pico_stdio_usb/reset_interface.c.obj
 .text.resetd_control_xfer_cb
                0x100065dc       0x60 CMakeFiles/PEARL.dir/C_/Users/sean/.pico-sdk/sdk/2.1.1/src/rp2_common/pico_stdio_usb/reset_interface.c.obj
 .text.tud_descriptor_bos_cb
                0x1000663c        0x8 CMakeFiles/PEARL.dir/C_/Users/sean/.pico-sdk/sdk/2.1.1/src/rp2_common/pico_stdio_usb/reset_interface.c.obj
                0x1000663c                tud_descriptor_bos_cb
 .text.tud_vendor_control_xfer_cb
                0x10006644       0x38 CMakeFiles/PEARL.dir/C_/Users/sean/.pico-sdk/sdk/2.1.1/src/rp2_common/pico_stdio_usb/reset_interface.c.obj
                0x10006644                tud_vendor_control_xfer_cb
 .text.usbd_app_driver_get_cb
                0x1000667c        0xc CMakeFiles/PEARL.dir/C_/Users/sean/.pico-sdk/sdk/2.1.1/src/rp2_common/pico_stdio_usb/reset_interface.c.obj
                0x1000667c                usbd_app_driver_get_cb
 .text.tud_cdc_line_coding_cb
                0x10006688       0x2c CMakeFiles/PEARL.dir/C_/Users/sean/.pico-sdk/sdk/2.1.1/src/rp2_common/pico_stdio_usb/reset_interface.c.obj
                0x10006688                tud_cdc_line_coding_cb
 .text.stdio_usb_set_chars_available_callback
                0x100066b4       0x14 CMakeFiles/PEARL.dir/C_/Users/sean/.pico-sdk/sdk/2.1.1/src/rp2_common/pico_stdio_usb/stdio_usb.c.obj
                0x100066b4                stdio_usb_set_chars_available_callback
 .text.stdio_usb_out_flush
                0x100066c8       0x4c CMakeFiles/PEARL.dir/C_/Users/sean/.pico-sdk/sdk/2.1.1/src/rp2_common/pico_stdio_usb/stdio_usb.c.obj
 .text.usb_irq  0x10006714       0x10 CMakeFiles/PEARL.dir/C_/Users/sean/.pico-sdk/sdk/2.1.1/src/rp2_common/pico_stdio_usb/stdio_usb.c.obj
 .text.critical_section_enter_blocking
                0x10006724       0x16 CMakeFiles/PEARL.dir/C_/Users/sean/.pico-sdk/sdk/2.1.1/src/rp2_common/pico_stdio_usb/stdio_usb.c.obj
 *fill*         0x1000673a        0x2 
 .text.timer_task
                0x1000673c       0x60 CMakeFiles/PEARL.dir/C_/Users/sean/.pico-sdk/sdk/2.1.1/src/rp2_common/pico_stdio_usb/stdio_usb.c.obj
 .text.alarm_pool_add_alarm_in_us
                0x1000679c       0x40 CMakeFiles/PEARL.dir/C_/Users/sean/.pico-sdk/sdk/2.1.1/src/rp2_common/pico_stdio_usb/stdio_usb.c.obj
 .text.add_alarm_in_us
                0x100067dc       0x2e CMakeFiles/PEARL.dir/C_/Users/sean/.pico-sdk/sdk/2.1.1/src/rp2_common/pico_stdio_usb/stdio_usb.c.obj
 *fill*         0x1000680a        0x2 
 .text.low_priority_worker_irq
                0x1000680c       0x9c CMakeFiles/PEARL.dir/C_/Users/sean/.pico-sdk/sdk/2.1.1/src/rp2_common/pico_stdio_usb/stdio_usb.c.obj
 .text.stdio_usb_init
                0x100068a8       0xe0 CMakeFiles/PEARL.dir/C_/Users/sean/.pico-sdk/sdk/2.1.1/src/rp2_common/pico_stdio_usb/stdio_usb.c.obj
                0x100068a8                stdio_usb_init
 .text.stdio_usb_connected
                0x10006988        0xa CMakeFiles/PEARL.dir/C_/Users/sean/.pico-sdk/sdk/2.1.1/src/rp2_common/pico_stdio_usb/stdio_usb.c.obj
                0x10006988                stdio_usb_connected
 *fill*         0x10006992        0x2 
 .text.stdio_usb_in_chars
                0x10006994       0x98 CMakeFiles/PEARL.dir/C_/Users/sean/.pico-sdk/sdk/2.1.1/src/rp2_common/pico_stdio_usb/stdio_usb.c.obj
                0x10006994                stdio_usb_in_chars
 .text.stdio_usb_out_chars
                0x10006a2c       0xe8 CMakeFiles/PEARL.dir/C_/Users/sean/.pico-sdk/sdk/2.1.1/src/rp2_common/pico_stdio_usb/stdio_usb.c.obj
 .text.tud_descriptor_device_cb
                0x10006b14        0x8 CMakeFiles/PEARL.dir/C_/Users/sean/.pico-sdk/sdk/2.1.1/src/rp2_common/pico_stdio_usb/stdio_usb_descriptors.c.obj
                0x10006b14                tud_descriptor_device_cb
 .text.tud_descriptor_configuration_cb
                0x10006b1c        0x8 CMakeFiles/PEARL.dir/C_/Users/sean/.pico-sdk/sdk/2.1.1/src/rp2_common/pico_stdio_usb/stdio_usb_descriptors.c.obj
                0x10006b1c                tud_descriptor_configuration_cb
 .text.tud_descriptor_string_cb
                0x10006b24       0x6c CMakeFiles/PEARL.dir/C_/Users/sean/.pico-sdk/sdk/2.1.1/src/rp2_common/pico_stdio_usb/stdio_usb_descriptors.c.obj
                0x10006b24                tud_descriptor_string_cb
 .text._retrieve_unique_id_on_boot
                0x10006b90       0x10 CMakeFiles/PEARL.dir/C_/Users/sean/.pico-sdk/sdk/2.1.1/src/rp2_common/pico_unique_id/unique_id.c.obj
 .text.pico_get_unique_board_id_string
                0x10006ba0       0x58 CMakeFiles/PEARL.dir/C_/Users/sean/.pico-sdk/sdk/2.1.1/src/rp2_common/pico_unique_id/unique_id.c.obj
                0x10006ba0                pico_get_unique_board_id_string
 .text.flash_get_unique_id
                0x10006bf8       0x40 CMakeFiles/PEARL.dir/C_/Users/sean/.pico-sdk/sdk/2.1.1/src/rp2_common/hardware_flash/flash.c.obj
                0x10006bf8                flash_get_unique_id
 .text.hw_endpoint_init
                0x10006c38       0xc0 CMakeFiles/PEARL.dir/C_/Users/sean/.pico-sdk/sdk/2.1.1/lib/tinyusb/src/portable/raspberrypi/rp2040/dcd_rp2040.c.obj
 .text.hw_endpoint_alloc
                0x10006cf8       0x48 CMakeFiles/PEARL.dir/C_/Users/sean/.pico-sdk/sdk/2.1.1/lib/tinyusb/src/portable/raspberrypi/rp2040/dcd_rp2040.c.obj
 .text.hw_endpoint_open
                0x10006d40       0x50 CMakeFiles/PEARL.dir/C_/Users/sean/.pico-sdk/sdk/2.1.1/lib/tinyusb/src/portable/raspberrypi/rp2040/dcd_rp2040.c.obj
 .text.hw_endpoint_xfer
                0x10006d90       0x20 CMakeFiles/PEARL.dir/C_/Users/sean/.pico-sdk/sdk/2.1.1/lib/tinyusb/src/portable/raspberrypi/rp2040/dcd_rp2040.c.obj
 .text.dcd_int_enable
                0x10006db0       0x2c CMakeFiles/PEARL.dir/C_/Users/sean/.pico-sdk/sdk/2.1.1/lib/tinyusb/src/portable/raspberrypi/rp2040/dcd_rp2040.c.obj
                0x10006db0                dcd_int_enable
 .text.dcd_set_address
                0x10006ddc       0x2c CMakeFiles/PEARL.dir/C_/Users/sean/.pico-sdk/sdk/2.1.1/lib/tinyusb/src/portable/raspberrypi/rp2040/dcd_rp2040.c.obj
                0x10006ddc                dcd_set_address
 .text.dcd_connect
                0x10006e08       0x10 CMakeFiles/PEARL.dir/C_/Users/sean/.pico-sdk/sdk/2.1.1/lib/tinyusb/src/portable/raspberrypi/rp2040/dcd_rp2040.c.obj
                0x10006e08                dcd_connect
 .text.dcd_init
                0x10006e18       0x80 CMakeFiles/PEARL.dir/C_/Users/sean/.pico-sdk/sdk/2.1.1/lib/tinyusb/src/portable/raspberrypi/rp2040/dcd_rp2040.c.obj
                0x10006e18                dcd_init
 .text.dcd_sof_enable
                0x10006e98       0x1c CMakeFiles/PEARL.dir/C_/Users/sean/.pico-sdk/sdk/2.1.1/lib/tinyusb/src/portable/raspberrypi/rp2040/dcd_rp2040.c.obj
                0x10006e98                dcd_sof_enable
 .text.dcd_edpt0_status_complete
                0x10006eb4       0x1c CMakeFiles/PEARL.dir/C_/Users/sean/.pico-sdk/sdk/2.1.1/lib/tinyusb/src/portable/raspberrypi/rp2040/dcd_rp2040.c.obj
                0x10006eb4                dcd_edpt0_status_complete
 .text.dcd_edpt_open
                0x10006ed0       0x26 CMakeFiles/PEARL.dir/C_/Users/sean/.pico-sdk/sdk/2.1.1/lib/tinyusb/src/portable/raspberrypi/rp2040/dcd_rp2040.c.obj
                0x10006ed0                dcd_edpt_open
 .text.dcd_edpt_close_all
                0x10006ef6        0x8 CMakeFiles/PEARL.dir/C_/Users/sean/.pico-sdk/sdk/2.1.1/lib/tinyusb/src/portable/raspberrypi/rp2040/dcd_rp2040.c.obj
                0x10006ef6                dcd_edpt_close_all
 *fill*         0x10006efe        0x2 
 .text.dcd_edpt_xfer
                0x10006f00       0x30 CMakeFiles/PEARL.dir/C_/Users/sean/.pico-sdk/sdk/2.1.1/lib/tinyusb/src/portable/raspberrypi/rp2040/dcd_rp2040.c.obj
                0x10006f00                dcd_edpt_xfer
 .text.dcd_edpt_stall
                0x10006f30       0x3c CMakeFiles/PEARL.dir/C_/Users/sean/.pico-sdk/sdk/2.1.1/lib/tinyusb/src/portable/raspberrypi/rp2040/dcd_rp2040.c.obj
                0x10006f30                dcd_edpt_stall
 .text.dcd_edpt_clear_stall
                0x10006f6c       0x30 CMakeFiles/PEARL.dir/C_/Users/sean/.pico-sdk/sdk/2.1.1/lib/tinyusb/src/portable/raspberrypi/rp2040/dcd_rp2040.c.obj
                0x10006f6c                dcd_edpt_clear_stall
 .text.unaligned_memcpy
                0x10006f9c       0x14 CMakeFiles/PEARL.dir/C_/Users/sean/.pico-sdk/sdk/2.1.1/lib/tinyusb/src/portable/raspberrypi/rp2040/rp2040_usb.c.obj
 .text.rp2040_usb_init
                0x10006fb0       0x44 CMakeFiles/PEARL.dir/C_/Users/sean/.pico-sdk/sdk/2.1.1/lib/tinyusb/src/portable/raspberrypi/rp2040/rp2040_usb.c.obj
                0x10006fb0                rp2040_usb_init
 .text.hw_endpoint_xfer_start
                0x10006ff4       0x60 CMakeFiles/PEARL.dir/C_/Users/sean/.pico-sdk/sdk/2.1.1/lib/tinyusb/src/portable/raspberrypi/rp2040/rp2040_usb.c.obj
                0x10006ff4                hw_endpoint_xfer_start
 .text.configuration_reset
                0x10007054       0x84 CMakeFiles/PEARL.dir/C_/Users/sean/.pico-sdk/sdk/2.1.1/lib/tinyusb/src/device/usbd.c.obj
 .text.critical_section_enter_blocking
                0x100070d8       0x16 CMakeFiles/PEARL.dir/C_/Users/sean/.pico-sdk/sdk/2.1.1/lib/tinyusb/src/device/usbd.c.obj
 .text.usbd_reset
                0x100070ee        0xc CMakeFiles/PEARL.dir/C_/Users/sean/.pico-sdk/sdk/2.1.1/lib/tinyusb/src/device/usbd.c.obj
 .text.invoke_class_control
                0x100070fa       0x1a CMakeFiles/PEARL.dir/C_/Users/sean/.pico-sdk/sdk/2.1.1/lib/tinyusb/src/device/usbd.c.obj
 .text.process_set_config
                0x10007114      0x1b0 CMakeFiles/PEARL.dir/C_/Users/sean/.pico-sdk/sdk/2.1.1/lib/tinyusb/src/device/usbd.c.obj
 .text.tud_event_hook_cb
                0x100072c4        0x2 CMakeFiles/PEARL.dir/C_/Users/sean/.pico-sdk/sdk/2.1.1/lib/tinyusb/src/device/usbd.c.obj
                0x100072c4                tud_event_hook_cb
 .text.tud_sof_cb
                0x100072c6        0x2 CMakeFiles/PEARL.dir/C_/Users/sean/.pico-sdk/sdk/2.1.1/lib/tinyusb/src/device/usbd.c.obj
                0x100072c6                tud_sof_cb
 .text.tud_descriptor_device_qualifier_cb
                0x100072c8        0x4 CMakeFiles/PEARL.dir/C_/Users/sean/.pico-sdk/sdk/2.1.1/lib/tinyusb/src/device/usbd.c.obj
                0x100072c8                tud_descriptor_device_qualifier_cb
 .text.tud_descriptor_other_speed_configuration_cb
                0x100072cc        0x4 CMakeFiles/PEARL.dir/C_/Users/sean/.pico-sdk/sdk/2.1.1/lib/tinyusb/src/device/usbd.c.obj
                0x100072cc                tud_descriptor_other_speed_configuration_cb
 .text.process_get_descriptor
                0x100072d0       0xe0 CMakeFiles/PEARL.dir/C_/Users/sean/.pico-sdk/sdk/2.1.1/lib/tinyusb/src/device/usbd.c.obj
 .text.tud_mount_cb
                0x100073b0        0x2 CMakeFiles/PEARL.dir/C_/Users/sean/.pico-sdk/sdk/2.1.1/lib/tinyusb/src/device/usbd.c.obj
                0x100073b0                tud_mount_cb
 .text.tud_umount_cb
                0x100073b2        0x2 CMakeFiles/PEARL.dir/C_/Users/sean/.pico-sdk/sdk/2.1.1/lib/tinyusb/src/device/usbd.c.obj
                0x100073b2                tud_umount_cb
 .text.tud_suspend_cb
                0x100073b4        0x2 CMakeFiles/PEARL.dir/C_/Users/sean/.pico-sdk/sdk/2.1.1/lib/tinyusb/src/device/usbd.c.obj
                0x100073b4                tud_suspend_cb
 .text.tud_resume_cb
                0x100073b6        0x2 CMakeFiles/PEARL.dir/C_/Users/sean/.pico-sdk/sdk/2.1.1/lib/tinyusb/src/device/usbd.c.obj
                0x100073b6                tud_resume_cb
 .text.tud_mounted
                0x100073b8       0x10 CMakeFiles/PEARL.dir/C_/Users/sean/.pico-sdk/sdk/2.1.1/lib/tinyusb/src/device/usbd.c.obj
                0x100073b8                tud_mounted
 .text.tud_suspended
                0x100073c8       0x10 CMakeFiles/PEARL.dir/C_/Users/sean/.pico-sdk/sdk/2.1.1/lib/tinyusb/src/device/usbd.c.obj
                0x100073c8                tud_suspended
 .text.tud_inited
                0x100073d8       0x14 CMakeFiles/PEARL.dir/C_/Users/sean/.pico-sdk/sdk/2.1.1/lib/tinyusb/src/device/usbd.c.obj
                0x100073d8                tud_inited
 .text.tud_rhport_init
                0x100073ec      0x100 CMakeFiles/PEARL.dir/C_/Users/sean/.pico-sdk/sdk/2.1.1/lib/tinyusb/src/device/usbd.c.obj
                0x100073ec                tud_rhport_init
 .text.usbd_edpt_open
                0x100074ec       0x60 CMakeFiles/PEARL.dir/C_/Users/sean/.pico-sdk/sdk/2.1.1/lib/tinyusb/src/device/usbd.c.obj
                0x100074ec                usbd_edpt_open
 .text.usbd_open_edpt_pair
                0x1000754c       0x88 CMakeFiles/PEARL.dir/C_/Users/sean/.pico-sdk/sdk/2.1.1/lib/tinyusb/src/device/usbd.c.obj
                0x1000754c                usbd_open_edpt_pair
 .text.usbd_edpt_claim
                0x100075d4       0x28 CMakeFiles/PEARL.dir/C_/Users/sean/.pico-sdk/sdk/2.1.1/lib/tinyusb/src/device/usbd.c.obj
                0x100075d4                usbd_edpt_claim
 .text.usbd_edpt_release
                0x100075fc       0x28 CMakeFiles/PEARL.dir/C_/Users/sean/.pico-sdk/sdk/2.1.1/lib/tinyusb/src/device/usbd.c.obj
                0x100075fc                usbd_edpt_release
 .text.usbd_edpt_xfer
                0x10007624       0x88 CMakeFiles/PEARL.dir/C_/Users/sean/.pico-sdk/sdk/2.1.1/lib/tinyusb/src/device/usbd.c.obj
                0x10007624                usbd_edpt_xfer
 .text.usbd_edpt_stall
                0x100076ac       0x34 CMakeFiles/PEARL.dir/C_/Users/sean/.pico-sdk/sdk/2.1.1/lib/tinyusb/src/device/usbd.c.obj
                0x100076ac                usbd_edpt_stall
 .text.usbd_edpt_clear_stall
                0x100076e0       0x34 CMakeFiles/PEARL.dir/C_/Users/sean/.pico-sdk/sdk/2.1.1/lib/tinyusb/src/device/usbd.c.obj
                0x100076e0                usbd_edpt_clear_stall
 .text.usbd_edpt_stalled
                0x10007714       0x1c CMakeFiles/PEARL.dir/C_/Users/sean/.pico-sdk/sdk/2.1.1/lib/tinyusb/src/device/usbd.c.obj
                0x10007714                usbd_edpt_stalled
 .text.process_control_request
                0x10007730      0x384 CMakeFiles/PEARL.dir/C_/Users/sean/.pico-sdk/sdk/2.1.1/lib/tinyusb/src/device/usbd.c.obj
 .text.tud_task_ext
                0x10007ab4      0x1c4 CMakeFiles/PEARL.dir/C_/Users/sean/.pico-sdk/sdk/2.1.1/lib/tinyusb/src/device/usbd.c.obj
                0x10007ab4                tud_task_ext
 .text.status_stage_xact
                0x10007c78       0x1a CMakeFiles/PEARL.dir/C_/Users/sean/.pico-sdk/sdk/2.1.1/lib/tinyusb/src/device/usbd_control.c.obj
 *fill*         0x10007c92        0x2 
 .text.data_stage_xact
                0x10007c94       0x60 CMakeFiles/PEARL.dir/C_/Users/sean/.pico-sdk/sdk/2.1.1/lib/tinyusb/src/device/usbd_control.c.obj
 .text.tud_control_status
                0x10007cf4       0x28 CMakeFiles/PEARL.dir/C_/Users/sean/.pico-sdk/sdk/2.1.1/lib/tinyusb/src/device/usbd_control.c.obj
                0x10007cf4                tud_control_status
 .text.tud_control_xfer
                0x10007d1c       0x98 CMakeFiles/PEARL.dir/C_/Users/sean/.pico-sdk/sdk/2.1.1/lib/tinyusb/src/device/usbd_control.c.obj
                0x10007d1c                tud_control_xfer
 .text.usbd_control_reset
                0x10007db4       0x14 CMakeFiles/PEARL.dir/C_/Users/sean/.pico-sdk/sdk/2.1.1/lib/tinyusb/src/device/usbd_control.c.obj
                0x10007db4                usbd_control_reset
 .text.usbd_control_set_complete_callback
                0x10007dc8        0xc CMakeFiles/PEARL.dir/C_/Users/sean/.pico-sdk/sdk/2.1.1/lib/tinyusb/src/device/usbd_control.c.obj
                0x10007dc8                usbd_control_set_complete_callback
 .text.usbd_control_set_request
                0x10007dd4       0x1c CMakeFiles/PEARL.dir/C_/Users/sean/.pico-sdk/sdk/2.1.1/lib/tinyusb/src/device/usbd_control.c.obj
                0x10007dd4                usbd_control_set_request
 .text.usbd_control_xfer_cb
                0x10007df0       0xe0 CMakeFiles/PEARL.dir/C_/Users/sean/.pico-sdk/sdk/2.1.1/lib/tinyusb/src/device/usbd_control.c.obj
                0x10007df0                usbd_control_xfer_cb
 .text._prep_out_transaction
                0x10007ed0       0x94 CMakeFiles/PEARL.dir/C_/Users/sean/.pico-sdk/sdk/2.1.1/lib/tinyusb/src/class/cdc/cdc_device.c.obj
 .text.tud_cdc_n_connected
                0x10007f64       0x38 CMakeFiles/PEARL.dir/C_/Users/sean/.pico-sdk/sdk/2.1.1/lib/tinyusb/src/class/cdc/cdc_device.c.obj
                0x10007f64                tud_cdc_n_connected
 .text.tud_cdc_n_available
                0x10007f9c       0x18 CMakeFiles/PEARL.dir/C_/Users/sean/.pico-sdk/sdk/2.1.1/lib/tinyusb/src/class/cdc/cdc_device.c.obj
                0x10007f9c                tud_cdc_n_available
 .text.tud_cdc_n_read
                0x10007fb4       0x38 CMakeFiles/PEARL.dir/C_/Users/sean/.pico-sdk/sdk/2.1.1/lib/tinyusb/src/class/cdc/cdc_device.c.obj
                0x10007fb4                tud_cdc_n_read
 .text.tud_cdc_n_write_flush
                0x10007fec       0xb0 CMakeFiles/PEARL.dir/C_/Users/sean/.pico-sdk/sdk/2.1.1/lib/tinyusb/src/class/cdc/cdc_device.c.obj
                0x10007fec                tud_cdc_n_write_flush
 .text.tud_cdc_n_write
                0x1000809c       0x48 CMakeFiles/PEARL.dir/C_/Users/sean/.pico-sdk/sdk/2.1.1/lib/tinyusb/src/class/cdc/cdc_device.c.obj
                0x1000809c                tud_cdc_n_write
 .text.tud_cdc_n_write_available
                0x100080e4       0x18 CMakeFiles/PEARL.dir/C_/Users/sean/.pico-sdk/sdk/2.1.1/lib/tinyusb/src/class/cdc/cdc_device.c.obj
                0x100080e4                tud_cdc_n_write_available
 .text.cdcd_init
                0x100080fc       0xac CMakeFiles/PEARL.dir/C_/Users/sean/.pico-sdk/sdk/2.1.1/lib/tinyusb/src/class/cdc/cdc_device.c.obj
                0x100080fc                cdcd_init
 .text.cdcd_deinit
                0x100081a8       0x48 CMakeFiles/PEARL.dir/C_/Users/sean/.pico-sdk/sdk/2.1.1/lib/tinyusb/src/class/cdc/cdc_device.c.obj
                0x100081a8                cdcd_deinit
 .text.cdcd_reset
                0x100081f0       0x70 CMakeFiles/PEARL.dir/C_/Users/sean/.pico-sdk/sdk/2.1.1/lib/tinyusb/src/class/cdc/cdc_device.c.obj
                0x100081f0                cdcd_reset
 .text.cdcd_open
                0x10008260       0xec CMakeFiles/PEARL.dir/C_/Users/sean/.pico-sdk/sdk/2.1.1/lib/tinyusb/src/class/cdc/cdc_device.c.obj
                0x10008260                cdcd_open
 .text.cdcd_control_xfer_cb
                0x1000834c      0x13c CMakeFiles/PEARL.dir/C_/Users/sean/.pico-sdk/sdk/2.1.1/lib/tinyusb/src/class/cdc/cdc_device.c.obj
                0x1000834c                cdcd_control_xfer_cb
 .text.cdcd_xfer_cb
                0x10008488      0x148 CMakeFiles/PEARL.dir/C_/Users/sean/.pico-sdk/sdk/2.1.1/lib/tinyusb/src/class/cdc/cdc_device.c.obj
                0x10008488                cdcd_xfer_cb
 .text.tud_vendor_n_mounted
                0x100085d0       0x3c CMakeFiles/PEARL.dir/C_/Users/sean/.pico-sdk/sdk/2.1.1/lib/tinyusb/src/class/vendor/vendor_device.c.obj
                0x100085d0                tud_vendor_n_mounted
 .text.tud_vendor_n_write_flush
                0x1000860c       0x20 CMakeFiles/PEARL.dir/C_/Users/sean/.pico-sdk/sdk/2.1.1/lib/tinyusb/src/class/vendor/vendor_device.c.obj
                0x1000860c                tud_vendor_n_write_flush
 .text.vendord_init
                0x1000862c       0x9c CMakeFiles/PEARL.dir/C_/Users/sean/.pico-sdk/sdk/2.1.1/lib/tinyusb/src/class/vendor/vendor_device.c.obj
                0x1000862c                vendord_init
 .text.vendord_deinit
                0x100086c8       0x34 CMakeFiles/PEARL.dir/C_/Users/sean/.pico-sdk/sdk/2.1.1/lib/tinyusb/src/class/vendor/vendor_device.c.obj
                0x100086c8                vendord_deinit
 .text.vendord_reset
                0x100086fc       0x50 CMakeFiles/PEARL.dir/C_/Users/sean/.pico-sdk/sdk/2.1.1/lib/tinyusb/src/class/vendor/vendor_device.c.obj
                0x100086fc                vendord_reset
 .text.vendord_open
                0x1000874c      0x14c CMakeFiles/PEARL.dir/C_/Users/sean/.pico-sdk/sdk/2.1.1/lib/tinyusb/src/class/vendor/vendor_device.c.obj
                0x1000874c                vendord_open
 .text.vendord_xfer_cb
                0x10008898       0xd8 CMakeFiles/PEARL.dir/C_/Users/sean/.pico-sdk/sdk/2.1.1/lib/tinyusb/src/class/vendor/vendor_device.c.obj
                0x10008898                vendord_xfer_cb
 .text.tusb_rhport_init
                0x10008970       0x78 CMakeFiles/PEARL.dir/C_/Users/sean/.pico-sdk/sdk/2.1.1/lib/tinyusb/src/tusb.c.obj
                0x10008970                tusb_rhport_init
 .text.tu_edpt_claim
                0x100089e8       0x50 CMakeFiles/PEARL.dir/C_/Users/sean/.pico-sdk/sdk/2.1.1/lib/tinyusb/src/tusb.c.obj
                0x100089e8                tu_edpt_claim
 .text.tu_edpt_release
                0x10008a38       0x38 CMakeFiles/PEARL.dir/C_/Users/sean/.pico-sdk/sdk/2.1.1/lib/tinyusb/src/tusb.c.obj
                0x10008a38                tu_edpt_release
 .text.tu_edpt_validate
                0x10008a70       0xac CMakeFiles/PEARL.dir/C_/Users/sean/.pico-sdk/sdk/2.1.1/lib/tinyusb/src/tusb.c.obj
                0x10008a70                tu_edpt_validate
 .text.tu_edpt_bind_driver
                0x10008b1c       0x26 CMakeFiles/PEARL.dir/C_/Users/sean/.pico-sdk/sdk/2.1.1/lib/tinyusb/src/tusb.c.obj
                0x10008b1c                tu_edpt_bind_driver
 .text.tu_edpt_stream_init
                0x10008b42       0x62 CMakeFiles/PEARL.dir/C_/Users/sean/.pico-sdk/sdk/2.1.1/lib/tinyusb/src/tusb.c.obj
                0x10008b42                tu_edpt_stream_init
 .text.tu_edpt_stream_deinit
                0x10008ba4        0x4 CMakeFiles/PEARL.dir/C_/Users/sean/.pico-sdk/sdk/2.1.1/lib/tinyusb/src/tusb.c.obj
                0x10008ba4                tu_edpt_stream_deinit
 .text.tu_edpt_stream_write_zlp_if_needed
                0x10008ba8       0x80 CMakeFiles/PEARL.dir/C_/Users/sean/.pico-sdk/sdk/2.1.1/lib/tinyusb/src/tusb.c.obj
                0x10008ba8                tu_edpt_stream_write_zlp_if_needed
 .text.tu_edpt_stream_write_xfer
                0x10008c28       0x84 CMakeFiles/PEARL.dir/C_/Users/sean/.pico-sdk/sdk/2.1.1/lib/tinyusb/src/tusb.c.obj
                0x10008c28                tu_edpt_stream_write_xfer
 .text.tu_edpt_stream_read_xfer
                0x10008cac       0xf4 CMakeFiles/PEARL.dir/C_/Users/sean/.pico-sdk/sdk/2.1.1/lib/tinyusb/src/tusb.c.obj
                0x10008cac                tu_edpt_stream_read_xfer
 .text.advance_index
                0x10008da0       0x1a CMakeFiles/PEARL.dir/C_/Users/sean/.pico-sdk/sdk/2.1.1/lib/tinyusb/src/common/tusb_fifo.c.obj
 .text._tu_fifo_peek
                0x10008dba       0x56 CMakeFiles/PEARL.dir/C_/Users/sean/.pico-sdk/sdk/2.1.1/lib/tinyusb/src/common/tusb_fifo.c.obj
 .text._ff_pull_n
                0x10008e10       0x68 CMakeFiles/PEARL.dir/C_/Users/sean/.pico-sdk/sdk/2.1.1/lib/tinyusb/src/common/tusb_fifo.c.obj
 .text._tu_fifo_peek_n
                0x10008e78       0x6a CMakeFiles/PEARL.dir/C_/Users/sean/.pico-sdk/sdk/2.1.1/lib/tinyusb/src/common/tusb_fifo.c.obj
 .text._tu_fifo_read_n
                0x10008ee2       0x4e CMakeFiles/PEARL.dir/C_/Users/sean/.pico-sdk/sdk/2.1.1/lib/tinyusb/src/common/tusb_fifo.c.obj
 .text._ff_push_n
                0x10008f30       0x68 CMakeFiles/PEARL.dir/C_/Users/sean/.pico-sdk/sdk/2.1.1/lib/tinyusb/src/common/tusb_fifo.c.obj
 .text._tu_fifo_write_n
                0x10008f98       0xf0 CMakeFiles/PEARL.dir/C_/Users/sean/.pico-sdk/sdk/2.1.1/lib/tinyusb/src/common/tusb_fifo.c.obj
 .text.tu_fifo_config
                0x10009088       0x7c CMakeFiles/PEARL.dir/C_/Users/sean/.pico-sdk/sdk/2.1.1/lib/tinyusb/src/common/tusb_fifo.c.obj
                0x10009088                tu_fifo_config
 .text.tu_fifo_count
                0x10009104       0x2c CMakeFiles/PEARL.dir/C_/Users/sean/.pico-sdk/sdk/2.1.1/lib/tinyusb/src/common/tusb_fifo.c.obj
                0x10009104                tu_fifo_count
 .text.tu_fifo_empty
                0x10009130        0xe CMakeFiles/PEARL.dir/C_/Users/sean/.pico-sdk/sdk/2.1.1/lib/tinyusb/src/common/tusb_fifo.c.obj
                0x10009130                tu_fifo_empty
 .text.tu_fifo_full
                0x1000913e       0x2a CMakeFiles/PEARL.dir/C_/Users/sean/.pico-sdk/sdk/2.1.1/lib/tinyusb/src/common/tusb_fifo.c.obj
                0x1000913e                tu_fifo_full
 .text.tu_fifo_remaining
                0x10009168       0x2e CMakeFiles/PEARL.dir/C_/Users/sean/.pico-sdk/sdk/2.1.1/lib/tinyusb/src/common/tusb_fifo.c.obj
                0x10009168                tu_fifo_remaining
 .text.tu_fifo_read
                0x10009196       0x42 CMakeFiles/PEARL.dir/C_/Users/sean/.pico-sdk/sdk/2.1.1/lib/tinyusb/src/common/tusb_fifo.c.obj
                0x10009196                tu_fifo_read
 .text.tu_fifo_read_n
                0x100091d8        0xa CMakeFiles/PEARL.dir/C_/Users/sean/.pico-sdk/sdk/2.1.1/lib/tinyusb/src/common/tusb_fifo.c.obj
                0x100091d8                tu_fifo_read_n
 .text.tu_fifo_write
                0x100091e2       0x64 CMakeFiles/PEARL.dir/C_/Users/sean/.pico-sdk/sdk/2.1.1/lib/tinyusb/src/common/tusb_fifo.c.obj
                0x100091e2                tu_fifo_write
 .text.tu_fifo_write_n
                0x10009246        0xa CMakeFiles/PEARL.dir/C_/Users/sean/.pico-sdk/sdk/2.1.1/lib/tinyusb/src/common/tusb_fifo.c.obj
                0x10009246                tu_fifo_write_n
 .text.tu_fifo_clear
                0x10009250       0x3e CMakeFiles/PEARL.dir/C_/Users/sean/.pico-sdk/sdk/2.1.1/lib/tinyusb/src/common/tusb_fifo.c.obj
                0x10009250                tu_fifo_clear
 .text.tu_fifo_set_overwritable
                0x1000928e       0x46 CMakeFiles/PEARL.dir/C_/Users/sean/.pico-sdk/sdk/2.1.1/lib/tinyusb/src/common/tusb_fifo.c.obj
                0x1000928e                tu_fifo_set_overwritable
 .text.i2c_unreset
                0x100092d4       0x2c CMakeFiles/PEARL.dir/C_/Users/sean/.pico-sdk/sdk/2.1.1/src/rp2_common/hardware_i2c/i2c.c.obj
 .text.i2c_write_blocking_internal
                0x10009300      0x158 CMakeFiles/PEARL.dir/C_/Users/sean/.pico-sdk/sdk/2.1.1/src/rp2_common/hardware_i2c/i2c.c.obj
 .text.i2c_read_blocking_internal
                0x10009458      0x102 CMakeFiles/PEARL.dir/C_/Users/sean/.pico-sdk/sdk/2.1.1/src/rp2_common/hardware_i2c/i2c.c.obj
 *fill*         0x1000955a        0x2 
 .text.i2c_set_baudrate
                0x1000955c       0xf0 CMakeFiles/PEARL.dir/C_/Users/sean/.pico-sdk/sdk/2.1.1/src/rp2_common/hardware_i2c/i2c.c.obj
                0x1000955c                i2c_set_baudrate
 .text.i2c_init
                0x1000964c       0x54 CMakeFiles/PEARL.dir/C_/Users/sean/.pico-sdk/sdk/2.1.1/src/rp2_common/hardware_i2c/i2c.c.obj
                0x1000964c                i2c_init
 .text.i2c_write_blocking
                0x100096a0       0x18 CMakeFiles/PEARL.dir/C_/Users/sean/.pico-sdk/sdk/2.1.1/src/rp2_common/hardware_i2c/i2c.c.obj
                0x100096a0                i2c_write_blocking
 .text.i2c_read_blocking
                0x100096b8       0x18 CMakeFiles/PEARL.dir/C_/Users/sean/.pico-sdk/sdk/2.1.1/src/rp2_common/hardware_i2c/i2c.c.obj
                0x100096b8                i2c_read_blocking
 .text.pio_get_default_sm_config
                0x100096d0       0x28 CMakeFiles/PEARL.dir/C_/Users/sean/.pico-sdk/sdk/2.1.1/src/rp2_common/hardware_pio/pio.c.obj
 .text.is_program_gpio_compatible
                0x100096f8        0x4 CMakeFiles/PEARL.dir/C_/Users/sean/.pico-sdk/sdk/2.1.1/src/rp2_common/hardware_pio/pio.c.obj
 .text.add_program_at_offset_check
                0x100096fc       0x64 CMakeFiles/PEARL.dir/C_/Users/sean/.pico-sdk/sdk/2.1.1/src/rp2_common/hardware_pio/pio.c.obj
 .text.add_program_at_offset
                0x10009760       0x60 CMakeFiles/PEARL.dir/C_/Users/sean/.pico-sdk/sdk/2.1.1/src/rp2_common/hardware_pio/pio.c.obj
 .text.find_offset_for_program
                0x100097c0       0x7c CMakeFiles/PEARL.dir/C_/Users/sean/.pico-sdk/sdk/2.1.1/src/rp2_common/hardware_pio/pio.c.obj
 .text.pio_add_program
                0x1000983c       0x30 CMakeFiles/PEARL.dir/C_/Users/sean/.pico-sdk/sdk/2.1.1/src/rp2_common/hardware_pio/pio.c.obj
                0x1000983c                pio_add_program
 .text.pio_sm_set_consecutive_pindirs
                0x1000986c       0xb4 CMakeFiles/PEARL.dir/C_/Users/sean/.pico-sdk/sdk/2.1.1/src/rp2_common/hardware_pio/pio.c.obj
                0x1000986c                pio_sm_set_consecutive_pindirs
 .text.pio_sm_init
                0x10009920       0xb4 CMakeFiles/PEARL.dir/C_/Users/sean/.pico-sdk/sdk/2.1.1/src/rp2_common/hardware_pio/pio.c.obj
                0x10009920                pio_sm_init
 .text._ZNK10__cxxabiv117__class_type_info11__do_upcastEPKS0_PPv
                0x100099d4       0x34 C:/Users/sean/.pico-sdk/toolchain/14_2_Rel1/bin/../lib/gcc/arm-none-eabi/14.2.1/thumb/v6-m/nofp\libstdc++.a(class_type_info.o)
                0x100099d4                __cxxabiv1::__class_type_info::__do_upcast(__cxxabiv1::__class_type_info const*, void**) const
 .text._ZNK10__cxxabiv117__class_type_info20__do_find_public_srcEiPKvPKS0_S2_
                0x10009a08       0x14 C:/Users/sean/.pico-sdk/toolchain/14_2_Rel1/bin/../lib/gcc/arm-none-eabi/14.2.1/thumb/v6-m/nofp\libstdc++.a(class_type_info.o)
                0x10009a08                __cxxabiv1::__class_type_info::__do_find_public_src(int, void const*, __cxxabiv1::__class_type_info const*, void const*) const
 .text._ZN10__cxxabiv117__class_type_infoD2Ev
                0x10009a1c       0x14 C:/Users/sean/.pico-sdk/toolchain/14_2_Rel1/bin/../lib/gcc/arm-none-eabi/14.2.1/thumb/v6-m/nofp\libstdc++.a(class_type_info.o)
                0x10009a1c                __cxxabiv1::__class_type_info::~__class_type_info()
                0x10009a1c                __cxxabiv1::__class_type_info::~__class_type_info()
 .text._ZN10__cxxabiv117__class_type_infoD0Ev
                0x10009a30       0x1c C:/Users/sean/.pico-sdk/toolchain/14_2_Rel1/bin/../lib/gcc/arm-none-eabi/14.2.1/thumb/v6-m/nofp\libstdc++.a(class_type_info.o)
                0x10009a30                __cxxabiv1::__class_type_info::~__class_type_info()
 .text._ZNK10__cxxabiv117__class_type_info12__do_dyncastEiNS0_10__sub_kindEPKS0_PKvS3_S5_RNS0_16__dyncast_resultE
                0x10009a4c       0x40 C:/Users/sean/.pico-sdk/toolchain/14_2_Rel1/bin/../lib/gcc/arm-none-eabi/14.2.1/thumb/v6-m/nofp\libstdc++.a(class_type_info.o)