Archive member included to satisfy reference by file (symbol)

C:/Users/woody/.pico-sdk/toolchain/14_2_Rel1/bin/../lib/gcc/arm-none-eabi/14.2.1/thumb/v6-m/nofp\libstdc++.a(class_type_info.o)
                              CMakeFiles/PEARL.dir/src/quadrature_encoder.cpp.obj (vtable for __cxxabiv1::__class_type_info)
C:/Users/woody/.pico-sdk/toolchain/14_2_Rel1/bin/../lib/gcc/arm-none-eabi/14.2.1/thumb/v6-m/nofp\libstdc++.a(del_ops.o)
                              C:/Users/woody/.pico-sdk/toolchain/14_2_Rel1/bin/../lib/gcc/arm-none-eabi/14.2.1/thumb/v6-m/nofp\libstdc++.a(class_type_info.o) (operator delete(void*, unsigned int))
C:/Users/woody/.pico-sdk/toolchain/14_2_Rel1/bin/../lib/gcc/arm-none-eabi/14.2.1/thumb/v6-m/nofp\libstdc++.a(eh_arm.o)
                              CMakeFiles/PEARL.dir/src/Bg_Reader.cpp.obj (__cxa_end_cleanup)
C:/Users/woody/.pico-sdk/toolchain/14_2_Rel1/bin/../lib/gcc/arm-none-eabi/14.2.1/thumb/v6-m/nofp\libstdc++.a(eh_exception.o)
                              C:/Users/woody/.pico-sdk/toolchain/14_2_Rel1/bin/../lib/gcc/arm-none-eabi/14.2.1/thumb/v6-m/nofp\libstdc++.a(eh_arm.o) (typeinfo for __cxxabiv1::__forced_unwind)
C:/Users/woody/.pico-sdk/toolchain/14_2_Rel1/bin/../lib/gcc/arm-none-eabi/14.2.1/thumb/v6-m/nofp\libstdc++.a(eh_globals.o)
                              C:/Users/woody/.pico-sdk/toolchain/14_2_Rel1/bin/../lib/gcc/arm-none-eabi/14.2.1/thumb/v6-m/nofp\libstdc++.a(eh_arm.o) (__cxa_get_globals)
C:/Users/woody/.pico-sdk/toolchain/14_2_Rel1/bin/../lib/gcc/arm-none-eabi/14.2.1/thumb/v6-m/nofp\libstdc++.a(eh_personality.o)
                              CMakeFiles/PEARL.dir/src/Bg_Reader.cpp.obj (__gxx_personality_v0)
C:/Users/woody/.pico-sdk/toolchain/14_2_Rel1/bin/../lib/gcc/arm-none-eabi/14.2.1/thumb/v6-m/nofp\libstdc++.a(eh_terminate.o)
                              C:/Users/woody/.pico-sdk/toolchain/14_2_Rel1/bin/../lib/gcc/arm-none-eabi/14.2.1/thumb/v6-m/nofp\libstdc++.a(eh_arm.o) (std::terminate())
C:/Users/woody/.pico-sdk/toolchain/14_2_Rel1/bin/../lib/gcc/arm-none-eabi/14.2.1/thumb/v6-m/nofp\libstdc++.a(eh_unex_handler.o)
                              C:/Users/woody/.pico-sdk/toolchain/14_2_Rel1/bin/../lib/gcc/arm-none-eabi/14.2.1/thumb/v6-m/nofp\libstdc++.a(eh_terminate.o) (__cxxabiv1::__unexpected_handler)
C:/Users/woody/.pico-sdk/toolchain/14_2_Rel1/bin/../lib/gcc/arm-none-eabi/14.2.1/thumb/v6-m/nofp\libstdc++.a(guard.o)
                              CMakeFiles/PEARL.dir/src/Bg_Reader.cpp.obj (__cxa_guard_acquire)
C:/Users/woody/.pico-sdk/toolchain/14_2_Rel1/bin/../lib/gcc/arm-none-eabi/14.2.1/thumb/v6-m/nofp\libstdc++.a(guard_error.o)
                              C:/Users/woody/.pico-sdk/toolchain/14_2_Rel1/bin/../lib/gcc/arm-none-eabi/14.2.1/thumb/v6-m/nofp\libstdc++.a(guard.o) (__gnu_cxx::recursive_init_error::~recursive_init_error())
C:/Users/woody/.pico-sdk/toolchain/14_2_Rel1/bin/../lib/gcc/arm-none-eabi/14.2.1/thumb/v6-m/nofp\libstdc++.a(si_class_type_info.o)
                              CMakeFiles/PEARL.dir/src/indexed_encoder.cpp.obj (vtable for __cxxabiv1::__si_class_type_info)
C:/Users/woody/.pico-sdk/toolchain/14_2_Rel1/bin/../lib/gcc/arm-none-eabi/14.2.1/thumb/v6-m/nofp\libstdc++.a(tinfo.o)
                              C:/Users/woody/.pico-sdk/toolchain/14_2_Rel1/bin/../lib/gcc/arm-none-eabi/14.2.1/thumb/v6-m/nofp\libstdc++.a(class_type_info.o) (std::type_info::~type_info())
C:/Users/woody/.pico-sdk/toolchain/14_2_Rel1/bin/../lib/gcc/arm-none-eabi/14.2.1/thumb/v6-m/nofp\libstdc++.a(vterminate.o)
                              C:/Users/woody/.pico-sdk/toolchain/14_2_Rel1/bin/../lib/gcc/arm-none-eabi/14.2.1/thumb/v6-m/nofp\libstdc++.a(eh_terminate.o) (__gnu_cxx::__verbose_terminate_handler())
C:/Users/woody/.pico-sdk/toolchain/14_2_Rel1/bin/../lib/gcc/arm-none-eabi/14.2.1/thumb/v6-m/nofp\libstdc++.a(cp-demangle.o)
                              C:/Users/woody/.pico-sdk/toolchain/14_2_Rel1/bin/../lib/gcc/arm-none-eabi/14.2.1/thumb/v6-m/nofp\libstdc++.a(vterminate.o) (__cxa_demangle)
C:/Users/woody/.pico-sdk/toolchain/14_2_Rel1/bin/../lib/gcc/arm-none-eabi/14.2.1/thumb/v6-m/nofp\libstdc++.a(del_op.o)
                              C:/Users/woody/.pico-sdk/toolchain/14_2_Rel1/bin/../lib/gcc/arm-none-eabi/14.2.1/thumb/v6-m/nofp\libstdc++.a(del_ops.o) (operator delete(void*))
C:/Users/woody/.pico-sdk/toolchain/14_2_Rel1/bin/../lib/gcc/arm-none-eabi/14.2.1/thumb/v6-m/nofp\libstdc++.a(eh_alloc.o)
                              C:/Users/woody/.pico-sdk/toolchain/14_2_Rel1/bin/../lib/gcc/arm-none-eabi/14.2.1/thumb/v6-m/nofp\libstdc++.a(guard.o) (__cxa_allocate_exception)
C:/Users/woody/.pico-sdk/toolchain/14_2_Rel1/bin/../lib/gcc/arm-none-eabi/14.2.1/thumb/v6-m/nofp\libstdc++.a(eh_call.o)
                              C:/Users/woody/.pico-sdk/toolchain/14_2_Rel1/bin/../lib/gcc/arm-none-eabi/14.2.1/thumb/v6-m/nofp\libstdc++.a(eh_personality.o) (__cxa_call_terminate)
[...]
Memory Configuration

Name             Origin             Length             Attributes
FLASH            0x10000000         0x00200000         xr
RAM              0x20000000         0x00040000         xrw
SCRATCH_X        0x20040000         0x00001000         xrw
SCRATCH_Y        0x20041000         0x00001000         xrw
*default*        0x00000000         0xffffffff

Linker script and memory map

LOAD C:/Users/woody/.pico-sdk/toolchain/14_2_Rel1/bin/../lib/gcc/arm-none-eabi/14.2.1/thumb/v6-m/nofp/crti.o
LOAD C:/Users/woody/.pico-sdk/toolchain/14_2_Rel1/bin/../lib/gcc/arm-none-eabi/14.2.1/thumb/v6-m/nofp/crtbegin.o
LOAD C:/Users/woody/.pico-sdk/toolchain/14_2_Rel1/bin/../lib/gcc/arm-none-eabi/14.2.1/thumb/v6-m/nofp/crt0.o

.flash_begin    0x10000000        0x0
                0x10000000                        __flash_binary_start = .

.boot2          0x10000000      0x100
                0x10000000                        __boot2_start__ = .
 *(.boot2)
 .boot2         0x10000000      0x100 pico-sdk/src/rp2040/boot_stage2/CMakeFiles/bs2_default_library.dir/./bs2_default_padded_checksummed.S.obj
                0x10000100                        __boot2_end__ = .
                0x00000001                        ASSERT (((__boot2_end__ - __boot2_start__) == 0x100), ERROR: Pico second stage bootloader must be 256 bytes in size)

.text           0x10000100    0x170fc
                0x10000100                        __logical_binary_start = .
 *(.vectors)
 .vectors       0x10000100       0xd4 CMakeFiles/PEARL.dir/C_/Users/woody/.pico-sdk/sdk/2.1.1/src/rp2_common/pico_crt0/crt0.S.obj
                0x10000100                __VECTOR_TABLE
                0x10000100                __vectors
                0x100001c0                isr_invalid
                0x100001c0                __default_isrs_start
                0x100001c2                isr_nmi
                0x100001c4                isr_hardfault
                0x100001c6                isr_svcall
                0x100001c8                isr_pendsv
                0x100001ca                isr_systick
                0x100001cc                isr_irq23
                0x100001cc                isr_irq18
                0x100001cc                isr_irq11
                0x100001cc                isr_irq28
                0x100001cc                isr_irq19
                0x100001cc                isr_irq0
                0x100001cc                isr_irq6
                0x100001cc                isr_irq5
                0x100001cc                isr_irq12
                0x100001cc                isr_irq22
                0x100001cc                isr_irq31
                0x100001cc                isr_irq17
                0x100001cc                isr_irq27
                0x100001cc                isr_irq30
                0x100001cc                isr_irq2
                0x100001cc                isr_irq10
                0x100001cc                isr_irq8
                0x100001cc                isr_irq24
                0x100001cc                isr_irq1
                0x100001cc                isr_irq7
                0x100001cc                isr_irq21
                0x100001cc                isr_irq20
                0x100001cc                isr_irq15
                0x100001cc                isr_irq25
                0x100001cc                isr_irq13
                0x100001cc                __unhandled_user_irq
                0x100001cc                isr_irq4
                0x100001cc                isr_irq16
                0x100001cc                isr_irq29
                0x100001cc                isr_irq26
                0x100001cc                __default_isrs_end
                0x100001cc                isr_irq3
                0x100001cc                isr_irq14
                0x100001cc                isr_irq9
                0x100001d2                unhandled_user_irq_num_in_r0
 *(.binary_info_header)
 .binary_info_header
                0x100001d4       0x14 CMakeFiles/PEARL.dir/C_/Users/woody/.pico-sdk/sdk/2.1.1/src/rp2_common/pico_crt0/crt0.S.obj
                0x100001e8                        __binary_info_header_end = .
 *(.embedded_block)
                0x100001e8                        __embedded_block_end = .
 *(.reset)
 .reset         0x100001e8       0x9c CMakeFiles/PEARL.dir/C_/Users/woody/.pico-sdk/sdk/2.1.1/src/rp2_common/pico_crt0/crt0.S.obj
                0x100001e8                _entry_point
 *(.init)
 .init          0x10000284        0x4 C:/Users/woody/.pico-sdk/toolchain/14_2_Rel1/bin/../lib/gcc/arm-none-eabi/14.2.1/thumb/v6-m/nofp/crti.o
                0x10000284                _init
 *(EXCLUDE_FILE(*libm.a: *libc.a:*lib_a-mem*.o *libgcc.a:) .text*)
 .text.register_tm_clones
                0x10000288       0x28 C:/Users/woody/.pico-sdk/toolchain/14_2_Rel1/bin/../lib/gcc/arm-none-eabi/14.2.1/thumb/v6-m/nofp/crtbegin.o
 .text.frame_dummy
                0x100002b0       0x24 C:/Users/woody/.pico-sdk/toolchain/14_2_Rel1/bin/../lib/gcc/arm-none-eabi/14.2.1/thumb/v6-m/nofp/crtbegin.o
 .text._ZN10I2CScanner4scanEv
                0x100002d4       0xa4 CMakeFiles/PEARL.dir/src/Bg_Reader.cpp.obj
                0x100002d4                I2CScanner::scan()
 .text._ZN10I2CScanner12test_addressEh
                0x10000378       0x1c CMakeFiles/PEARL.dir/src/Bg_Reader.cpp.obj
                0x10000378                I2CScanner::test_address(unsigned char)
 .text.main     0x10000394      0x80c CMakeFiles/PEARL.dir/src/Bg_Reader.cpp.obj
                0x10000394                main
 .text._ZZ4mainENKUlvE_clEv
                0x10000ba0       0x50 CMakeFiles/PEARL.dir/src/Bg_Reader.cpp.obj
 .text._ZZ4mainENUlvE_4_FUNEv
                0x10000bf0        0x8 CMakeFiles/PEARL.dir/src/Bg_Reader.cpp.obj
 .text._ZN7LCD_I2CC2EP8i2c_insth
                0x10000bf8        0xa CMakeFiles/PEARL.dir/src/lcd_i2c.cpp.obj
                0x10000bf8                LCD_I2C::LCD_I2C(i2c_inst*, unsigned char)
                0x10000bf8                LCD_I2C::LCD_I2C(i2c_inst*, unsigned char)
 .text._ZN7LCD_I2C12pulse_enableEh
                0x10000c02       0x4a CMakeFiles/PEARL.dir/src/lcd_i2c.cpp.obj
                0x10000c02                LCD_I2C::pulse_enable(unsigned char)
 .text._ZN7LCD_I2C12write_nibbleEh
                0x10000c4c       0x2c CMakeFiles/PEARL.dir/src/lcd_i2c.cpp.obj
                0x10000c4c                LCD_I2C::write_nibble(unsigned char)
 .text._ZN7LCD_I2C10write_byteEhh
                0x10000c78       0x58 CMakeFiles/PEARL.dir/src/lcd_i2c.cpp.obj
                0x10000c78                LCD_I2C::write_byte(unsigned char, unsigned char)
 .text._ZN7LCD_I2C5clearEv
                0x10000cd0       0x12 CMakeFiles/PEARL.dir/src/lcd_i2c.cpp.obj
                0x10000cd0                LCD_I2C::clear()
 .text._ZN7LCD_I2C4initEv
                0x10000ce2       0x6c CMakeFiles/PEARL.dir/src/lcd_i2c.cpp.obj
                0x10000ce2                LCD_I2C::init()
 *fill*         0x10000d4e        0x2 
 .text._ZN7LCD_I2C10set_cursorEhh
                0x10000d50       0x34 CMakeFiles/PEARL.dir/src/lcd_i2c.cpp.obj
                0x10000d50                LCD_I2C::set_cursor(unsigned char, unsigned char)
 .text._ZN7LCD_I2C5printEPKc
                0x10000d84       0x1a CMakeFiles/PEARL.dir/src/lcd_i2c.cpp.obj
                0x10000d84                LCD_I2C::print(char const*)
 .text._ZN7LCD_I2C12backlight_onEv
                0x10000d9e        0x6 CMakeFiles/PEARL.dir/src/lcd_i2c.cpp.obj
                0x10000d9e                LCD_I2C::backlight_on()
 .text._ZN7LCD_I2C11create_charEhPKh
                0x10000da4       0x30 CMakeFiles/PEARL.dir/src/lcd_i2c.cpp.obj
                0x10000da4                LCD_I2C::create_char(unsigned char, unsigned char const*)
 .text._ZN7LCD_I2C5writeEh
                0x10000dd4        0xa CMakeFiles/PEARL.dir/src/lcd_i2c.cpp.obj
                0x10000dd4                LCD_I2C::write(unsigned char)
 *fill*         0x10000dde        0x2 
 .text._ZL20quadrature_get_countP8pio_hw_tjPl
                0x10000de0       0xb4 CMakeFiles/PEARL.dir/src/quadrature_encoder.cpp.obj
 .text._ZL23quadrature_program_initP8pio_hw_tjjjj
                0x10000e94       0xcc CMakeFiles/PEARL.dir/src/quadrature_encoder.cpp.obj
 .text._ZN17QuadratureEncoder4initEv
                0x10000f60       0x88 CMakeFiles/PEARL.dir/src/quadrature_encoder.cpp.obj
                0x10000f60                QuadratureEncoder::init()
 .text._ZN17QuadratureEncoderC2EP8pio_hw_tjjjfmb
                0x10000fe8       0x90 CMakeFiles/PEARL.dir/src/quadrature_encoder.cpp.obj
                0x10000fe8                QuadratureEncoder::QuadratureEncoder(pio_hw_t*, unsigned int, unsigned int, unsigned int, float, unsigned long, bool)
                0x10000fe8                QuadratureEncoder::QuadratureEncoder(pio_hw_t*, unsigned int, unsigned int, unsigned int, float, unsigned long, bool)
 .text._ZN17QuadratureEncoder19add_velocity_sampleElm
                0x10001078       0x24 CMakeFiles/PEARL.dir/src/quadrature_encoder.cpp.obj
                0x10001078                QuadratureEncoder::add_velocity_sample(long, unsigned long)
 .text._ZN17QuadratureEncoder15update_velocityEv
                0x1000109c       0x70 CMakeFiles/PEARL.dir/src/quadrature_encoder.cpp.obj
                0x1000109c                QuadratureEncoder::update_velocity()
 .text._ZN17QuadratureEncoder17decode_transitionEh
                0x1000110c       0x14 CMakeFiles/PEARL.dir/src/quadrature_encoder.cpp.obj
                0x1000110c                QuadratureEncoder::decode_transition(unsigned char)
 .text._ZN17QuadratureEncoder6updateEv
                0x10001120      0x12e CMakeFiles/PEARL.dir/src/quadrature_encoder.cpp.obj
                0x10001120                QuadratureEncoder::update()
 .text._ZNK17QuadratureEncoder12get_distanceEv
                0x1000124e       0x22 CMakeFiles/PEARL.dir/src/quadrature_encoder.cpp.obj
                0x1000124e                QuadratureEncoder::get_distance() const
 .text._ZNK17QuadratureEncoder7get_rpmEv
                0x10001270       0x2c CMakeFiles/PEARL.dir/src/quadrature_encoder.cpp.obj
                0x10001270                QuadratureEncoder::get_rpm() const
 .text._ZNK17QuadratureEncoder20get_speed_percentageEf
                0x1000129c       0x30 CMakeFiles/PEARL.dir/src/quadrature_encoder.cpp.obj
                0x1000129c                QuadratureEncoder::get_speed_percentage(float) const
 .text._ZNK17QuadratureEncoder23get_max_theoretical_rpmEv
                0x100012cc       0x3c CMakeFiles/PEARL.dir/src/quadrature_encoder.cpp.obj
                0x100012cc                QuadratureEncoder::get_max_theoretical_rpm() const
 .text._ZN17QuadratureEncoder26reset_performance_countersEv
                0x10001308       0x30 CMakeFiles/PEARL.dir/src/quadrature_encoder.cpp.obj
                0x10001308                QuadratureEncoder::reset_performance_counters()
 .text._ZN7BigFontC2EP7LCD_I2C
                0x10001338        0x4 CMakeFiles/PEARL.dir/src/big_font.cpp.obj
                0x10001338                BigFont::BigFont(LCD_I2C*)
                0x10001338                BigFont::BigFont(LCD_I2C*)
 .text._ZN7BigFont24create_custom_charactersEv
                0x1000133c       0x24 CMakeFiles/PEARL.dir/src/big_font.cpp.obj
                0x1000133c                BigFont::create_custom_characters()
 .text._ZN7BigFont4initEv
                0x10001360        0x8 CMakeFiles/PEARL.dir/src/big_font.cpp.obj
                0x10001360                BigFont::init()
 .text._ZN7BigFont15print_big_minusEhh
                0x10001368       0x18 CMakeFiles/PEARL.dir/src/big_font.cpp.obj
                0x10001368                BigFont::print_big_minus(unsigned char, unsigned char)
 .text._ZN7BigFont17print_big_decimalEhh
                0x10001380       0x30 CMakeFiles/PEARL.dir/src/big_font.cpp.obj
                0x10001380                BigFont::print_big_decimal(unsigned char, unsigned char)
 .text._ZN7BigFont18clear_display_areaEv
                0x100013b0       0x28 CMakeFiles/PEARL.dir/src/big_font.cpp.obj
                0x100013b0                BigFont::clear_display_area()
 .text._ZN7BigFont20clear_big_digit_areaEhh
                0x100013d8       0x2c CMakeFiles/PEARL.dir/src/big_font.cpp.obj
                0x100013d8                BigFont::clear_big_digit_area(unsigned char, unsigned char)
 .text._ZN7BigFont15print_big_digitEhhh
                0x10001404      0x190 CMakeFiles/PEARL.dir/src/big_font.cpp.obj
                0x10001404                BigFont::print_big_digit(unsigned char, unsigned char, unsigned char)
 .text._ZN7BigFont18display_big_numberEfhh
                0x10001594       0x90 CMakeFiles/PEARL.dir/src/big_font.cpp.obj
                0x10001594                BigFont::display_big_number(float, unsigned char, unsigned char)
 .text._ZN13StatusDisplayC2EP7LCD_I2C
                0x10001624       0x1c CMakeFiles/PEARL.dir/src/status_display.cpp.obj
                0x10001624                StatusDisplay::StatusDisplay(LCD_I2C*)
                0x10001624                StatusDisplay::StatusDisplay(LCD_I2C*)
 .text._ZN13StatusDisplay20draw_static_elementsEv
                0x10001640       0x1c CMakeFiles/PEARL.dir/src/status_display.cpp.obj
                0x10001640                StatusDisplay::draw_static_elements()
 .text._ZN13StatusDisplay4initEv
                0x1000165c        0x8 CMakeFiles/PEARL.dir/src/status_display.cpp.obj
                0x1000165c                StatusDisplay::init()
 .text._ZN12HW040Encoder16gpio_irq_handlerEjm
                0x10001664      0x180 CMakeFiles/PEARL.dir/src/hw040_encoder.cpp.obj
                0x10001664                HW040Encoder::gpio_irq_handler(unsigned int, unsigned long)
 .text._ZN12HW040EncoderC2Ejjj
                0x100017e4       0x20 CMakeFiles/PEARL.dir/src/hw040_encoder.cpp.obj
                0x100017e4                HW040Encoder::HW040Encoder(unsigned int, unsigned int, unsigned int)
                0x100017e4                HW040Encoder::HW040Encoder(unsigned int, unsigned int, unsigned int)
 .text._ZN12HW040EncoderD2Ev
                0x10001804       0x18 CMakeFiles/PEARL.dir/src/hw040_encoder.cpp.obj
                0x10001804                HW040Encoder::~HW040Encoder()
                0x10001804                HW040Encoder::~HW040Encoder()
 .text._ZN12HW040Encoder4initEv
                0x1000181c       0x8c CMakeFiles/PEARL.dir/src/hw040_encoder.cpp.obj
                0x1000181c                HW040Encoder::init()
 .text._ZN12HW040Encoder9get_deltaEv
                0x100018a8       0x10 CMakeFiles/PEARL.dir/src/hw040_encoder.cpp.obj
                0x100018a8                HW040Encoder::get_delta()
 .text._ZN12HW040Encoder18check_triple_clickEv
                0x100018b8       0x40 CMakeFiles/PEARL.dir/src/hw040_encoder.cpp.obj
                0x100018b8                HW040Encoder::check_triple_click()
 .text._ZN12HW040Encoder6updateEv
                0x100018f8       0x3c CMakeFiles/PEARL.dir/src/hw040_encoder.cpp.obj
                0x100018f8                HW040Encoder::update()
 .text._ZNK12HW040Encoder10get_statusEv
                0x10001934       0x3c CMakeFiles/PEARL.dir/src/hw040_encoder.cpp.obj
                0x10001934                HW040Encoder::get_status() const
 .text._Z22reset_temp_encoder_resv
                0x10001970        0xc CMakeFiles/PEARL.dir/src/engineering_menu.cpp.obj
                0x10001970                reset_temp_encoder_res()
 .text.get_encoder_menu_selected
                0x1000197c       0x14 CMakeFiles/PEARL.dir/src/engineering_menu.cpp.obj
                0x1000197c                get_encoder_menu_selected
 .text.get_encoder_menu_editing
                0x10001990       0x1c CMakeFiles/PEARL.dir/src/engineering_menu.cpp.obj
                0x10001990                get_encoder_menu_editing
 .text.get_encoder_menu_edit_value
                0x100019ac       0x14 CMakeFiles/PEARL.dir/src/engineering_menu.cpp.obj
                0x100019ac                get_encoder_menu_edit_value
 .text._ZN15EngineeringMenu25draw_calibration_set_pos1Ef
                0x100019c0       0x84 CMakeFiles/PEARL.dir/src/engineering_menu.cpp.obj
                0x100019c0                EngineeringMenu::draw_calibration_set_pos1(float)
 .text._ZN15EngineeringMenu28draw_calibration_move_promptEv
                0x10001a44       0x50 CMakeFiles/PEARL.dir/src/engineering_menu.cpp.obj
                0x10001a44                EngineeringMenu::draw_calibration_move_prompt()
 .text._ZN15EngineeringMenu25draw_calibration_set_pos2Ef
                0x10001a94       0x84 CMakeFiles/PEARL.dir/src/engineering_menu.cpp.obj
                0x10001a94                EngineeringMenu::draw_calibration_set_pos2(float)
 .text._ZN15EngineeringMenu26draw_calibration_calculateEv
                0x10001b18       0x84 CMakeFiles/PEARL.dir/src/engineering_menu.cpp.obj
                0x10001b18                EngineeringMenu::draw_calibration_calculate()
 .text._ZN15EngineeringMenu23draw_calibration_reviewEv
                0x10001b9c       0x6c CMakeFiles/PEARL.dir/src/engineering_menu.cpp.obj
                0x10001b9c                EngineeringMenu::draw_calibration_review()
 .text._ZN15EngineeringMenu25draw_calibration_completeEb
                0x10001c08       0x4c CMakeFiles/PEARL.dir/src/engineering_menu.cpp.obj
                0x10001c08                EngineeringMenu::draw_calibration_complete(bool)
 .text._ZN15EngineeringMenu18show_about_submenuEv
                0x10001c54       0x94 CMakeFiles/PEARL.dir/src/engineering_menu.cpp.obj
                0x10001c54                EngineeringMenu::show_about_submenu()
 .text._ZN15EngineeringMenu19load_default_configEv
                0x10001ce8       0x68 CMakeFiles/PEARL.dir/src/engineering_menu.cpp.obj
                0x10001ce8                EngineeringMenu::load_default_config()
 .text._ZN15EngineeringMenu22draw_calibration_introEv
                0x10001d50       0x64 CMakeFiles/PEARL.dir/src/engineering_menu.cpp.obj
                0x10001d50                EngineeringMenu::draw_calibration_intro()
 .text._ZN15EngineeringMenu23draw_engineer_main_menuE13MainMenuItems
                0x10001db4      0x124 CMakeFiles/PEARL.dir/src/engineering_menu.cpp.obj
                0x10001db4                EngineeringMenu::draw_engineer_main_menu(MainMenuItems)
 .text._ZN15EngineeringMenu20draw_set_params_menuEi
                0x10001ed8       0xa0 CMakeFiles/PEARL.dir/src/engineering_menu.cpp.obj
                0x10001ed8                EngineeringMenu::draw_set_params_menu(int)
 .text._ZN15EngineeringMenu9exit_menuEv
                0x10001f78       0x30 CMakeFiles/PEARL.dir/src/engineering_menu.cpp.obj
                0x10001f78                EngineeringMenu::exit_menu()
 .text._ZN15EngineeringMenu23get_user_menu_item_textE13UserMenuItems
                0x10001fa8       0x2c CMakeFiles/PEARL.dir/src/engineering_menu.cpp.obj
                0x10001fa8                EngineeringMenu::get_user_menu_item_text(UserMenuItems)
 .text._ZN15EngineeringMenu12draw_submenuEv
                0x10001fd4       0x38 CMakeFiles/PEARL.dir/src/engineering_menu.cpp.obj
                0x10001fd4                EngineeringMenu::draw_submenu()
 .text._ZN15EngineeringMenu22load_config_from_flashEv
                0x1000200c        0x4 CMakeFiles/PEARL.dir/src/engineering_menu.cpp.obj
                0x1000200c                EngineeringMenu::load_config_from_flash()
 .text._ZN15EngineeringMenu4initEv
                0x10002010       0x18 CMakeFiles/PEARL.dir/src/engineering_menu.cpp.obj
                0x10002010                EngineeringMenu::init()
 .text._ZN15EngineeringMenu26calculate_dynamic_velocityEv
                0x10002028       0xc0 CMakeFiles/PEARL.dir/src/engineering_menu.cpp.obj
                0x10002028                EngineeringMenu::calculate_dynamic_velocity()
 .text._ZN15EngineeringMenu18update_calibrationEv
                0x100020e8       0x5c CMakeFiles/PEARL.dir/src/engineering_menu.cpp.obj
                0x100020e8                EngineeringMenu::update_calibration()
 .text._ZN15EngineeringMenu24show_calibration_resultsEv
                0x10002144      0x14c CMakeFiles/PEARL.dir/src/engineering_menu.cpp.obj
                0x10002144                EngineeringMenu::show_calibration_results()
 .text._ZN15EngineeringMenu23draw_calibration_screenEv
                0x10002290      0x4d4 CMakeFiles/PEARL.dir/src/engineering_menu.cpp.obj
                0x10002290                EngineeringMenu::draw_calibration_screen()
 .text._ZN15EngineeringMenu17start_calibrationEv
                0x10002764       0x60 CMakeFiles/PEARL.dir/src/engineering_menu.cpp.obj
                0x10002764                EngineeringMenu::start_calibration()
 .text._ZN15EngineeringMenu17reset_calibrationEv
                0x100027c4       0x2e CMakeFiles/PEARL.dir/src/engineering_menu.cpp.obj
                0x100027c4                EngineeringMenu::reset_calibration()
 .text._ZN15EngineeringMenu13factory_resetEv
                0x100027f2       0x10 CMakeFiles/PEARL.dir/src/engineering_menu.cpp.obj
                0x100027f2                EngineeringMenu::factory_reset()
 *fill*         0x10002802        0x2 
 .text._ZN15EngineeringMenu20draw_password_screenEv
                0x10002804       0xb4 CMakeFiles/PEARL.dir/src/engineering_menu.cpp.obj
                0x10002804                EngineeringMenu::draw_password_screen()
 .text._ZN15EngineeringMenu15verify_passwordEv
                0x100028b8       0x2c CMakeFiles/PEARL.dir/src/engineering_menu.cpp.obj
                0x100028b8                EngineeringMenu::verify_password()
 .text._ZN15EngineeringMenu20reset_password_entryEv
                0x100028e4       0x1a CMakeFiles/PEARL.dir/src/engineering_menu.cpp.obj
                0x100028e4                EngineeringMenu::reset_password_entry()
 *fill*         0x100028fe        0x2 
 .text._ZN15EngineeringMenuC2EP7LCD_I2CP12HW040EncoderP17QuadratureEncoderP13StatusDisplay
                0x10002900       0x64 CMakeFiles/PEARL.dir/src/engineering_menu.cpp.obj
                0x10002900                EngineeringMenu::EngineeringMenu(LCD_I2C*, HW040Encoder*, QuadratureEncoder*, StatusDisplay*)
                0x10002900                EngineeringMenu::EngineeringMenu(LCD_I2C*, HW040Encoder*, QuadratureEncoder*, StatusDisplay*)
 .text._ZN15EngineeringMenu20start_password_entryEv
                0x10002964       0x6c CMakeFiles/PEARL.dir/src/engineering_menu.cpp.obj
                0x10002964                EngineeringMenu::start_password_entry()
 .text._ZN15EngineeringMenu23handle_password_timeoutEv
                0x100029d0       0x48 CMakeFiles/PEARL.dir/src/engineering_menu.cpp.obj
                0x100029d0                EngineeringMenu::handle_password_timeout()
 .text._ZN15EngineeringMenu27draw_password_change_screenEPtS0_hb
                0x10002a18      0x134 CMakeFiles/PEARL.dir/src/engineering_menu.cpp.obj
                0x10002a18                EngineeringMenu::draw_password_change_screen(unsigned short*, unsigned short*, unsigned char, bool)
 .text._ZN15EngineeringMenu14draw_user_menuEv
                0x10002b4c       0x9c CMakeFiles/PEARL.dir/src/engineering_menu.cpp.obj
                0x10002b4c                EngineeringMenu::draw_user_menu()
 .text._ZN15EngineeringMenu15start_user_menuEv
                0x10002be8       0x70 CMakeFiles/PEARL.dir/src/engineering_menu.cpp.obj
                0x10002be8                EngineeringMenu::start_user_menu()
 .text._ZN15EngineeringMenu25handle_engineer_main_menuE13MenuDirection
                0x10002c58       0xa8 CMakeFiles/PEARL.dir/src/engineering_menu.cpp.obj
                0x10002c58                EngineeringMenu::handle_engineer_main_menu(MenuDirection)
 .text._ZN15EngineeringMenu23handle_calibration_flowE13MenuDirection
                0x10002d00      0x244 CMakeFiles/PEARL.dir/src/engineering_menu.cpp.obj
                0x10002d00                EngineeringMenu::handle_calibration_flow(MenuDirection)
 .text._ZN15EngineeringMenu28handle_factory_reset_confirmE13MenuDirection
                0x10002f44       0xa4 CMakeFiles/PEARL.dir/src/engineering_menu.cpp.obj
                0x10002f44                EngineeringMenu::handle_factory_reset_confirm(MenuDirection)
 .text._ZN15EngineeringMenu12exit_to_mainEv
                0x10002fe8       0x18 CMakeFiles/PEARL.dir/src/engineering_menu.cpp.obj
                0x10002fe8                EngineeringMenu::exit_to_main()
 .text._ZN15EngineeringMenu21handle_encoder_configE13MenuDirection
                0x10003000      0x424 CMakeFiles/PEARL.dir/src/engineering_menu.cpp.obj
                0x10003000                EngineeringMenu::handle_encoder_config(MenuDirection)
 .text._ZN15EngineeringMenu18handle_system_infoE13MenuDirection
                0x10003424       0x90 CMakeFiles/PEARL.dir/src/engineering_menu.cpp.obj
                0x10003424                EngineeringMenu::handle_system_info(MenuDirection)
 .text._ZN15EngineeringMenu21handle_display_configE13MenuDirection
                0x100034b4       0xd8 CMakeFiles/PEARL.dir/src/engineering_menu.cpp.obj
                0x100034b4                EngineeringMenu::handle_display_config(MenuDirection)
 .text._ZN15EngineeringMenu22handle_set_params_menuE13MenuDirection
                0x1000358c       0xa0 CMakeFiles/PEARL.dir/src/engineering_menu.cpp.obj
                0x1000358c                EngineeringMenu::handle_set_params_menu(MenuDirection)
 .text._ZN15EngineeringMenu18handle_diagnosticsE13MenuDirection
                0x1000362c       0x74 CMakeFiles/PEARL.dir/src/engineering_menu.cpp.obj
                0x1000362c                EngineeringMenu::handle_diagnostics(MenuDirection)
 .text._ZN15EngineeringMenu18handle_performanceE13MenuDirection
                0x100036a0       0x8c CMakeFiles/PEARL.dir/src/engineering_menu.cpp.obj
                0x100036a0                EngineeringMenu::handle_performance(MenuDirection)
 .text._ZN15EngineeringMenu22handle_password_changeE13MenuDirection
                0x1000372c      0x26c CMakeFiles/PEARL.dir/src/engineering_menu.cpp.obj
                0x1000372c                EngineeringMenu::handle_password_change(MenuDirection)
 .text._ZN15EngineeringMenu18handle_calibrationE13MenuDirection
                0x10003998       0x24 CMakeFiles/PEARL.dir/src/engineering_menu.cpp.obj
                0x10003998                EngineeringMenu::handle_calibration(MenuDirection)
 .text._ZN15EngineeringMenu21handle_password_entryE13MenuDirection
                0x100039bc      0x1e8 CMakeFiles/PEARL.dir/src/engineering_menu.cpp.obj
                0x100039bc                EngineeringMenu::handle_password_entry(MenuDirection)
 .text._ZN15EngineeringMenu23draw_user_reset_confirmEv
                0x10003ba4       0x64 CMakeFiles/PEARL.dir/src/engineering_menu.cpp.obj
                0x10003ba4                EngineeringMenu::draw_user_reset_confirm()
 .text._ZN15EngineeringMenu16handle_user_menuE13MenuDirection
                0x10003c08       0x6a CMakeFiles/PEARL.dir/src/engineering_menu.cpp.obj
                0x10003c08                EngineeringMenu::handle_user_menu(MenuDirection)
 *fill*         0x10003c72        0x2 
 .text._ZN15EngineeringMenu17handle_menu_inputE13MenuDirection
                0x10003c74       0x64 CMakeFiles/PEARL.dir/src/engineering_menu.cpp.obj
                0x10003c74                EngineeringMenu::handle_menu_input(MenuDirection)
 .text._ZN15EngineeringMenu6updateEbb
                0x10003cd8      0x2b0 CMakeFiles/PEARL.dir/src/engineering_menu.cpp.obj
                0x10003cd8                EngineeringMenu::update(bool, bool)
 .text._ZN15EngineeringMenu24start_engineering_accessEv
                0x10003f88       0x44 CMakeFiles/PEARL.dir/src/engineering_menu.cpp.obj
                0x10003f88                EngineeringMenu::start_engineering_access()
 .text._ZN12SplashScreenC2EP7LCD_I2C
                0x10003fcc        0xa CMakeFiles/PEARL.dir/src/splash_screen.cpp.obj
                0x10003fcc                SplashScreen::SplashScreen(LCD_I2C*)
                0x10003fcc                SplashScreen::SplashScreen(LCD_I2C*)
 *fill*         0x10003fd6        0x2 
 .text._ZN12SplashScreen12show_startupEv
                0x10003fd8       0x6c CMakeFiles/PEARL.dir/src/splash_screen.cpp.obj
                0x10003fd8                SplashScreen::show_startup()
 .text._ZN12SplashScreen20show_hardware_statusEPKcb
                0x10004044       0x8c CMakeFiles/PEARL.dir/src/splash_screen.cpp.obj
                0x10004044                SplashScreen::show_hardware_status(char const*, bool)
 .text._ZN12SplashScreen24update_loading_animationEv
                0x100040d0       0x2c CMakeFiles/PEARL.dir/src/splash_screen.cpp.obj
                0x100040d0                SplashScreen::update_loading_animation()
 .text._ZN12SplashScreen11center_textEPKch
                0x100040fc       0x3a CMakeFiles/PEARL.dir/src/splash_screen.cpp.obj
                0x100040fc                SplashScreen::center_text(char const*, unsigned char)
 *fill*         0x10004136        0x2 
 .text._ZN12SplashScreen17show_version_infoEv
                0x10004138       0x70 CMakeFiles/PEARL.dir/src/splash_screen.cpp.obj
                0x10004138                SplashScreen::show_version_info()
 .text._ZN12SplashScreen10show_readyEv
                0x100041a8       0x88 CMakeFiles/PEARL.dir/src/splash_screen.cpp.obj
                0x100041a8                SplashScreen::show_ready()
 .text._ZN12SplashScreen17draw_progress_barEhh
                0x10004230       0x74 CMakeFiles/PEARL.dir/src/splash_screen.cpp.obj
                0x10004230                SplashScreen::draw_progress_bar(unsigned char, unsigned char)
 .text._ZN12SplashScreen13show_progressEPKch
                0x100042a4       0x9c CMakeFiles/PEARL.dir/src/splash_screen.cpp.obj
                0x100042a4                SplashScreen::show_progress(char const*, unsigned char)
 .text._ZL5crc16PKhj
                0x10004340       0x38 CMakeFiles/PEARL.dir/src/config_manager.cpp.obj
 .text._ZN13ConfigManager18calculate_checksumEPK16PersistentConfig
                0x10004378       0x1e CMakeFiles/PEARL.dir/src/config_manager.cpp.obj
                0x10004378                ConfigManager::calculate_checksum(PersistentConfig const*)
 *fill*         0x10004396        0x2 
 .text._ZN13ConfigManager20set_factory_defaultsEv
                0x10004398       0xbc CMakeFiles/PEARL.dir/src/config_manager.cpp.obj
                0x10004398                ConfigManager::set_factory_defaults()
 .text._ZN13ConfigManagerC2Ev
                0x10004454       0x34 CMakeFiles/PEARL.dir/src/config_manager.cpp.obj
                0x10004454                ConfigManager::ConfigManager()
                0x10004454                ConfigManager::ConfigManager()
 .text._Z41__static_initialization_and_destruction_0v
                0x10004488       0x10 CMakeFiles/PEARL.dir/src/config_manager.cpp.obj
 .text._ZN13ConfigManager14write_to_flashEPK16PersistentConfigm
                0x10004498       0x28 CMakeFiles/PEARL.dir/src/config_manager.cpp.obj
                0x10004498                ConfigManager::write_to_flash(PersistentConfig const*, unsigned long)
 .text._ZN13ConfigManager15read_from_flashEP16PersistentConfigm
                0x100044c0       0x14 CMakeFiles/PEARL.dir/src/config_manager.cpp.obj
                0x100044c0                ConfigManager::read_from_flash(PersistentConfig*, unsigned long)
 .text._ZN13ConfigManager17get_backup_offsetEh
                0x100044d4        0x6 CMakeFiles/PEARL.dir/src/config_manager.cpp.obj
                0x100044d4                ConfigManager::get_backup_offset(unsigned char)
 *fill*         0x100044da        0x2 
 .text._ZN13ConfigManager11save_configEv
                0x100044dc       0x94 CMakeFiles/PEARL.dir/src/config_manager.cpp.obj
                0x100044dc                ConfigManager::save_config()
 .text._ZN13ConfigManager16mark_change_timeEv
                0x10004570       0x32 CMakeFiles/PEARL.dir/src/config_manager.cpp.obj
                0x10004570                ConfigManager::mark_change_time()
 .text._ZN13ConfigManager21flush_pending_changesEv
                0x100045a2       0x28 CMakeFiles/PEARL.dir/src/config_manager.cpp.obj
                0x100045a2                ConfigManager::flush_pending_changes()
 .text._ZN13ConfigManager21save_config_to_sectorEm
                0x100045ca       0x6c CMakeFiles/PEARL.dir/src/config_manager.cpp.obj
                0x100045ca                ConfigManager::save_config_to_sector(unsigned long)
 *fill*         0x10004636        0x2 
 .text._ZN13ConfigManager21perform_wear_levelingEv
                0x10004638       0x78 CMakeFiles/PEARL.dir/src/config_manager.cpp.obj
                0x10004638                ConfigManager::perform_wear_leveling()
 .text._ZN13ConfigManager6updateEv
                0x100046b0       0xb0 CMakeFiles/PEARL.dir/src/config_manager.cpp.obj
                0x100046b0                ConfigManager::update()
 .text._ZN13ConfigManager27is_valid_encoder_resolutionEm
                0x10004760       0x14 CMakeFiles/PEARL.dir/src/config_manager.cpp.obj
                0x10004760                ConfigManager::is_valid_encoder_resolution(unsigned long)
 .text._ZN13ConfigManager21is_valid_thread_pitchEf
                0x10004774       0x2c CMakeFiles/PEARL.dir/src/config_manager.cpp.obj
                0x10004774                ConfigManager::is_valid_thread_pitch(float)
 .text._ZN13ConfigManager20is_valid_update_rateEm
                0x100047a0       0x14 CMakeFiles/PEARL.dir/src/config_manager.cpp.obj
                0x100047a0                ConfigManager::is_valid_update_rate(unsigned long)
 .text._ZN13ConfigManager17is_valid_passwordEt
                0x100047b4       0x14 CMakeFiles/PEARL.dir/src/config_manager.cpp.obj
                0x100047b4                ConfigManager::is_valid_password(unsigned short)
 .text._ZN13ConfigManager15validate_configEPK16PersistentConfig
                0x100047c8       0x68 CMakeFiles/PEARL.dir/src/config_manager.cpp.obj
                0x100047c8                ConfigManager::validate_config(PersistentConfig const*)
 .text._ZN13ConfigManager11load_configEv
                0x10004830       0xe8 CMakeFiles/PEARL.dir/src/config_manager.cpp.obj
                0x10004830                ConfigManager::load_config()
 .text._ZN13ConfigManager4initEv
                0x10004918       0xb0 CMakeFiles/PEARL.dir/src/config_manager.cpp.obj
                0x10004918                ConfigManager::init()
 .text._GLOBAL__sub_I_g_config_manager
                0x100049c8        0x8 CMakeFiles/PEARL.dir/src/config_manager.cpp.obj
 .text.gpio_set_function
                0x100049d0       0x34 CMakeFiles/PEARL.dir/C_/Users/woody/.pico-sdk/sdk/2.1.1/src/rp2_common/hardware_gpio/gpio.c.obj
                0x100049d0                gpio_set_function
 .text.gpio_set_pulls
                0x10004a04       0x38 CMakeFiles/PEARL.dir/C_/Users/woody/.pico-sdk/sdk/2.1.1/src/rp2_common/hardware_gpio/gpio.c.obj
                0x10004a04                gpio_set_pulls
 .text.gpio_set_irq_callback
                0x10004a3c       0x48 CMakeFiles/PEARL.dir/C_/Users/woody/.pico-sdk/sdk/2.1.1/src/rp2_common/hardware_gpio/gpio.c.obj
                0x10004a3c                gpio_set_irq_callback
 .text.gpio_acknowledge_irq
                0x10004a84       0x18 CMakeFiles/PEARL.dir/C_/Users/woody/.pico-sdk/sdk/2.1.1/src/rp2_common/hardware_gpio/gpio.c.obj
                0x10004a84                gpio_acknowledge_irq
 .text._gpio_set_irq_enabled
                0x10004a9c       0x38 CMakeFiles/PEARL.dir/C_/Users/woody/.pico-sdk/sdk/2.1.1/src/rp2_common/hardware_gpio/gpio.c.obj
 .text.gpio_set_irq_enabled
                0x10004ad4       0x50 CMakeFiles/PEARL.dir/C_/Users/woody/.pico-sdk/sdk/2.1.1/src/rp2_common/hardware_gpio/gpio.c.obj
                0x10004ad4                gpio_set_irq_enabled
 .text.gpio_set_irq_enabled_with_callback
                0x10004b24       0x28 CMakeFiles/PEARL.dir/C_/Users/woody/.pico-sdk/sdk/2.1.1/src/rp2_common/hardware_gpio/gpio.c.obj
                0x10004b24                gpio_set_irq_enabled_with_callback
 .text.gpio_default_irq_handler
                0x10004b4c       0xa0 CMakeFiles/PEARL.dir/C_/Users/woody/.pico-sdk/sdk/2.1.1/src/rp2_common/hardware_gpio/gpio.c.obj
 .text.gpio_init
                0x10004bec       0x16 CMakeFiles/PEARL.dir/C_/Users/woody/.pico-sdk/sdk/2.1.1/src/rp2_common/hardware_gpio/gpio.c.obj
                0x10004bec                gpio_init
 *fill*         0x10004c02        0x2 
 .text.rp2040_chip_version
                0x10004c04       0x54 CMakeFiles/PEARL.dir/C_/Users/woody/.pico-sdk/sdk/2.1.1/src/rp2040/pico_platform/platform.c.obj
                0x10004c04                rp2040_chip_version
 .text.panic    0x10004c58       0x30 CMakeFiles/PEARL.dir/C_/Users/woody/.pico-sdk/sdk/2.1.1/src/rp2_common/pico_platform_panic/panic.c.obj
                0x10004c58                panic
 .text.hw_claim_lock
                0x10004c88       0x18 CMakeFiles/PEARL.dir/C_/Users/woody/.pico-sdk/sdk/2.1.1/src/common/hardware_claim/claim.c.obj
                0x10004c88                hw_claim_lock
 .text.hw_claim_unlock
                0x10004ca0       0x14 CMakeFiles/PEARL.dir/C_/Users/woody/.pico-sdk/sdk/2.1.1/src/common/hardware_claim/claim.c.obj
                0x10004ca0                hw_claim_unlock
 .text.hw_claim_or_assert
                0x10004cb4       0x32 CMakeFiles/PEARL.dir/C_/Users/woody/.pico-sdk/sdk/2.1.1/src/common/hardware_claim/claim.c.obj
                0x10004cb4                hw_claim_or_assert
 .text.hw_claim_unused_from_range
                0x10004ce6       0x50 CMakeFiles/PEARL.dir/C_/Users/woody/.pico-sdk/sdk/2.1.1/src/common/hardware_claim/claim.c.obj
                0x10004ce6                hw_claim_unused_from_range
 *fill*         0x10004d36        0x2 
 .text.next_striped_spin_lock_num
                0x10004d38       0x1c CMakeFiles/PEARL.dir/C_/Users/woody/.pico-sdk/sdk/2.1.1/src/rp2_common/hardware_sync/sync.c.obj
                0x10004d38                next_striped_spin_lock_num
 .text.spin_lock_claim_unused
                0x10004d54       0x24 CMakeFiles/PEARL.dir/C_/Users/woody/.pico-sdk/sdk/2.1.1/src/rp2_common/hardware_sync/sync.c.obj
                0x10004d54                spin_lock_claim_unused
 .text.spin_locks_reset
                0x10004d78       0x20 CMakeFiles/PEARL.dir/C_/Users/woody/.pico-sdk/sdk/2.1.1/src/rp2_common/hardware_sync_spin_lock/sync_spin_lock.c.obj
                0x10004d78                spin_locks_reset
 .text.set_raw_irq_handler_and_unlock
                0x10004d98       0x28 CMakeFiles/PEARL.dir/C_/Users/woody/.pico-sdk/sdk/2.1.1/src/rp2_common/hardware_irq/irq.c.obj
 .text.nvic_ipr0
                0x10004dc0        0x8 CMakeFiles/PEARL.dir/C_/Users/woody/.pico-sdk/sdk/2.1.1/src/rp2_common/hardware_irq/irq.c.obj
 .text.runtime_init_per_core_irq_priorities
                0x10004dc8       0x1c CMakeFiles/PEARL.dir/C_/Users/woody/.pico-sdk/sdk/2.1.1/src/rp2_common/hardware_irq/irq.c.obj
                0x10004dc8                runtime_init_per_core_irq_priorities
 .text.resolve_j_16
                0x10004de4       0x30 CMakeFiles/PEARL.dir/C_/Users/woody/.pico-sdk/sdk/2.1.1/src/rp2_common/hardware_irq/irq.c.obj
 .text.make_j_16
                0x10004e14       0x48 CMakeFiles/PEARL.dir/C_/Users/woody/.pico-sdk/sdk/2.1.1/src/rp2_common/hardware_irq/irq.c.obj
 .text.insert_bl_32
                0x10004e5c       0x40 CMakeFiles/PEARL.dir/C_/Users/woody/.pico-sdk/sdk/2.1.1/src/rp2_common/hardware_irq/irq.c.obj
 .text.irq_is_enabled
                0x10004e9c       0x18 CMakeFiles/PEARL.dir/C_/Users/woody/.pico-sdk/sdk/2.1.1/src/rp2_common/hardware_irq/irq.c.obj
                0x10004e9c                irq_is_enabled
 .text.irq_set_mask_n_enabled
                0x10004eb4       0x1c CMakeFiles/PEARL.dir/C_/Users/woody/.pico-sdk/sdk/2.1.1/src/rp2_common/hardware_irq/irq.c.obj
                0x10004eb4                irq_set_mask_n_enabled
 .text.irq_set_enabled
                0x10004ed0       0x14 CMakeFiles/PEARL.dir/C_/Users/woody/.pico-sdk/sdk/2.1.1/src/rp2_common/hardware_irq/irq.c.obj
                0x10004ed0                irq_set_enabled
 .text.irq_set_pending
                0x10004ee4       0x10 CMakeFiles/PEARL.dir/C_/Users/woody/.pico-sdk/sdk/2.1.1/src/rp2_common/hardware_irq/irq.c.obj
                0x10004ee4                irq_set_pending
 .text.irq_get_vtable_handler
                0x10004ef4       0x10 CMakeFiles/PEARL.dir/C_/Users/woody/.pico-sdk/sdk/2.1.1/src/rp2_common/hardware_irq/irq.c.obj
                0x10004ef4                irq_get_vtable_handler
 .text.irq_has_handler
                0x10004f04       0x20 CMakeFiles/PEARL.dir/C_/Users/woody/.pico-sdk/sdk/2.1.1/src/rp2_common/hardware_irq/irq.c.obj
                0x10004f04                irq_has_handler
 .text.irq_has_shared_handler
                0x10004f24       0x1c CMakeFiles/PEARL.dir/C_/Users/woody/.pico-sdk/sdk/2.1.1/src/rp2_common/hardware_irq/irq.c.obj
                0x10004f24                irq_has_shared_handler
 .text.irq_set_exclusive_handler
                0x10004f40       0x54 CMakeFiles/PEARL.dir/C_/Users/woody/.pico-sdk/sdk/2.1.1/src/rp2_common/hardware_irq/irq.c.obj
                0x10004f40                irq_set_exclusive_handler
 .text.irq_add_shared_handler
                0x10004f94      0x218 CMakeFiles/PEARL.dir/C_/Users/woody/.pico-sdk/sdk/2.1.1/src/rp2_common/hardware_irq/irq.c.obj
                0x10004f94                irq_add_shared_handler
 .text.irq_remove_handler
                0x100051ac      0x18c CMakeFiles/PEARL.dir/C_/Users/woody/.pico-sdk/sdk/2.1.1/src/rp2_common/hardware_irq/irq.c.obj
                0x100051ac                irq_remove_handler
 .text.irq_add_tail_to_free_list
                0x10005338       0xf0 CMakeFiles/PEARL.dir/C_/Users/woody/.pico-sdk/sdk/2.1.1/src/rp2_common/hardware_irq/irq.c.obj
                0x10005338                irq_add_tail_to_free_list
 .text.user_irq_claim_unused
                0x10005428       0x2c CMakeFiles/PEARL.dir/C_/Users/woody/.pico-sdk/sdk/2.1.1/src/rp2_common/hardware_irq/irq.c.obj
                0x10005428                user_irq_claim_unused
 .text.lock_init
                0x10005454       0x10 CMakeFiles/PEARL.dir/C_/Users/woody/.pico-sdk/sdk/2.1.1/src/common/pico_sync/lock_core.c.obj
                0x10005454                lock_init
 .text.mutex_init
                0x10005464       0x1a CMakeFiles/PEARL.dir/C_/Users/woody/.pico-sdk/sdk/2.1.1/src/common/pico_sync/mutex.c.obj
                0x10005464                mutex_init
 .text.recursive_mutex_init
                0x1000547e       0x1e CMakeFiles/PEARL.dir/C_/Users/woody/.pico-sdk/sdk/2.1.1/src/common/pico_sync/mutex.c.obj
                0x1000547e                recursive_mutex_init
 .text.runtime_init_mutex
                0x1000549c       0x4c CMakeFiles/PEARL.dir/C_/Users/woody/.pico-sdk/sdk/2.1.1/src/common/pico_sync/mutex.c.obj
                0x1000549c                runtime_init_mutex
 .text.critical_section_init_with_lock_num
                0x100054e8       0x14 CMakeFiles/PEARL.dir/C_/Users/woody/.pico-sdk/sdk/2.1.1/src/common/pico_sync/critical_section.c.obj
                0x100054e8                critical_section_init_with_lock_num
 .text.critical_section_init
                0x100054fc       0x14 CMakeFiles/PEARL.dir/C_/Users/woody/.pico-sdk/sdk/2.1.1/src/common/pico_sync/critical_section.c.obj
                0x100054fc                critical_section_init
 .text.ta_set_timeout
                0x10005510       0x24 CMakeFiles/PEARL.dir/C_/Users/woody/.pico-sdk/sdk/2.1.1/src/common/pico_time/time.c.obj
 .text.make_alarm_id
                0x10005534        0x6 CMakeFiles/PEARL.dir/C_/Users/woody/.pico-sdk/sdk/2.1.1/src/common/pico_time/time.c.obj
 *fill*         0x1000553a        0x2 
 .text.sleep_until_callback
                0x1000553c       0x30 CMakeFiles/PEARL.dir/C_/Users/woody/.pico-sdk/sdk/2.1.1/src/common/pico_time/time.c.obj
 .text.alarm_pool_irq_handler
                0x1000556c      0x2f0 CMakeFiles/PEARL.dir/C_/Users/woody/.pico-sdk/sdk/2.1.1/src/common/pico_time/time.c.obj
 .text.ta_enable_irq_handler
                0x1000585c       0x2c CMakeFiles/PEARL.dir/C_/Users/woody/.pico-sdk/sdk/2.1.1/src/common/pico_time/time.c.obj
 .text.alarm_pool_post_alloc_init
                0x10005888       0x78 CMakeFiles/PEARL.dir/C_/Users/woody/.pico-sdk/sdk/2.1.1/src/common/pico_time/time.c.obj
 .text.alarm_pool_get_default
                0x10005900       0x2c CMakeFiles/PEARL.dir/C_/Users/woody/.pico-sdk/sdk/2.1.1/src/common/pico_time/time.c.obj
                0x10005900                alarm_pool_get_default
 .text.alarm_pool_add_alarm_at_force_in_context
                0x1000592c       0xa4 CMakeFiles/PEARL.dir/C_/Users/woody/.pico-sdk/sdk/2.1.1/src/common/pico_time/time.c.obj
                0x1000592c                alarm_pool_add_alarm_at_force_in_context
 .text.alarm_pool_add_alarm_at
                0x100059d0       0x3c CMakeFiles/PEARL.dir/C_/Users/woody/.pico-sdk/sdk/2.1.1/src/common/pico_time/time.c.obj
                0x100059d0                alarm_pool_add_alarm_at
 .text.add_alarm_at
                0x10005a0c       0x2e CMakeFiles/PEARL.dir/C_/Users/woody/.pico-sdk/sdk/2.1.1/src/common/pico_time/time.c.obj
 *fill*         0x10005a3a        0x2 
 .text.alarm_pool_cancel_alarm
                0x10005a3c       0x78 CMakeFiles/PEARL.dir/C_/Users/woody/.pico-sdk/sdk/2.1.1/src/common/pico_time/time.c.obj
                0x10005a3c                alarm_pool_cancel_alarm
 .text.cancel_alarm
                0x10005ab4       0x10 CMakeFiles/PEARL.dir/C_/Users/woody/.pico-sdk/sdk/2.1.1/src/common/pico_time/time.c.obj
 .text.alarm_pool_core_num
                0x10005ac4        0x4 CMakeFiles/PEARL.dir/C_/Users/woody/.pico-sdk/sdk/2.1.1/src/common/pico_time/time.c.obj
                0x10005ac4                alarm_pool_core_num
 .text.sleep_until
                0x10005ac8       0xb0 CMakeFiles/PEARL.dir/C_/Users/woody/.pico-sdk/sdk/2.1.1/src/common/pico_time/time.c.obj
                0x10005ac8                sleep_until
 .text.sleep_us
                0x10005b78       0x24 CMakeFiles/PEARL.dir/C_/Users/woody/.pico-sdk/sdk/2.1.1/src/common/pico_time/time.c.obj
                0x10005b78                sleep_us
 .text.sleep_ms
                0x10005b9c       0x14 CMakeFiles/PEARL.dir/C_/Users/woody/.pico-sdk/sdk/2.1.1/src/common/pico_time/time.c.obj
                0x10005b9c                sleep_ms
 .text.best_effort_wfe_or_timeout
                0x10005bb0      0x11c CMakeFiles/PEARL.dir/C_/Users/woody/.pico-sdk/sdk/2.1.1/src/common/pico_time/time.c.obj
                0x10005bb0                best_effort_wfe_or_timeout
 .text.alarm_pool_get_default_timer
                0x10005ccc        0x8 CMakeFiles/PEARL.dir/C_/Users/woody/.pico-sdk/sdk/2.1.1/src/common/pico_time/time.c.obj
                0x10005ccc                alarm_pool_get_default_timer
 .text.runtime_init_default_alarm_pool
                0x10005cd4       0x38 CMakeFiles/PEARL.dir/C_/Users/woody/.pico-sdk/sdk/2.1.1/src/common/pico_time/time.c.obj
                0x10005cd4                runtime_init_default_alarm_pool
 .text.timer_hardware_alarm_claim
                0x10005d0c       0x14 CMakeFiles/PEARL.dir/C_/Users/woody/.pico-sdk/sdk/2.1.1/src/rp2_common/hardware_timer/timer.c.obj
                0x10005d0c                timer_hardware_alarm_claim
 .text.timer_time_us_64
                0x10005d20       0x10 CMakeFiles/PEARL.dir/C_/Users/woody/.pico-sdk/sdk/2.1.1/src/rp2_common/hardware_timer/timer.c.obj
                0x10005d20                timer_time_us_64
 .text.timer_busy_wait_until
                0x10005d30       0x1a CMakeFiles/PEARL.dir/C_/Users/woody/.pico-sdk/sdk/2.1.1/src/rp2_common/hardware_timer/timer.c.obj
                0x10005d30                timer_busy_wait_until
 .text.timer_busy_wait_us
                0x10005d4a       0x38 CMakeFiles/PEARL.dir/C_/Users/woody/.pico-sdk/sdk/2.1.1/src/rp2_common/hardware_timer/timer.c.obj
                0x10005d4a                timer_busy_wait_us
 *fill*         0x10005d82        0x2 
 .text.time_us_64
                0x10005d84       0x10 CMakeFiles/PEARL.dir/C_/Users/woody/.pico-sdk/sdk/2.1.1/src/rp2_common/hardware_timer/timer.c.obj
                0x10005d84                time_us_64
 .text.busy_wait_us
                0x10005d94       0x14 CMakeFiles/PEARL.dir/C_/Users/woody/.pico-sdk/sdk/2.1.1/src/rp2_common/hardware_timer/timer.c.obj
                0x10005d94                busy_wait_us
 .text.busy_wait_until
                0x10005da8       0x14 CMakeFiles/PEARL.dir/C_/Users/woody/.pico-sdk/sdk/2.1.1/src/rp2_common/hardware_timer/timer.c.obj
                0x10005da8                busy_wait_until
 .text.clock_configure_internal
                0x10005dbc       0xc4 CMakeFiles/PEARL.dir/C_/Users/woody/.pico-sdk/sdk/2.1.1/src/rp2_common/hardware_clocks/clocks.c.obj
 .text.clock_configure_int_divider
                0x10005e80       0x28 CMakeFiles/PEARL.dir/C_/Users/woody/.pico-sdk/sdk/2.1.1/src/rp2_common/hardware_clocks/clocks.c.obj
                0x10005e80                clock_configure_int_divider
 .text.clock_configure_undivided
                0x10005ea8       0x12 CMakeFiles/PEARL.dir/C_/Users/woody/.pico-sdk/sdk/2.1.1/src/rp2_common/hardware_clocks/clocks.c.obj
                0x10005ea8                clock_configure_undivided
 *fill*         0x10005eba        0x2 
 .text.clock_get_hz
                0x10005ebc        0xc CMakeFiles/PEARL.dir/C_/Users/woody/.pico-sdk/sdk/2.1.1/src/rp2_common/hardware_clocks/clocks.c.obj
                0x10005ebc                clock_get_hz
 .text.pll_init
                0x10005ec8      0x124 CMakeFiles/PEARL.dir/C_/Users/woody/.pico-sdk/sdk/2.1.1/src/rp2_common/hardware_pll/pll.c.obj
                0x10005ec8                pll_init
 .text.watchdog_update
                0x10005fec       0x14 CMakeFiles/PEARL.dir/C_/Users/woody/.pico-sdk/sdk/2.1.1/src/rp2_common/hardware_watchdog/watchdog.c.obj
                0x10005fec                watchdog_update
 .text._watchdog_enable
                0x10006000       0x7c CMakeFiles/PEARL.dir/C_/Users/woody/.pico-sdk/sdk/2.1.1/src/rp2_common/hardware_watchdog/watchdog.c.obj
                0x10006000                _watchdog_enable
 .text.watchdog_reboot
                0x1000607c       0x48 CMakeFiles/PEARL.dir/C_/Users/woody/.pico-sdk/sdk/2.1.1/src/rp2_common/hardware_watchdog/watchdog.c.obj
                0x1000607c                watchdog_reboot
 .text.tick_start
                0x100060c4       0x10 CMakeFiles/PEARL.dir/C_/Users/woody/.pico-sdk/sdk/2.1.1/src/rp2_common/hardware_ticks/ticks.c.obj
                0x100060c4                tick_start
 .text.rom_func_lookup
                0x100060d4       0x10 CMakeFiles/PEARL.dir/C_/Users/woody/.pico-sdk/sdk/2.1.1/src/rp2_common/pico_bootrom/bootrom.c.obj
                0x100060d4                rom_func_lookup
 .text.rom_data_lookup
                0x100060e4       0x10 CMakeFiles/PEARL.dir/C_/Users/woody/.pico-sdk/sdk/2.1.1/src/rp2_common/pico_bootrom/bootrom.c.obj
                0x100060e4                rom_data_lookup
 .text.rom_funcs_lookup
                0x100060f4       0x36 CMakeFiles/PEARL.dir/C_/Users/woody/.pico-sdk/sdk/2.1.1/src/rp2_common/pico_bootrom/bootrom.c.obj
                0x100060f4                rom_funcs_lookup
 *fill*         0x1000612a        0x2 
 .text.rom_reset_usb_boot_extra
                0x1000612c       0x24 CMakeFiles/PEARL.dir/C_/Users/woody/.pico-sdk/sdk/2.1.1/src/rp2_common/pico_bootrom/bootrom.c.obj
                0x1000612c                rom_reset_usb_boot_extra
 .text.xosc_init
                0x10006150       0x2c CMakeFiles/PEARL.dir/C_/Users/woody/.pico-sdk/sdk/2.1.1/src/rp2_common/hardware_xosc/xosc.c.obj
                0x10006150                xosc_init
 .text.runtime_run_initializers_from
                0x1000617c       0x18 CMakeFiles/PEARL.dir/C_/Users/woody/.pico-sdk/sdk/2.1.1/src/rp2_common/pico_runtime/runtime.c.obj
 .text.first_per_core_initializer
                0x10006194        0x2 CMakeFiles/PEARL.dir/C_/Users/woody/.pico-sdk/sdk/2.1.1/src/rp2_common/pico_runtime/runtime.c.obj
 *fill*         0x10006196        0x2 
 .text.runtime_run_initializers
                0x10006198       0x10 CMakeFiles/PEARL.dir/C_/Users/woody/.pico-sdk/sdk/2.1.1/src/rp2_common/pico_runtime/runtime.c.obj
                0x10006198                runtime_run_initializers
 .text.runtime_run_per_core_initializers
                0x100061a8       0x10 CMakeFiles/PEARL.dir/C_/Users/woody/.pico-sdk/sdk/2.1.1/src/rp2_common/pico_runtime/runtime.c.obj
                0x100061a8                runtime_run_per_core_initializers
 .text.runtime_init_early_resets
                0x100061b8       0x2c CMakeFiles/PEARL.dir/C_/Users/woody/.pico-sdk/sdk/2.1.1/src/rp2_common/pico_runtime_init/runtime_init.c.obj
                0x100061b8                runtime_init_early_resets
 .text.runtime_init_usb_power_down
                0x100061e4       0x1c CMakeFiles/PEARL.dir/C_/Users/woody/.pico-sdk/sdk/2.1.1/src/rp2_common/pico_runtime_init/runtime_init.c.obj
                0x100061e4                runtime_init_usb_power_down
 .text.runtime_init_post_clock_resets
                0x10006200       0x20 CMakeFiles/PEARL.dir/C_/Users/woody/.pico-sdk/sdk/2.1.1/src/rp2_common/pico_runtime_init/runtime_init.c.obj
                0x10006200                runtime_init_post_clock_resets
 .text.runtime_init_rp2040_gpio_ie_disable
                0x10006220       0x14 CMakeFiles/PEARL.dir/C_/Users/woody/.pico-sdk/sdk/2.1.1/src/rp2_common/pico_runtime_init/runtime_init.c.obj
                0x10006220                runtime_init_rp2040_gpio_ie_disable
 .text.runtime_init_spin_locks_reset
                0x10006234        0x8 CMakeFiles/PEARL.dir/C_/Users/woody/.pico-sdk/sdk/2.1.1/src/rp2_common/pico_runtime_init/runtime_init.c.obj
                0x10006234                runtime_init_spin_locks_reset
 .text.runtime_init_install_ram_vector_table
                0x1000623c       0x1c CMakeFiles/PEARL.dir/C_/Users/woody/.pico-sdk/sdk/2.1.1/src/rp2_common/pico_runtime_init/runtime_init.c.obj
                0x1000623c                runtime_init_install_ram_vector_table
 .text.start_all_ticks
                0x10006258       0x28 CMakeFiles/PEARL.dir/C_/Users/woody/.pico-sdk/sdk/2.1.1/src/rp2_common/pico_runtime_init/runtime_init_clocks.c.obj
 .text.runtime_init_clocks
                0x10006280       0xcc CMakeFiles/PEARL.dir/C_/Users/woody/.pico-sdk/sdk/2.1.1/src/rp2_common/pico_runtime_init/runtime_init_clocks.c.obj
                0x10006280                runtime_init_clocks
 .text          0x1000634c       0x10 CMakeFiles/PEARL.dir/C_/Users/woody/.pico-sdk/sdk/2.1.1/src/rp2_common/pico_bit_ops/bit_ops_aeabi.S.obj
 .text.__wrap___aeabi_idiv
                0x1000635c       0x50 CMakeFiles/PEARL.dir/C_/Users/woody/.pico-sdk/sdk/2.1.1/src/rp2_common/pico_divider/divider_hardware.S.obj
                0x1000635c                __wrap___aeabi_idivmod
                0x1000635c                divmod_s32s32
                0x1000635c                div_s32s32
                0x1000635c                __wrap___aeabi_idiv
                0x10006364                divmod_s32s32_unsafe
                0x10006390                divmod_s32s32_savestate
 .text.__wrap___aeabi_uidiv
                0x100063ac       0x4c CMakeFiles/PEARL.dir/C_/Users/woody/.pico-sdk/sdk/2.1.1/src/rp2_common/pico_divider/divider_hardware.S.obj
                0x100063ac                __wrap___aeabi_uidiv
                0x100063ac                __wrap___aeabi_uidivmod
                0x100063ac                div_u32u32
                0x100063ac                divmod_u32u32
                0x100063b4                divmod_u32u32_unsafe
                0x100063dc                divmod_u32u32_savestate
 .text.__wrap___aeabi_ldiv
                0x100063f8      0x424 CMakeFiles/PEARL.dir/C_/Users/woody/.pico-sdk/sdk/2.1.1/src/rp2_common/pico_divider/divider_hardware.S.obj
                0x100063f8                div_s64s64
                0x100063f8                divmod_s64s64
                0x100063f8                __wrap___aeabi_ldivmod
                0x10006428                divmod_u64u64
                0x10006428                div_u64u64
                0x10006428                __wrap___aeabi_uldivmod
                0x10006438                divmod_u64u64_savestate
                0x10006458                divmod_s64s64_unsafe
                0x100064e0                divmod_u64u64_unsafe
 .text.__wrap___aeabi_darithmetic
                0x1000681c       0x80 CMakeFiles/PEARL.dir/C_/Users/woody/.pico-sdk/sdk/2.1.1/src/rp2_common/pico_double/double_aeabi_rp2040.S.obj
                0x1000681c                __wrap___aeabi_drsub
                0x10006822                __wrap___aeabi_dsub
                0x10006834                __wrap___aeabi_dadd
                0x10006846                __wrap___aeabi_ddiv
                0x10006882                __wrap___aeabi_dmul
 .text.__wrap___aeabi_cdcmple
                0x1000689c       0x6c CMakeFiles/PEARL.dir/C_/Users/woody/.pico-sdk/sdk/2.1.1/src/rp2_common/pico_double/double_aeabi_rp2040.S.obj
                0x1000689c                __wrap___aeabi_cdrcmple
                0x100068ac                __wrap___aeabi_cdcmpeq
                0x100068ac                __wrap___aeabi_cdcmple
 .text.__wrap___aeabi_dcmplt
                0x10006908        0xc CMakeFiles/PEARL.dir/C_/Users/woody/.pico-sdk/sdk/2.1.1/src/rp2_common/pico_double/double_aeabi_rp2040.S.obj
                0x10006908                __wrap___aeabi_dcmplt
 .text.__wrap___aeabi_dcmple
                0x10006914       0x10 CMakeFiles/PEARL.dir/C_/Users/woody/.pico-sdk/sdk/2.1.1/src/rp2_common/pico_double/double_aeabi_rp2040.S.obj
                0x10006914                __wrap___aeabi_dcmple
 .text.__wrap___aeabi_dcmpge
                0x10006924       0x10 CMakeFiles/PEARL.dir/C_/Users/woody/.pico-sdk/sdk/2.1.1/src/rp2_common/pico_double/double_aeabi_rp2040.S.obj
                0x10006924                __wrap___aeabi_dcmpge
 .text.__wrap___aeabi_dcmpgt
                0x10006934        0xa CMakeFiles/PEARL.dir/C_/Users/woody/.pico-sdk/sdk/2.1.1/src/rp2_common/pico_double/double_aeabi_rp2040.S.obj
                0x10006934                __wrap___aeabi_dcmpgt
 .text.__wrap___aeabi_dcmpun
                0x1000693e       0x18 CMakeFiles/PEARL.dir/C_/Users/woody/.pico-sdk/sdk/2.1.1/src/rp2_common/pico_double/double_aeabi_rp2040.S.obj
                0x1000693e                __wrap___aeabi_dcmpun
 *fill*         0x10006956        0x2 
 .text.__wrap___aeabi_i2d
                0x10006958       0x38 CMakeFiles/PEARL.dir/C_/Users/woody/.pico-sdk/sdk/2.1.1/src/rp2_common/pico_double/double_aeabi_rp2040.S.obj
                0x10006958                uint2double
                0x10006958                __wrap___aeabi_ui2d
                0x10006960                int2double
                0x10006960                __wrap___aeabi_i2d
 .text.__wrap___aeabi_d2iz
                0x10006990       0x48 CMakeFiles/PEARL.dir/C_/Users/woody/.pico-sdk/sdk/2.1.1/src/rp2_common/pico_double/double_aeabi_rp2040.S.obj
                0x10006990                double2int_z
                0x10006990                __wrap___aeabi_d2iz
 .text.__wrap___aeabi_d2uiz
                0x100069d8       0x18 CMakeFiles/PEARL.dir/C_/Users/woody/.pico-sdk/sdk/2.1.1/src/rp2_common/pico_double/double_aeabi_rp2040.S.obj
                0x100069d8                double2uint
                0x100069d8                __wrap___aeabi_d2uiz
                0x100069d8                double2uint_z
 .text.__aeabi_double_init
                0x100069f0       0xcc CMakeFiles/PEARL.dir/C_/Users/woody/.pico-sdk/sdk/2.1.1/src/rp2_common/pico_double/double_init_rom_rp2040.c.obj
                0x100069f0                __aeabi_double_init
 .text.double_table_shim_on_use_helper
                0x10006abc       0x34 CMakeFiles/PEARL.dir/C_/Users/woody/.pico-sdk/sdk/2.1.1/src/rp2_common/pico_double/double_v1_rom_shim_rp2040.S.obj
                0x10006abc                double_table_shim_on_use_helper
 .text.__wrap___aeabi_dsub
                0x10006af0       0x10 CMakeFiles/PEARL.dir/C_/Users/woody/.pico-sdk/sdk/2.1.1/src/rp2_common/pico_double/double_v1_rom_shim_rp2040.S.obj
                0x10006af0                drsub_shim
                0x10006af6                dsub_shim
 .text.dadd_shim
                0x10006b00      0x15c CMakeFiles/PEARL.dir/C_/Users/woody/.pico-sdk/sdk/2.1.1/src/rp2_common/pico_double/double_v1_rom_shim_rp2040.S.obj
                0x10006b00                dadd_shim
 .text.dmul_shim
                0x10006c5c      0x15c CMakeFiles/PEARL.dir/C_/Users/woody/.pico-sdk/sdk/2.1.1/src/rp2_common/pico_double/double_v1_rom_shim_rp2040.S.obj
                0x10006c5c                dmul_shim
 .text.ddiv_shim
                0x10006db8      0x1b0 CMakeFiles/PEARL.dir/C_/Users/woody/.pico-sdk/sdk/2.1.1/src/rp2_common/pico_double/double_v1_rom_shim_rp2040.S.obj
                0x10006db8                ddiv_shim
 .text.double2uint_shim
                0x10006f68        0xe CMakeFiles/PEARL.dir/C_/Users/woody/.pico-sdk/sdk/2.1.1/src/rp2_common/pico_double/double_v1_rom_shim_rp2040.S.obj
                0x10006f68                double2uint_shim
                0x10006f6a                double2ufix_shim
 *fill*         0x10006f76        0x2 
 .text.double2uint64_shim
                0x10006f78       0x70 CMakeFiles/PEARL.dir/C_/Users/woody/.pico-sdk/sdk/2.1.1/src/rp2_common/pico_double/double_v1_rom_shim_rp2040.S.obj
                0x10006f78                double2uint64_shim
                0x10006f7a                double2ufix64_shim
                0x10006f9a                d2fix_a
 .text.dunpacks
                0x10006fe8       0x3c CMakeFiles/PEARL.dir/C_/Users/woody/.pico-sdk/sdk/2.1.1/src/rp2_common/pico_double/double_v1_rom_shim_rp2040.S.obj
                0x10006fe8                dunpacks
 .text.__aeabi_lmul
                0x10007024       0x32 CMakeFiles/PEARL.dir/C_/Users/woody/.pico-sdk/sdk/2.1.1/src/rp2_common/pico_int64_ops/pico_int64_ops_aeabi.S.obj
                0x10007024                __wrap___aeabi_lmul
 *fill*         0x10007056        0x2 
 .text.__wrap___aeabi_farithmetic
                0x10007058       0x58 CMakeFiles/PEARL.dir/C_/Users/woody/.pico-sdk/sdk/2.1.1/src/rp2_common/pico_float/float_aeabi_rp2040.S.obj
                0x10007058                __wrap___aeabi_frsub
                0x1000705e                __wrap___aeabi_fsub
                0x10007068                __wrap___aeabi_fadd
                0x10007072                __wrap___aeabi_fdiv
                0x1000709e                __wrap___aeabi_fmul
 .text.__wrap___aeabi_cfcmple
                0x100070b0       0x50 CMakeFiles/PEARL.dir/C_/Users/woody/.pico-sdk/sdk/2.1.1/src/rp2_common/pico_float/float_aeabi_rp2040.S.obj
                0x100070b0                __wrap___aeabi_cfrcmple
                0x100070bc                __wrap___aeabi_cfcmple
                0x100070bc                __wrap___aeabi_cfcmpeq
 .text.__wrap___aeabi_fcmple
                0x10007100       0x10 CMakeFiles/PEARL.dir/C_/Users/woody/.pico-sdk/sdk/2.1.1/src/rp2_common/pico_float/float_aeabi_rp2040.S.obj
                0x10007100                __wrap___aeabi_fcmple
 .text.__wrap___aeabi_fcmpge
                0x10007110       0x10 CMakeFiles/PEARL.dir/C_/Users/woody/.pico-sdk/sdk/2.1.1/src/rp2_common/pico_float/float_aeabi_rp2040.S.obj
                0x10007110                __wrap___aeabi_fcmpge
 .text.__wrap___aeabi_fcmpgt
                0x10007120        0xa CMakeFiles/PEARL.dir/C_/Users/woody/.pico-sdk/sdk/2.1.1/src/rp2_common/pico_float/float_aeabi_rp2040.S.obj
                0x10007120                __wrap___aeabi_fcmpgt
 .text.__wrap___aeabi_ui2f
                0x1000712a        0xa CMakeFiles/PEARL.dir/C_/Users/woody/.pico-sdk/sdk/2.1.1/src/rp2_common/pico_float/float_aeabi_rp2040.S.obj
                0x1000712a                __wrap___aeabi_ui2f
                0x1000712a                uint2float
 .text.__wrap___aeabi_i2f
                0x10007134       0x44 CMakeFiles/PEARL.dir/C_/Users/woody/.pico-sdk/sdk/2.1.1/src/rp2_common/pico_float/float_aeabi_rp2040.S.obj
                0x10007134                __wrap___aeabi_i2f
                0x10007134                int2float
 .text.__wrap___aeabi_f2iz
                0x10007178       0x4e CMakeFiles/PEARL.dir/C_/Users/woody/.pico-sdk/sdk/2.1.1/src/rp2_common/pico_float/float_aeabi_rp2040.S.obj
                0x10007178                float2int_z
                0x10007178                __wrap___aeabi_f2iz
 *fill*         0x100071c6        0x2 
 .text.float2int
                0x100071c8       0x14 CMakeFiles/PEARL.dir/C_/Users/woody/.pico-sdk/sdk/2.1.1/src/rp2_common/pico_float/float_aeabi_rp2040.S.obj
                0x100071c8                float2int
 .text.__wrap___aeabi_f2uiz
                0x100071dc       0x10 CMakeFiles/PEARL.dir/C_/Users/woody/.pico-sdk/sdk/2.1.1/src/rp2_common/pico_float/float_aeabi_rp2040.S.obj
                0x100071dc                float2uint_z
                0x100071dc                __wrap___aeabi_f2uiz
                0x100071dc                float2uint
 .text.__wrap___aeabi_f2d
                0x100071ec       0x14 CMakeFiles/PEARL.dir/C_/Users/woody/.pico-sdk/sdk/2.1.1/src/rp2_common/pico_float/float_aeabi_rp2040.S.obj
                0x100071ec                __wrap___aeabi_f2d
 .text.__aeabi_float_init
                0x10007200       0xfc CMakeFiles/PEARL.dir/C_/Users/woody/.pico-sdk/sdk/2.1.1/src/rp2_common/pico_float/float_init_rom_rp2040.c.obj
                0x10007200                __aeabi_float_init
 .text.float_table_shim_on_use_helper
                0x100072fc       0x34 CMakeFiles/PEARL.dir/C_/Users/woody/.pico-sdk/sdk/2.1.1/src/rp2_common/pico_float/float_v1_rom_shim_rp2040.S.obj
                0x100072fc                float_table_shim_on_use_helper
 .text.float232_shims
                0x10007330       0x18 CMakeFiles/PEARL.dir/C_/Users/woody/.pico-sdk/sdk/2.1.1/src/rp2_common/pico_float/float_v1_rom_shim_rp2040.S.obj
                0x10007330                float2int_shim
                0x10007332                float2fix_shim
 .text.float2double_shim
                0x10007348       0x30 CMakeFiles/PEARL.dir/C_/Users/woody/.pico-sdk/sdk/2.1.1/src/rp2_common/pico_float/float_v1_rom_shim_rp2040.S.obj
                0x10007348                float2double_shim
 .text.check_alloc
                0x10007378       0x20 CMakeFiles/PEARL.dir/C_/Users/woody/.pico-sdk/sdk/2.1.1/src/rp2_common/pico_malloc/malloc.c.obj
 .text.__wrap_malloc
                0x10007398       0x2c CMakeFiles/PEARL.dir/C_/Users/woody/.pico-sdk/sdk/2.1.1/src/rp2_common/pico_malloc/malloc.c.obj
                0x10007398                __wrap_malloc
 .text.__wrap_realloc
                0x100073c4       0x30 CMakeFiles/PEARL.dir/C_/Users/woody/.pico-sdk/sdk/2.1.1/src/rp2_common/pico_malloc/malloc.c.obj
                0x100073c4                __wrap_realloc
 .text.__wrap_free
                0x100073f4       0x20 CMakeFiles/PEARL.dir/C_/Users/woody/.pico-sdk/sdk/2.1.1/src/rp2_common/pico_malloc/malloc.c.obj
                0x100073f4                __wrap_free
 .text          0x10007414       0x10 CMakeFiles/PEARL.dir/C_/Users/woody/.pico-sdk/sdk/2.1.1/src/rp2_common/pico_mem_ops/mem_ops_aeabi.S.obj
                0x10007414                __aeabi_mem_init
 .text.memset   0x10007424        0xc CMakeFiles/PEARL.dir/C_/Users/woody/.pico-sdk/sdk/2.1.1/src/rp2_common/pico_mem_ops/mem_ops_aeabi.S.obj
                0x10007424                __wrap_memset
 .text.memcpy   0x10007430        0xc CMakeFiles/PEARL.dir/C_/Users/woody/.pico-sdk/sdk/2.1.1/src/rp2_common/pico_mem_ops/mem_ops_aeabi.S.obj
                0x10007430                __wrap_memcpy
                0x10007430                __wrap___aeabi_memcpy
 .text._out_buffer
                0x1000743c        0x8 CMakeFiles/PEARL.dir/C_/Users/woody/.pico-sdk/sdk/2.1.1/src/rp2_common/pico_printf/printf.c.obj
 .text._out_null
                0x10007444        0x2 CMakeFiles/PEARL.dir/C_/Users/woody/.pico-sdk/sdk/2.1.1/src/rp2_common/pico_printf/printf.c.obj
 .text._out_fct
                0x10007446        0xe CMakeFiles/PEARL.dir/C_/Users/woody/.pico-sdk/sdk/2.1.1/src/rp2_common/pico_printf/printf.c.obj
 .text._atoi    0x10007454       0x24 CMakeFiles/PEARL.dir/C_/Users/woody/.pico-sdk/sdk/2.1.1/src/rp2_common/pico_printf/printf.c.obj
 .text._out_rev
                0x10007478       0xb0 CMakeFiles/PEARL.dir/C_/Users/woody/.pico-sdk/sdk/2.1.1/src/rp2_common/pico_printf/printf.c.obj
 .text._ntoa_format
                0x10007528      0x10e CMakeFiles/PEARL.dir/C_/Users/woody/.pico-sdk/sdk/2.1.1/src/rp2_common/pico_printf/printf.c.obj
 .text._ntoa_long
                0x10007636       0xbc CMakeFiles/PEARL.dir/C_/Users/woody/.pico-sdk/sdk/2.1.1/src/rp2_common/pico_printf/printf.c.obj
 .text._ntoa_long_long
                0x100076f2      0x10e CMakeFiles/PEARL.dir/C_/Users/woody/.pico-sdk/sdk/2.1.1/src/rp2_common/pico_printf/printf.c.obj
 .text._etoa    0x10007800      0x424 CMakeFiles/PEARL.dir/C_/Users/woody/.pico-sdk/sdk/2.1.1/src/rp2_common/pico_printf/printf.c.obj
 .text._ftoa    0x10007c24      0x348 CMakeFiles/PEARL.dir/C_/Users/woody/.pico-sdk/sdk/2.1.1/src/rp2_common/pico_printf/printf.c.obj
 .text._vsnprintf
                0x10007f6c      0x6a4 CMakeFiles/PEARL.dir/C_/Users/woody/.pico-sdk/sdk/2.1.1/src/rp2_common/pico_printf/printf.c.obj
 .text.__wrap_sprintf
                0x10008610       0x2c CMakeFiles/PEARL.dir/C_/Users/woody/.pico-sdk/sdk/2.1.1/src/rp2_common/pico_printf/printf.c.obj
                0x10008610                __wrap_sprintf
 .text.__wrap_snprintf
                0x1000863c       0x28 CMakeFiles/PEARL.dir/C_/Users/woody/.pico-sdk/sdk/2.1.1/src/rp2_common/pico_printf/printf.c.obj
                0x1000863c                __wrap_snprintf
 .text.vfctprintf
                0x10008664       0x24 CMakeFiles/PEARL.dir/C_/Users/woody/.pico-sdk/sdk/2.1.1/src/rp2_common/pico_printf/printf.c.obj
                0x10008664                vfctprintf
 .text._exit    0x10008688        0x4 CMakeFiles/PEARL.dir/C_/Users/woody/.pico-sdk/sdk/2.1.1/src/rp2_common/pico_clib_interface/newlib_interface.c.obj
                0x10008688                _exit
 .text._sbrk    0x1000868c       0x38 CMakeFiles/PEARL.dir/C_/Users/woody/.pico-sdk/sdk/2.1.1/src/rp2_common/pico_clib_interface/newlib_interface.c.obj
                0x1000868c                _sbrk
 .text._getpid  0x100086c4        0x4 CMakeFiles/PEARL.dir/C_/Users/woody/.pico-sdk/sdk/2.1.1/src/rp2_common/pico_clib_interface/newlib_interface.c.obj
                0x100086c4                _getpid
 .text._kill    0x100086c8        0x6 CMakeFiles/PEARL.dir/C_/Users/woody/.pico-sdk/sdk/2.1.1/src/rp2_common/pico_clib_interface/newlib_interface.c.obj
                0x100086c8                _kill
 *fill*         0x100086ce        0x2 
 .text._read    0x100086d0       0x24 CMakeFiles/PEARL.dir/C_/Users/woody/.pico-sdk/sdk/2.1.1/src/rp2_common/pico_clib_interface/newlib_interface.c.obj
                0x100086d0                _read
 .text._write   0x100086f4       0x22 CMakeFiles/PEARL.dir/C_/Users/woody/.pico-sdk/sdk/2.1.1/src/rp2_common/pico_clib_interface/newlib_interface.c.obj
                0x100086f4                _write
 .text._close   0x10008716        0x6 CMakeFiles/PEARL.dir/C_/Users/woody/.pico-sdk/sdk/2.1.1/src/rp2_common/pico_clib_interface/newlib_interface.c.obj
                0x10008716                _close
 .text._lseek   0x1000871c        0x6 CMakeFiles/PEARL.dir/C_/Users/woody/.pico-sdk/sdk/2.1.1/src/rp2_common/pico_clib_interface/newlib_interface.c.obj
                0x1000871c                _lseek
 .text._fstat   0x10008722        0x6 CMakeFiles/PEARL.dir/C_/Users/woody/.pico-sdk/sdk/2.1.1/src/rp2_common/pico_clib_interface/newlib_interface.c.obj
                0x10008722                _fstat
 .text._isatty  0x10008728        0xc CMakeFiles/PEARL.dir/C_/Users/woody/.pico-sdk/sdk/2.1.1/src/rp2_common/pico_clib_interface/newlib_interface.c.obj
                0x10008728                _isatty
 .text.exit     0x10008734        0x6 CMakeFiles/PEARL.dir/C_/Users/woody/.pico-sdk/sdk/2.1.1/src/rp2_common/pico_clib_interface/newlib_interface.c.obj
                0x10008734                exit
 *fill*         0x1000873a        0x2 
 .text.__assert_func
                0x1000873c       0x38 CMakeFiles/PEARL.dir/C_/Users/woody/.pico-sdk/sdk/2.1.1/src/rp2_common/pico_clib_interface/newlib_interface.c.obj
                0x1000873c                __assert_func
 .text.runtime_init
                0x10008774       0x28 CMakeFiles/PEARL.dir/C_/Users/woody/.pico-sdk/sdk/2.1.1/src/rp2_common/pico_clib_interface/newlib_interface.c.obj
                0x10008774                runtime_init
 .text.stdio_out_chars_no_crlf
                0x1000879c        0xe CMakeFiles/PEARL.dir/C_/Users/woody/.pico-sdk/sdk/2.1.1/src/rp2_common/pico_stdio/stdio.c.obj
 *fill*         0x100087aa        0x2 
 .text.stdio_out_chars_crlf
                0x100087ac       0x80 CMakeFiles/PEARL.dir/C_/Users/woody/.pico-sdk/sdk/2.1.1/src/rp2_common/pico_stdio/stdio.c.obj
 .text.stdio_stack_buffer_flush
                0x1000882c       0x44 CMakeFiles/PEARL.dir/C_/Users/woody/.pico-sdk/sdk/2.1.1/src/rp2_common/pico_stdio/stdio.c.obj
 .text.stdio_buffered_printer
                0x10008870       0x20 CMakeFiles/PEARL.dir/C_/Users/woody/.pico-sdk/sdk/2.1.1/src/rp2_common/pico_stdio/stdio.c.obj
 .text.stdout_serialize_begin
                0x10008890       0x30 CMakeFiles/PEARL.dir/C_/Users/woody/.pico-sdk/sdk/2.1.1/src/rp2_common/pico_stdio/stdio.c.obj
                0x10008890                stdout_serialize_begin
 .text.stdout_serialize_end
                0x100088c0       0x10 CMakeFiles/PEARL.dir/C_/Users/woody/.pico-sdk/sdk/2.1.1/src/rp2_common/pico_stdio/stdio.c.obj
                0x100088c0                stdout_serialize_end
 .text.stdio_put_string
                0x100088d0       0x94 CMakeFiles/PEARL.dir/C_/Users/woody/.pico-sdk/sdk/2.1.1/src/rp2_common/pico_stdio/stdio.c.obj
                0x100088d0                stdio_put_string
 .text.stdio_get_until
                0x10008964       0x74 CMakeFiles/PEARL.dir/C_/Users/woody/.pico-sdk/sdk/2.1.1/src/rp2_common/pico_stdio/stdio.c.obj
                0x10008964                stdio_get_until
 .text.stdio_set_driver_enabled
                0x100089d8       0x30 CMakeFiles/PEARL.dir/C_/Users/woody/.pico-sdk/sdk/2.1.1/src/rp2_common/pico_stdio/stdio.c.obj
                0x100089d8                stdio_set_driver_enabled
 .text.stdio_flush
                0x10008a08       0x20 CMakeFiles/PEARL.dir/C_/Users/woody/.pico-sdk/sdk/2.1.1/src/rp2_common/pico_stdio/stdio.c.obj
                0x10008a08                stdio_flush
 .text.stdio_init_all
                0x10008a28        0x8 CMakeFiles/PEARL.dir/C_/Users/woody/.pico-sdk/sdk/2.1.1/src/rp2_common/pico_stdio/stdio.c.obj
                0x10008a28                stdio_init_all
 .text.stdio_getchar_timeout_us
                0x10008a30       0x54 CMakeFiles/PEARL.dir/C_/Users/woody/.pico-sdk/sdk/2.1.1/src/rp2_common/pico_stdio/stdio.c.obj
                0x10008a30                stdio_getchar_timeout_us
 .text.__wrap_putchar
                0x10008a84       0x1c CMakeFiles/PEARL.dir/C_/Users/woody/.pico-sdk/sdk/2.1.1/src/rp2_common/pico_stdio/stdio.c.obj
                0x10008a84                __wrap_putchar
                0x10008a84                stdio_putchar
 .text.__wrap_puts
                0x10008aa0       0x1e CMakeFiles/PEARL.dir/C_/Users/woody/.pico-sdk/sdk/2.1.1/src/rp2_common/pico_stdio/stdio.c.obj
                0x10008aa0                stdio_puts
                0x10008aa0                __wrap_puts
 *fill*         0x10008abe        0x2 
 .text.__wrap_vprintf
                0x10008ac0       0x40 CMakeFiles/PEARL.dir/C_/Users/woody/.pico-sdk/sdk/2.1.1/src/rp2_common/pico_stdio/stdio.c.obj
                0x10008ac0                stdio_vprintf
                0x10008ac0                __wrap_vprintf
 .text.__wrap_printf
                0x10008b00       0x18 CMakeFiles/PEARL.dir/C_/Users/woody/.pico-sdk/sdk/2.1.1/src/rp2_common/pico_stdio/stdio.c.obj
                0x10008b00                __wrap_printf
                0x10008b00                stdio_printf
 .text.resetd_init
                0x10008b18        0x2 CMakeFiles/PEARL.dir/C_/Users/woody/.pico-sdk/sdk/2.1.1/src/rp2_common/pico_stdio_usb/reset_interface.c.obj
 *fill*         0x10008b1a        0x2 
 .text.resetd_reset
                0x10008b1c        0xc CMakeFiles/PEARL.dir/C_/Users/woody/.pico-sdk/sdk/2.1.1/src/rp2_common/pico_stdio_usb/reset_interface.c.obj
 .text.resetd_open
                0x10008b28       0x34 CMakeFiles/PEARL.dir/C_/Users/woody/.pico-sdk/sdk/2.1.1/src/rp2_common/pico_stdio_usb/reset_interface.c.obj
 .text.resetd_xfer_cb
                0x10008b5c        0x4 CMakeFiles/PEARL.dir/C_/Users/woody/.pico-sdk/sdk/2.1.1/src/rp2_common/pico_stdio_usb/reset_interface.c.obj
 .text.resetd_control_xfer_cb
                0x10008b60       0x60 CMakeFiles/PEARL.dir/C_/Users/woody/.pico-sdk/sdk/2.1.1/src/rp2_common/pico_stdio_usb/reset_interface.c.obj
 .text.tud_descriptor_bos_cb
                0x10008bc0        0x8 CMakeFiles/PEARL.dir/C_/Users/woody/.pico-sdk/sdk/2.1.1/src/rp2_common/pico_stdio_usb/reset_interface.c.obj
                0x10008bc0                tud_descriptor_bos_cb
 .text.tud_vendor_control_xfer_cb
                0x10008bc8       0x38 CMakeFiles/PEARL.dir/C_/Users/woody/.pico-sdk/sdk/2.1.1/src/rp2_common/pico_stdio_usb/reset_interface.c.obj
                0x10008bc8                tud_vendor_control_xfer_cb
 .text.usbd_app_driver_get_cb
                0x10008c00        0xc CMakeFiles/PEARL.dir/C_/Users/woody/.pico-sdk/sdk/2.1.1/src/rp2_common/pico_stdio_usb/reset_interface.c.obj
                0x10008c00                usbd_app_driver_get_cb
 .text.tud_cdc_line_coding_cb
                0x10008c0c       0x2c CMakeFiles/PEARL.dir/C_/Users/woody/.pico-sdk/sdk/2.1.1/src/rp2_common/pico_stdio_usb/reset_interface.c.obj
                0x10008c0c                tud_cdc_line_coding_cb
 .text.stdio_usb_set_chars_available_callback
                0x10008c38       0x14 CMakeFiles/PEARL.dir/C_/Users/woody/.pico-sdk/sdk/2.1.1/src/rp2_common/pico_stdio_usb/stdio_usb.c.obj
                0x10008c38                stdio_usb_set_chars_available_callback
 .text.stdio_usb_out_flush
                0x10008c4c       0x4c CMakeFiles/PEARL.dir/C_/Users/woody/.pico-sdk/sdk/2.1.1/src/rp2_common/pico_stdio_usb/stdio_usb.c.obj
 .text.usb_irq  0x10008c98       0x10 CMakeFiles/PEARL.dir/C_/Users/woody/.pico-sdk/sdk/2.1.1/src/rp2_common/pico_stdio_usb/stdio_usb.c.obj
 .text.critical_section_enter_blocking
                0x10008ca8       0x16 CMakeFiles/PEARL.dir/C_/Users/woody/.pico-sdk/sdk/2.1.1/src/rp2_common/pico_stdio_usb/stdio_usb.c.obj
 *fill*         0x10008cbe        0x2 
 .text.timer_task
                0x10008cc0       0x60 CMakeFiles/PEARL.dir/C_/Users/woody/.pico-sdk/sdk/2.1.1/src/rp2_common/pico_stdio_usb/stdio_usb.c.obj
 .text.alarm_pool_add_alarm_in_us
                0x10008d20       0x40 CMakeFiles/PEARL.dir/C_/Users/woody/.pico-sdk/sdk/2.1.1/src/rp2_common/pico_stdio_usb/stdio_usb.c.obj
 .text.add_alarm_in_us
                0x10008d60       0x2e CMakeFiles/PEARL.dir/C_/Users/woody/.pico-sdk/sdk/2.1.1/src/rp2_common/pico_stdio_usb/stdio_usb.c.obj
 *fill*         0x10008d8e        0x2 
 .text.low_priority_worker_irq
                0x10008d90       0x9c CMakeFiles/PEARL.dir/C_/Users/woody/.pico-sdk/sdk/2.1.1/src/rp2_common/pico_stdio_usb/stdio_usb.c.obj
 .text.stdio_usb_init
                0x10008e2c       0xe0 CMakeFiles/PEARL.dir/C_/Users/woody/.pico-sdk/sdk/2.1.1/src/rp2_common/pico_stdio_usb/stdio_usb.c.obj
                0x10008e2c                stdio_usb_init
 .text.stdio_usb_connected
                0x10008f0c        0xa CMakeFiles/PEARL.dir/C_/Users/woody/.pico-sdk/sdk/2.1.1/src/rp2_common/pico_stdio_usb/stdio_usb.c.obj
                0x10008f0c                stdio_usb_connected
 *fill*         0x10008f16        0x2 
 .text.stdio_usb_in_chars
                0x10008f18       0x98 CMakeFiles/PEARL.dir/C_/Users/woody/.pico-sdk/sdk/2.1.1/src/rp2_common/pico_stdio_usb/stdio_usb.c.obj
                0x10008f18                stdio_usb_in_chars
 .text.stdio_usb_out_chars
                0x10008fb0       0xe8 CMakeFiles/PEARL.dir/C_/Users/woody/.pico-sdk/sdk/2.1.1/src/rp2_common/pico_stdio_usb/stdio_usb.c.obj
 .text.tud_descriptor_device_cb
                0x10009098        0x8 CMakeFiles/PEARL.dir/C_/Users/woody/.pico-sdk/sdk/2.1.1/src/rp2_common/pico_stdio_usb/stdio_usb_descriptors.c.obj
                0x10009098                tud_descriptor_device_cb
 .text.tud_descriptor_configuration_cb
                0x100090a0        0x8 CMakeFiles/PEARL.dir/C_/Users/woody/.pico-sdk/sdk/2.1.1/src/rp2_common/pico_stdio_usb/stdio_usb_descriptors.c.obj
                0x100090a0                tud_descriptor_configuration_cb
 .text.tud_descriptor_string_cb
                0x100090a8       0x6c CMakeFiles/PEARL.dir/C_/Users/woody/.pico-sdk/sdk/2.1.1/src/rp2_common/pico_stdio_usb/stdio_usb_descriptors.c.obj
                0x100090a8                tud_descriptor_string_cb
 .text._retrieve_unique_id_on_boot
                0x10009114       0x10 CMakeFiles/PEARL.dir/C_/Users/woody/.pico-sdk/sdk/2.1.1/src/rp2_common/pico_unique_id/unique_id.c.obj
 .text.pico_get_unique_board_id_string
                0x10009124       0x58 CMakeFiles/PEARL.dir/C_/Users/woody/.pico-sdk/sdk/2.1.1/src/rp2_common/pico_unique_id/unique_id.c.obj
                0x10009124                pico_get_unique_board_id_string
 .text.flash_get_unique_id
                0x1000917c       0x40 CMakeFiles/PEARL.dir/C_/Users/woody/.pico-sdk/sdk/2.1.1/src/rp2_common/hardware_flash/flash.c.obj
                0x1000917c                flash_get_unique_id
 .text.hw_endpoint_init
                0x100091bc       0xc0 CMakeFiles/PEARL.dir/C_/Users/woody/.pico-sdk/sdk/2.1.1/lib/tinyusb/src/portable/raspberrypi/rp2040/dcd_rp2040.c.obj
 .text.hw_endpoint_alloc
                0x1000927c       0x48 CMakeFiles/PEARL.dir/C_/Users/woody/.pico-sdk/sdk/2.1.1/lib/tinyusb/src/portable/raspberrypi/rp2040/dcd_rp2040.c.obj
 .text.hw_endpoint_open
                0x100092c4       0x50 CMakeFiles/PEARL.dir/C_/Users/woody/.pico-sdk/sdk/2.1.1/lib/tinyusb/src/portable/raspberrypi/rp2040/dcd_rp2040.c.obj
 .text.hw_endpoint_xfer
                0x10009314       0x20 CMakeFiles/PEARL.dir/C_/Users/woody/.pico-sdk/sdk/2.1.1/lib/tinyusb/src/portable/raspberrypi/rp2040/dcd_rp2040.c.obj
 .text.dcd_int_enable
                0x10009334       0x2c CMakeFiles/PEARL.dir/C_/Users/woody/.pico-sdk/sdk/2.1.1/lib/tinyusb/src/portable/raspberrypi/rp2040/dcd_rp2040.c.obj
                0x10009334                dcd_int_enable
 .text.dcd_set_address
                0x10009360       0x2c CMakeFiles/PEARL.dir/C_/Users/woody/.pico-sdk/sdk/2.1.1/lib/tinyusb/src/portable/raspberrypi/rp2040/dcd_rp2040.c.obj
                0x10009360                dcd_set_address
 .text.dcd_connect
                0x1000938c       0x10 CMakeFiles/PEARL.dir/C_/Users/woody/.pico-sdk/sdk/2.1.1/lib/tinyusb/src/portable/raspberrypi/rp2040/dcd_rp2040.c.obj
                0x1000938c                dcd_connect
 .text.dcd_init
                0x1000939c       0x80 CMakeFiles/PEARL.dir/C_/Users/woody/.pico-sdk/sdk/2.1.1/lib/tinyusb/src/portable/raspberrypi/rp2040/dcd_rp2040.c.obj
                0x1000939c                dcd_init
 .text.dcd_sof_enable
                0x1000941c       0x1c CMakeFiles/PEARL.dir/C_/Users/woody/.pico-sdk/sdk/2.1.1/lib/tinyusb/src/portable/raspberrypi/rp2040/dcd_rp2040.c.obj
                0x1000941c                dcd_sof_enable
 .text.dcd_edpt0_status_complete
                0x10009438       0x1c CMakeFiles/PEARL.dir/C_/Users/woody/.pico-sdk/sdk/2.1.1/lib/tinyusb/src/portable/raspberrypi/rp2040/dcd_rp2040.c.obj
                0x10009438                dcd_edpt0_status_complete
 .text.dcd_edpt_open
                0x10009454       0x26 CMakeFiles/PEARL.dir/C_/Users/woody/.pico-sdk/sdk/2.1.1/lib/tinyusb/src/portable/raspberrypi/rp2040/dcd_rp2040.c.obj
                0x10009454                dcd_edpt_open
 .text.dcd_edpt_close_all
                0x1000947a        0x8 CMakeFiles/PEARL.dir/C_/Users/woody/.pico-sdk/sdk/2.1.1/lib/tinyusb/src/portable/raspberrypi/rp2040/dcd_rp2040.c.obj
                0x1000947a                dcd_edpt_close_all
 *fill*         0x10009482        0x2 
 .text.dcd_edpt_xfer
                0x10009484       0x30 CMakeFiles/PEARL.dir/C_/Users/woody/.pico-sdk/sdk/2.1.1/lib/tinyusb/src/portable/raspberrypi/rp2040/dcd_rp2040.c.obj
                0x10009484                dcd_edpt_xfer
 .text.dcd_edpt_stall
                0x100094b4       0x3c CMakeFiles/PEARL.dir/C_/Users/woody/.pico-sdk/sdk/2.1.1/lib/tinyusb/src/portable/raspberrypi/rp2040/dcd_rp2040.c.obj
                0x100094b4                dcd_edpt_stall
 .text.dcd_edpt_clear_stall
                0x100094f0       0x30 CMakeFiles/PEARL.dir/C_/Users/woody/.pico-sdk/sdk/2.1.1/lib/tinyusb/src/portable/raspberrypi/rp2040/dcd_rp2040.c.obj
                0x100094f0                dcd_edpt_clear_stall
 .text.unaligned_memcpy
                0x10009520       0x14 CMakeFiles/PEARL.dir/C_/Users/woody/.pico-sdk/sdk/2.1.1/lib/tinyusb/src/portable/raspberrypi/rp2040/rp2040_usb.c.obj
 .text.rp2040_usb_init
                0x10009534       0x44 CMakeFiles/PEARL.dir/C_/Users/woody/.pico-sdk/sdk/2.1.1/lib/tinyusb/src/portable/raspberrypi/rp2040/rp2040_usb.c.obj
                0x10009534                rp2040_usb_init
 .text.hw_endpoint_xfer_start
                0x10009578       0x60 CMakeFiles/PEARL.dir/C_/Users/woody/.pico-sdk/sdk/2.1.1/lib/tinyusb/src/portable/raspberrypi/rp2040/rp2040_usb.c.obj
                0x10009578                hw_endpoint_xfer_start
 .text.configuration_reset
                0x100095d8       0x84 CMakeFiles/PEARL.dir/C_/Users/woody/.pico-sdk/sdk/2.1.1/lib/tinyusb/src/device/usbd.c.obj
 .text.critical_section_enter_blocking
                0x1000965c       0x16 CMakeFiles/PEARL.dir/C_/Users/woody/.pico-sdk/sdk/2.1.1/lib/tinyusb/src/device/usbd.c.obj
 .text.usbd_reset
                0x10009672        0xc CMakeFiles/PEARL.dir/C_/Users/woody/.pico-sdk/sdk/2.1.1/lib/tinyusb/src/device/usbd.c.obj
 .text.invoke_class_control
                0x1000967e       0x1a CMakeFiles/PEARL.dir/C_/Users/woody/.pico-sdk/sdk/2.1.1/lib/tinyusb/src/device/usbd.c.obj
 .text.process_set_config
                0x10009698      0x1b0 CMakeFiles/PEARL.dir/C_/Users/woody/.pico-sdk/sdk/2.1.1/lib/tinyusb/src/device/usbd.c.obj
 .text.tud_event_hook_cb
                0x10009848        0x2 CMakeFiles/PEARL.dir/C_/Users/woody/.pico-sdk/sdk/2.1.1/lib/tinyusb/src/device/usbd.c.obj
                0x10009848                tud_event_hook_cb
 .text.tud_sof_cb
                0x1000984a        0x2 CMakeFiles/PEARL.dir/C_/Users/woody/.pico-sdk/sdk/2.1.1/lib/tinyusb/src/device/usbd.c.obj
                0x1000984a                tud_sof_cb
 .text.tud_descriptor_device_qualifier_cb
                0x1000984c        0x4 CMakeFiles/PEARL.dir/C_/Users/woody/.pico-sdk/sdk/2.1.1/lib/tinyusb/src/device/usbd.c.obj
                0x1000984c                tud_descriptor_device_qualifier_cb
 .text.tud_descriptor_other_speed_configuration_cb
                0x10009850        0x4 CMakeFiles/PEARL.dir/C_/Users/woody/.pico-sdk/sdk/2.1.1/lib/tinyusb/src/device/usbd.c.obj
                0x10009850                tud_descriptor_other_speed_configuration_cb
 .text.process_get_descriptor
                0x10009854       0xe0 CMakeFiles/PEARL.dir/C_/Users/woody/.pico-sdk/sdk/2.1.1/lib/tinyusb/src/device/usbd.c.obj
 .text.tud_mount_cb
                0x10009934        0x2 CMakeFiles/PEARL.dir/C_/Users/woody/.pico-sdk/sdk/2.1.1/lib/tinyusb/src/device/usbd.c.obj
                0x10009934                tud_mount_cb
 .text.tud_umount_cb
                0x10009936        0x2 CMakeFiles/PEARL.dir/C_/Users/woody/.pico-sdk/sdk/2.1.1/lib/tinyusb/src/device/usbd.c.obj
                0x10009936                tud_umount_cb
 .text.tud_suspend_cb
                0x10009938        0x2 CMakeFiles/PEARL.dir/C_/Users/woody/.pico-sdk/sdk/2.1.1/lib/tinyusb/src/device/usbd.c.obj
                0x10009938                tud_suspend_cb
 .text.tud_resume_cb
                0x1000993a        0x2 CMakeFiles/PEARL.dir/C_/Users/woody/.pico-sdk/sdk/2.1.1/lib/tinyusb/src/device/usbd.c.obj
                0x1000993a                tud_resume_cb
 .text.tud_mounted
                0x1000993c       0x10 CMakeFiles/PEARL.dir/C_/Users/woody/.pico-sdk/sdk/2.1.1/lib/tinyusb/src/device/usbd.c.obj
                0x1000993c                tud_mounted
 .text.tud_suspended
                0x1000994c       0x10 CMakeFiles/PEARL.dir/C_/Users/woody/.pico-sdk/sdk/2.1.1/lib/tinyusb/src/device/usbd.c.obj
                0x1000994c                tud_suspended
 .text.tud_inited
                0x1000995c       0x14 CMakeFiles/PEARL.dir/C_/Users/woody/.pico-sdk/sdk/2.1.1/lib/tinyusb/src/device/usbd.c.obj
                0x1000995c                tud_inited
 .text.tud_rhport_init
                0x10009970      0x100 CMakeFiles/PEARL.dir/C_/Users/woody/.pico-sdk/sdk/2.1.1/lib/tinyusb/src/device/usbd.c.obj
                0x10009970                tud_rhport_init
 .text.usbd_edpt_open
                0x10009a70       0x60 CMakeFiles/PEARL.dir/C_/Users/woody/.pico-sdk/sdk/2.1.1/lib/tinyusb/src/device/usbd.c.obj
                0x10009a70                usbd_edpt_open
 .text.usbd_open_edpt_pair
                0x10009ad0       0x88 CMakeFiles/PEARL.dir/C_/Users/woody/.pico-sdk/sdk/2.1.1/lib/tinyusb/src/device/usbd.c.obj
                0x10009ad0                usbd_open_edpt_pair
 .text.usbd_edpt_claim
                0x10009b58       0x28 CMakeFiles/PEARL.dir/C_/Users/woody/.pico-sdk/sdk/2.1.1/lib/tinyusb/src/device/usbd.c.obj
                0x10009b58                usbd_edpt_claim
 .text.usbd_edpt_release
                0x10009b80       0x28 CMakeFiles/PEARL.dir/C_/Users/woody/.pico-sdk/sdk/2.1.1/lib/tinyusb/src/device/usbd.c.obj
                0x10009b80                usbd_edpt_release
 .text.usbd_edpt_xfer
                0x10009ba8       0x88 CMakeFiles/PEARL.dir/C_/Users/woody/.pico-sdk/sdk/2.1.1/lib/tinyusb/src/device/usbd.c.obj
                0x10009ba8                usbd_edpt_xfer
 .text.usbd_edpt_stall
                0x10009c30       0x34 CMakeFiles/PEARL.dir/C_/Users/woody/.pico-sdk/sdk/2.1.1/lib/tinyusb/src/device/usbd.c.obj
                0x10009c30                usbd_edpt_stall
 .text.usbd_edpt_clear_stall
                0x10009c64       0x34 CMakeFiles/PEARL.dir/C_/Users/woody/.pico-sdk/sdk/2.1.1/lib/tinyusb/src/device/usbd.c.obj
                0x10009c64                usbd_edpt_clear_stall
 .text.usbd_edpt_stalled
                0x10009c98       0x1c CMakeFiles/PEARL.dir/C_/Users/woody/.pico-sdk/sdk/2.1.1/lib/tinyusb/src/device/usbd.c.obj
                0x10009c98                usbd_edpt_stalled
 .text.process_control_request
                0x10009cb4      0x384 CMakeFiles/PEARL.dir/C_/Users/woody/.pico-sdk/sdk/2.1.1/lib/tinyusb/src/device/usbd.c.obj
 .text.tud_task_ext
                0x1000a038      0x1c4 CMakeFiles/PEARL.dir/C_/Users/woody/.pico-sdk/sdk/2.1.1/lib/tinyusb/src/device/usbd.c.obj
                0x1000a038                tud_task_ext
 .text.status_stage_xact
                0x1000a1fc       0x1a CMakeFiles/PEARL.dir/C_/Users/woody/.pico-sdk/sdk/2.1.1/lib/tinyusb/src/device/usbd_control.c.obj
 *fill*         0x1000a216        0x2 
 .text.data_stage_xact
                0x1000a218       0x60 CMakeFiles/PEARL.dir/C_/Users/woody/.pico-sdk/sdk/2.1.1/lib/tinyusb/src/device/usbd_control.c.obj
 .text.tud_control_status
                0x1000a278       0x28 CMakeFiles/PEARL.dir/C_/Users/woody/.pico-sdk/sdk/2.1.1/lib/tinyusb/src/device/usbd_control.c.obj
                0x1000a278                tud_control_status
 .text.tud_control_xfer
                0x1000a2a0       0x98 CMakeFiles/PEARL.dir/C_/Users/woody/.pico-sdk/sdk/2.1.1/lib/tinyusb/src/device/usbd_control.c.obj
                0x1000a2a0                tud_control_xfer
 .text.usbd_control_reset
                0x1000a338       0x14 CMakeFiles/PEARL.dir/C_/Users/woody/.pico-sdk/sdk/2.1.1/lib/tinyusb/src/device/usbd_control.c.obj
                0x1000a338                usbd_control_reset
 .text.usbd_control_set_complete_callback
                0x1000a34c        0xc CMakeFiles/PEARL.dir/C_/Users/woody/.pico-sdk/sdk/2.1.1/lib/tinyusb/src/device/usbd_control.c.obj
                0x1000a34c                usbd_control_set_complete_callback
 .text.usbd_control_set_request
                0x1000a358       0x1c CMakeFiles/PEARL.dir/C_/Users/woody/.pico-sdk/sdk/2.1.1/lib/tinyusb/src/device/usbd_control.c.obj
                0x1000a358                usbd_control_set_request
 .text.usbd_control_xfer_cb
                0x1000a374       0xe0 CMakeFiles/PEARL.dir/C_/Users/woody/.pico-sdk/sdk/2.1.1/lib/tinyusb/src/device/usbd_control.c.obj
                0x1000a374                usbd_control_xfer_cb
 .text._prep_out_transaction
                0x1000a454       0x94 CMakeFiles/PEARL.dir/C_/Users/woody/.pico-sdk/sdk/2.1.1/lib/tinyusb/src/class/cdc/cdc_device.c.obj
 .text.tud_cdc_n_connected
                0x1000a4e8       0x38 CMakeFiles/PEARL.dir/C_/Users/woody/.pico-sdk/sdk/2.1.1/lib/tinyusb/src/class/cdc/cdc_device.c.obj
                0x1000a4e8                tud_cdc_n_connected
 .text.tud_cdc_n_available
                0x1000a520       0x18 CMakeFiles/PEARL.dir/C_/Users/woody/.pico-sdk/sdk/2.1.1/lib/tinyusb/src/class/cdc/cdc_device.c.obj
                0x1000a520                tud_cdc_n_available
 .text.tud_cdc_n_read
                0x1000a538       0x38 CMakeFiles/PEARL.dir/C_/Users/woody/.pico-sdk/sdk/2.1.1/lib/tinyusb/src/class/cdc/cdc_device.c.obj
                0x1000a538                tud_cdc_n_read